Java HotSpot(TM) 64-Bit Server VM (25.121-b13) for bsd-amd64 JRE (1.8.0_121-b13), built on Dec 12 2016 20:39:32 by "java_re" with gcc 4.2.1 (Based on Apple Inc. build 5658) (LLVM build 2336.11.00)
Memory: 4k page, physical 16777216k(1370788k free)

/proc/meminfo:

CommandLine flags: -XX:CMSInitiatingOccupancyFraction=50 -XX:CMSMaxAbortablePrecleanTime=6000 -XX:+CMSParallelRemarkEnabled -XX:+CMSScavengeBeforeRemark -XX:ConcGCThreads=4 -XX:GCLogFileSize=20971520 -XX:InitialHeapSize=536870912 -XX:MaxHeapSize=536870912 -XX:MaxTenuringThreshold=8 -XX:NewRatio=3 -XX:NumberOfGCLogFiles=9 -XX:OldPLABSize=16 -XX:-OmitStackTraceInFastThrow -XX:OnOutOfMemoryError=/Users/Philip/solr-7.5.0/bin/oom_solr.sh 8983 /Users/Philip/solr-7.5.0/server/logs -XX:ParallelGCThreads=4 -XX:+ParallelRefProcEnabled -XX:PretenureSizeThreshold=67108864 -XX:+PrintGC -XX:+PrintGCApplicationStoppedTime -XX:+PrintGCDateStamps -XX:+PrintGCDetails -XX:+PrintGCTimeStamps -XX:+PrintHeapAtGC -XX:+PrintTenuringDistribution -XX:SurvivorRatio=4 -XX:TargetSurvivorRatio=90 -XX:ThreadStackSize=256 -XX:+UseCMSInitiatingOccupancyOnly -XX:+UseCompressedClassPointers -XX:+UseCompressedOops -XX:+UseConcMarkSweepGC -XX:+UseGCLogFileRotation -XX:+UseParNewGC 
2018-12-06T14:09:38.772-0100: 0.125: Total time for which application threads were stopped: 0.0000759 seconds, Stopping threads took: 0.0000105 seconds
2018-12-06T14:09:38.786-0100: 0.138: Total time for which application threads were stopped: 0.0000833 seconds, Stopping threads took: 0.0000212 seconds
2018-12-06T14:09:38.900-0100: 0.253: Total time for which application threads were stopped: 0.0001214 seconds, Stopping threads took: 0.0000202 seconds
2018-12-06T14:09:38.909-0100: 0.262: Total time for which application threads were stopped: 0.0001063 seconds, Stopping threads took: 0.0000116 seconds
2018-12-06T14:09:39.006-0100: 0.358: Total time for which application threads were stopped: 0.0001504 seconds, Stopping threads took: 0.0000218 seconds
2018-12-06T14:09:39.137-0100: 0.490: Total time for which application threads were stopped: 0.0001951 seconds, Stopping threads took: 0.0000136 seconds
2018-12-06T14:09:39.331-0100: 0.683: Total time for which application threads were stopped: 0.0002370 seconds, Stopping threads took: 0.0000115 seconds
2018-12-06T14:09:39.448-0100: 0.801: Total time for which application threads were stopped: 0.0001860 seconds, Stopping threads took: 0.0000104 seconds
2018-12-06T14:09:39.453-0100: 0.806: Total time for which application threads were stopped: 0.0001186 seconds, Stopping threads took: 0.0000079 seconds
2018-12-06T14:09:39.499-0100: 0.852: Total time for which application threads were stopped: 0.0001891 seconds, Stopping threads took: 0.0000129 seconds
2018-12-06T14:09:39.510-0100: 0.863: Total time for which application threads were stopped: 0.0002161 seconds, Stopping threads took: 0.0000157 seconds
2018-12-06T14:09:39.670-0100: 1.023: Total time for which application threads were stopped: 0.0002265 seconds, Stopping threads took: 0.0000141 seconds
{Heap before GC invocations=0 (full 0):
 par new generation   total 109248K, used 87424K [0x00000007a0000000, 0x00000007a8000000, 0x00000007a8000000)
  eden space 87424K, 100% used [0x00000007a0000000, 0x00000007a5560000, 0x00000007a5560000)
  from space 21824K,   0% used [0x00000007a5560000, 0x00000007a5560000, 0x00000007a6ab0000)
  to   space 21824K,   0% used [0x00000007a6ab0000, 0x00000007a6ab0000, 0x00000007a8000000)
 concurrent mark-sweep generation total 393216K, used 0K [0x00000007a8000000, 0x00000007c0000000, 0x00000007c0000000)
 Metaspace       used 17707K, capacity 18012K, committed 18432K, reserved 1064960K
  class space    used 2136K, capacity 2245K, committed 2304K, reserved 1048576K
2018-12-06T14:09:39.680-0100: 1.033: [GC (Allocation Failure) 2018-12-06T14:09:39.680-0100: 1.033: [ParNew
Desired survivor size 20112992 bytes, new threshold 8 (max 8)
- age   1:   11037936 bytes,   11037936 total
: 87424K->10890K(109248K), 0.0098807 secs] 87424K->10890K(502464K), 0.0099695 secs] [Times: user=0.02 sys=0.01, real=0.01 secs] 
Heap after GC invocations=1 (full 0):
 par new generation   total 109248K, used 10890K [0x00000007a0000000, 0x00000007a8000000, 0x00000007a8000000)
  eden space 87424K,   0% used [0x00000007a0000000, 0x00000007a0000000, 0x00000007a5560000)
  from space 21824K,  49% used [0x00000007a6ab0000, 0x00000007a75529a0, 0x00000007a8000000)
  to   space 21824K,   0% used [0x00000007a5560000, 0x00000007a5560000, 0x00000007a6ab0000)
 concurrent mark-sweep generation total 393216K, used 0K [0x00000007a8000000, 0x00000007c0000000, 0x00000007c0000000)
 Metaspace       used 17707K, capacity 18012K, committed 18432K, reserved 1064960K
  class space    used 2136K, capacity 2245K, committed 2304K, reserved 1048576K
}
2018-12-06T14:09:39.690-0100: 1.043: Total time for which application threads were stopped: 0.0101522 seconds, Stopping threads took: 0.0000310 seconds
2018-12-06T14:09:39.831-0100: 1.184: Total time for which application threads were stopped: 0.0001293 seconds, Stopping threads took: 0.0000241 seconds
2018-12-06T14:09:39.856-0100: 1.208: Total time for which application threads were stopped: 0.0000740 seconds, Stopping threads took: 0.0000153 seconds
2018-12-06T14:09:39.978-0100: 1.331: Total time for which application threads were stopped: 0.0003008 seconds, Stopping threads took: 0.0000174 seconds
2018-12-06T14:09:39.982-0100: 1.335: Total time for which application threads were stopped: 0.0000642 seconds, Stopping threads took: 0.0000140 seconds
2018-12-06T14:09:39.983-0100: 1.336: Total time for which application threads were stopped: 0.0002178 seconds, Stopping threads took: 0.0000077 seconds
2018-12-06T14:09:39.984-0100: 1.337: Total time for which application threads were stopped: 0.0001266 seconds, Stopping threads took: 0.0000069 seconds
2018-12-06T14:09:40.021-0100: 1.373: Total time for which application threads were stopped: 0.0000680 seconds, Stopping threads took: 0.0000145 seconds
2018-12-06T14:09:40.025-0100: 1.377: Total time for which application threads were stopped: 0.0002552 seconds, Stopping threads took: 0.0000120 seconds
2018-12-06T14:09:40.027-0100: 1.380: Total time for which application threads were stopped: 0.0000455 seconds, Stopping threads took: 0.0000083 seconds
2018-12-06T14:09:40.031-0100: 1.383: Total time for which application threads were stopped: 0.0001754 seconds, Stopping threads took: 0.0000073 seconds
2018-12-06T14:09:40.046-0100: 1.399: Total time for which application threads were stopped: 0.0001022 seconds, Stopping threads took: 0.0000156 seconds
2018-12-06T14:09:40.060-0100: 1.412: Total time for which application threads were stopped: 0.0000844 seconds, Stopping threads took: 0.0000244 seconds
2018-12-06T14:09:40.073-0100: 1.426: Total time for which application threads were stopped: 0.0002884 seconds, Stopping threads took: 0.0000150 seconds
2018-12-06T14:09:40.096-0100: 1.449: Total time for which application threads were stopped: 0.0000846 seconds, Stopping threads took: 0.0000158 seconds
2018-12-06T14:09:40.152-0100: 1.505: Total time for which application threads were stopped: 0.0001019 seconds, Stopping threads took: 0.0000177 seconds
2018-12-06T14:09:40.175-0100: 1.528: Total time for which application threads were stopped: 0.0000785 seconds, Stopping threads took: 0.0000246 seconds
2018-12-06T14:09:40.202-0100: 1.554: Total time for which application threads were stopped: 0.0000895 seconds, Stopping threads took: 0.0000249 seconds
2018-12-06T14:09:40.227-0100: 1.579: Total time for which application threads were stopped: 0.0001151 seconds, Stopping threads took: 0.0000258 seconds
2018-12-06T14:09:40.247-0100: 1.600: Total time for which application threads were stopped: 0.0003108 seconds, Stopping threads took: 0.0000250 seconds
2018-12-06T14:09:40.256-0100: 1.609: Total time for which application threads were stopped: 0.0000779 seconds, Stopping threads took: 0.0000169 seconds
2018-12-06T14:09:40.297-0100: 1.650: Total time for which application threads were stopped: 0.0000957 seconds, Stopping threads took: 0.0000234 seconds
{Heap before GC invocations=1 (full 0):
 par new generation   total 109248K, used 98314K [0x00000007a0000000, 0x00000007a8000000, 0x00000007a8000000)
  eden space 87424K, 100% used [0x00000007a0000000, 0x00000007a5560000, 0x00000007a5560000)
  from space 21824K,  49% used [0x00000007a6ab0000, 0x00000007a75529a0, 0x00000007a8000000)
  to   space 21824K,   0% used [0x00000007a5560000, 0x00000007a5560000, 0x00000007a6ab0000)
 concurrent mark-sweep generation total 393216K, used 0K [0x00000007a8000000, 0x00000007c0000000, 0x00000007c0000000)
 Metaspace       used 25088K, capacity 25610K, committed 25944K, reserved 1073152K
  class space    used 3031K, capacity 3225K, committed 3348K, reserved 1048576K
2018-12-06T14:09:40.310-0100: 1.663: [GC (Allocation Failure) 2018-12-06T14:09:40.311-0100: 1.663: [ParNew
Desired survivor size 20112992 bytes, new threshold 8 (max 8)
- age   1:    6924624 bytes,    6924624 total
- age   2:    4972880 bytes,   11897504 total
: 98314K->14886K(109248K), 0.0108206 secs] 98314K->14886K(502464K), 0.0108786 secs] [Times: user=0.03 sys=0.00, real=0.01 secs] 
Heap after GC invocations=2 (full 0):
 par new generation   total 109248K, used 14886K [0x00000007a0000000, 0x00000007a8000000, 0x00000007a8000000)
  eden space 87424K,   0% used [0x00000007a0000000, 0x00000007a0000000, 0x00000007a5560000)
  from space 21824K,  68% used [0x00000007a5560000, 0x00000007a63e9920, 0x00000007a6ab0000)
  to   space 21824K,   0% used [0x00000007a6ab0000, 0x00000007a6ab0000, 0x00000007a8000000)
 concurrent mark-sweep generation total 393216K, used 0K [0x00000007a8000000, 0x00000007c0000000, 0x00000007c0000000)
 Metaspace       used 25088K, capacity 25610K, committed 25944K, reserved 1073152K
  class space    used 3031K, capacity 3225K, committed 3348K, reserved 1048576K
}
2018-12-06T14:09:40.321-0100: 1.674: Total time for which application threads were stopped: 0.0110540 seconds, Stopping threads took: 0.0000154 seconds
2018-12-06T14:09:40.322-0100: 1.674: [GC (CMS Initial Mark) [1 CMS-initial-mark: 0K(393216K)] 16566K(502464K), 0.0018210 secs] [Times: user=0.01 sys=0.00, real=0.00 secs] 
2018-12-06T14:09:40.323-0100: 1.676: Total time for which application threads were stopped: 0.0019582 seconds, Stopping threads took: 0.0000364 seconds
2018-12-06T14:09:40.324-0100: 1.676: [CMS-concurrent-mark-start]
2018-12-06T14:09:40.324-0100: 1.676: [CMS-concurrent-mark: 0.000/0.000 secs] [Times: user=0.00 sys=0.00, real=0.00 secs] 
2018-12-06T14:09:40.324-0100: 1.676: [CMS-concurrent-preclean-start]
2018-12-06T14:09:40.324-0100: 1.677: [CMS-concurrent-preclean: 0.001/0.001 secs] [Times: user=0.00 sys=0.00, real=0.00 secs] 
2018-12-06T14:09:40.324-0100: 1.677: [CMS-concurrent-abortable-preclean-start]
2018-12-06T14:09:40.327-0100: 1.679: Total time for which application threads were stopped: 0.0000641 seconds, Stopping threads took: 0.0000096 seconds
2018-12-06T14:09:40.354-0100: 1.706: Total time for which application threads were stopped: 0.0000917 seconds, Stopping threads took: 0.0000175 seconds
2018-12-06T14:09:40.406-0100: 1.759: Total time for which application threads were stopped: 0.0000857 seconds, Stopping threads took: 0.0000154 seconds
2018-12-06T14:09:40.442-0100: 1.794: Total time for which application threads were stopped: 0.0000747 seconds, Stopping threads took: 0.0000156 seconds
2018-12-06T14:09:40.472-0100: 1.824: Total time for which application threads were stopped: 0.0000990 seconds, Stopping threads took: 0.0000254 seconds
2018-12-06T14:09:41.475-0100: 2.828: Total time for which application threads were stopped: 0.0001375 seconds, Stopping threads took: 0.0000359 seconds
2018-12-06T14:09:42.752-0100: 4.104: Total time for which application threads were stopped: 0.0003310 seconds, Stopping threads took: 0.0000338 seconds
2018-12-06T14:09:43.311-0100: 4.664: Total time for which application threads were stopped: 0.0000871 seconds, Stopping threads took: 0.0000259 seconds
2018-12-06T14:09:43.312-0100: 4.665: Total time for which application threads were stopped: 0.0000479 seconds, Stopping threads took: 0.0000215 seconds
2018-12-06T14:09:43.318-0100: 4.671: Total time for which application threads were stopped: 0.0000644 seconds, Stopping threads took: 0.0000150 seconds
2018-12-06T14:09:43.331-0100: 4.684: Total time for which application threads were stopped: 0.0003607 seconds, Stopping threads took: 0.0000177 seconds
2018-12-06T14:09:43.335-0100: 4.688: Total time for which application threads were stopped: 0.0000743 seconds, Stopping threads took: 0.0000146 seconds
2018-12-06T14:09:43.357-0100: 4.710: Total time for which application threads were stopped: 0.0000913 seconds, Stopping threads took: 0.0000202 seconds
2018-12-06T14:09:43.383-0100: 4.736: Total time for which application threads were stopped: 0.0000608 seconds, Stopping threads took: 0.0000107 seconds
2018-12-06T14:09:43.472-0100: 4.824: Total time for which application threads were stopped: 0.0000998 seconds, Stopping threads took: 0.0000221 seconds
2018-12-06T14:09:43.473-0100: 4.826: Total time for which application threads were stopped: 0.0001048 seconds, Stopping threads took: 0.0000360 seconds
2018-12-06T14:09:43.474-0100: 4.826: Total time for which application threads were stopped: 0.0001037 seconds, Stopping threads took: 0.0000400 seconds
2018-12-06T14:09:43.474-0100: 4.827: Total time for which application threads were stopped: 0.0000853 seconds, Stopping threads took: 0.0000482 seconds
2018-12-06T14:09:43.474-0100: 4.827: [CMS-concurrent-abortable-preclean: 0.985/3.150 secs] [Times: user=1.52 sys=0.04, real=3.15 secs] 
2018-12-06T14:09:43.475-0100: 4.827: [GC (CMS Final Remark) [YG occupancy: 63759 K (109248 K)]{Heap before GC invocations=2 (full 1):
 par new generation   total 109248K, used 63759K [0x00000007a0000000, 0x00000007a8000000, 0x00000007a8000000)
  eden space 87424K,  55% used [0x00000007a0000000, 0x00000007a2fba6b8, 0x00000007a5560000)
  from space 21824K,  68% used [0x00000007a5560000, 0x00000007a63e9920, 0x00000007a6ab0000)
  to   space 21824K,   0% used [0x00000007a6ab0000, 0x00000007a6ab0000, 0x00000007a8000000)
 concurrent mark-sweep generation total 393216K, used 0K [0x00000007a8000000, 0x00000007c0000000, 0x00000007c0000000)
 Metaspace       used 27823K, capacity 28573K, committed 28856K, reserved 1075200K
  class space    used 3420K, capacity 3671K, committed 3680K, reserved 1048576K
2018-12-06T14:09:43.475-0100: 4.827: [GC (CMS Final Remark) 2018-12-06T14:09:43.475-0100: 4.827: [ParNew
Desired survivor size 20112992 bytes, new threshold 8 (max 8)
- age   1:    2747064 bytes,    2747064 total
- age   2:    2947184 bytes,    5694248 total
- age   3:    4852472 bytes,   10546720 total
: 63759K->15550K(109248K), 0.0100633 secs] 63759K->15550K(502464K), 0.0101095 secs] [Times: user=0.04 sys=0.00, real=0.01 secs] 
Heap after GC invocations=3 (full 1):
 par new generation   total 109248K, used 15550K [0x00000007a0000000, 0x00000007a8000000, 0x00000007a8000000)
  eden space 87424K,   0% used [0x00000007a0000000, 0x00000007a0000000, 0x00000007a5560000)
  from space 21824K,  71% used [0x00000007a6ab0000, 0x00000007a79df8b0, 0x00000007a8000000)
  to   space 21824K,   0% used [0x00000007a5560000, 0x00000007a5560000, 0x00000007a6ab0000)
 concurrent mark-sweep generation total 393216K, used 0K [0x00000007a8000000, 0x00000007c0000000, 0x00000007c0000000)
 Metaspace       used 27823K, capacity 28573K, committed 28856K, reserved 1075200K
  class space    used 3420K, capacity 3671K, committed 3680K, reserved 1048576K
}
2018-12-06T14:09:43.485-0100: 4.837: [Rescan (parallel) , 0.0021513 secs]2018-12-06T14:09:43.487-0100: 4.840: [weak refs processing, 0.0007445 secs]2018-12-06T14:09:43.488-0100: 4.840: [class unloading, 0.0035798 secs]2018-12-06T14:09:43.491-0100: 4.844: [scrub symbol table, 0.0039669 secs]2018-12-06T14:09:43.495-0100: 4.848: [scrub string table, 0.0003045 secs][1 CMS-remark: 0K(393216K)] 15550K(502464K), 0.0216186 secs] [Times: user=0.07 sys=0.01, real=0.02 secs] 
2018-12-06T14:09:43.496-0100: 4.849: Total time for which application threads were stopped: 0.0217300 seconds, Stopping threads took: 0.0000461 seconds
2018-12-06T14:09:43.496-0100: 4.849: [CMS-concurrent-sweep-start]
2018-12-06T14:09:43.496-0100: 4.849: [CMS-concurrent-sweep: 0.000/0.000 secs] [Times: user=0.00 sys=0.00, real=0.00 secs] 
2018-12-06T14:09:43.496-0100: 4.849: [CMS-concurrent-reset-start]
2018-12-06T14:09:43.501-0100: 4.854: [CMS-concurrent-reset: 0.005/0.005 secs] [Times: user=0.02 sys=0.00, real=0.01 secs] 
2018-12-06T14:09:43.514-0100: 4.867: Total time for which application threads were stopped: 0.0000988 seconds, Stopping threads took: 0.0000229 seconds
2018-12-06T14:09:43.515-0100: 4.868: Total time for which application threads were stopped: 0.0000881 seconds, Stopping threads took: 0.0000234 seconds
2018-12-06T14:09:43.516-0100: 4.868: Total time for which application threads were stopped: 0.0000712 seconds, Stopping threads took: 0.0000095 seconds
2018-12-06T14:09:43.516-0100: 4.869: Total time for which application threads were stopped: 0.0000818 seconds, Stopping threads took: 0.0000303 seconds
2018-12-06T14:09:43.517-0100: 4.870: Total time for which application threads were stopped: 0.0001632 seconds, Stopping threads took: 0.0001067 seconds
2018-12-06T14:09:43.518-0100: 4.870: Total time for which application threads were stopped: 0.0000954 seconds, Stopping threads took: 0.0000148 seconds
2018-12-06T14:09:43.518-0100: 4.871: Total time for which application threads were stopped: 0.0001346 seconds, Stopping threads took: 0.0000394 seconds
2018-12-06T14:09:43.519-0100: 4.871: Total time for which application threads were stopped: 0.0001258 seconds, Stopping threads took: 0.0000737 seconds
2018-12-06T14:09:43.523-0100: 4.876: Total time for which application threads were stopped: 0.0000703 seconds, Stopping threads took: 0.0000112 seconds
2018-12-06T14:09:43.524-0100: 4.877: Total time for which application threads were stopped: 0.0000595 seconds, Stopping threads took: 0.0000108 seconds
2018-12-06T14:09:43.524-0100: 4.877: Total time for which application threads were stopped: 0.0000980 seconds, Stopping threads took: 0.0000097 seconds
2018-12-06T14:09:43.525-0100: 4.877: Total time for which application threads were stopped: 0.0000824 seconds, Stopping threads took: 0.0000298 seconds
2018-12-06T14:09:43.525-0100: 4.878: Total time for which application threads were stopped: 0.0001272 seconds, Stopping threads took: 0.0000664 seconds
2018-12-06T14:09:43.526-0100: 4.879: Total time for which application threads were stopped: 0.0004130 seconds, Stopping threads took: 0.0000377 seconds
2018-12-06T14:09:43.527-0100: 4.880: Total time for which application threads were stopped: 0.0003211 seconds, Stopping threads took: 0.0000535 seconds
2018-12-06T14:09:43.527-0100: 4.880: Total time for which application threads were stopped: 0.0001040 seconds, Stopping threads took: 0.0000467 seconds
2018-12-06T14:09:43.528-0100: 4.880: Total time for which application threads were stopped: 0.0000895 seconds, Stopping threads took: 0.0000414 seconds
2018-12-06T14:09:43.528-0100: 4.880: Total time for which application threads were stopped: 0.0001018 seconds, Stopping threads took: 0.0000579 seconds
2018-12-06T14:09:43.528-0100: 4.881: Total time for which application threads were stopped: 0.0000708 seconds, Stopping threads took: 0.0000368 seconds
2018-12-06T14:09:43.528-0100: 4.881: Total time for which application threads were stopped: 0.0000581 seconds, Stopping threads took: 0.0000200 seconds
2018-12-06T14:09:43.528-0100: 4.881: Total time for which application threads were stopped: 0.0000785 seconds, Stopping threads took: 0.0000313 seconds
2018-12-06T14:09:43.528-0100: 4.881: Total time for which application threads were stopped: 0.0000608 seconds, Stopping threads took: 0.0000083 seconds
2018-12-06T14:09:43.538-0100: 4.891: Total time for which application threads were stopped: 0.0000622 seconds, Stopping threads took: 0.0000117 seconds
2018-12-06T14:09:43.538-0100: 4.891: Total time for which application threads were stopped: 0.0001094 seconds, Stopping threads took: 0.0000581 seconds
2018-12-06T14:09:43.538-0100: 4.891: Total time for which application threads were stopped: 0.0000513 seconds, Stopping threads took: 0.0000163 seconds
2018-12-06T14:09:43.538-0100: 4.891: Total time for which application threads were stopped: 0.0000573 seconds, Stopping threads took: 0.0000214 seconds
2018-12-06T14:09:43.539-0100: 4.891: Total time for which application threads were stopped: 0.0000654 seconds, Stopping threads took: 0.0000308 seconds
2018-12-06T14:09:44.542-0100: 5.894: Total time for which application threads were stopped: 0.0001381 seconds, Stopping threads took: 0.0000358 seconds
2018-12-06T14:09:50.555-0100: 11.908: Total time for which application threads were stopped: 0.0001448 seconds, Stopping threads took: 0.0000535 seconds
2018-12-06T14:09:50.573-0100: 11.926: Total time for which application threads were stopped: 0.0001126 seconds, Stopping threads took: 0.0000192 seconds
2018-12-06T14:09:50.584-0100: 11.937: Total time for which application threads were stopped: 0.0002948 seconds, Stopping threads took: 0.0000110 seconds
2018-12-06T14:09:50.670-0100: 12.023: Total time for which application threads were stopped: 0.0001379 seconds, Stopping threads took: 0.0000294 seconds
2018-12-06T14:09:50.670-0100: 12.023: Total time for which application threads were stopped: 0.0000500 seconds, Stopping threads took: 0.0000114 seconds
2018-12-06T14:09:50.670-0100: 12.023: Total time for which application threads were stopped: 0.0000460 seconds, Stopping threads took: 0.0000072 seconds
2018-12-06T14:09:50.670-0100: 12.023: Total time for which application threads were stopped: 0.0000505 seconds, Stopping threads took: 0.0000094 seconds
2018-12-06T14:09:50.670-0100: 12.023: Total time for which application threads were stopped: 0.0000488 seconds, Stopping threads took: 0.0000082 seconds
2018-12-06T14:09:50.670-0100: 12.023: Total time for which application threads were stopped: 0.0000465 seconds, Stopping threads took: 0.0000080 seconds
2018-12-06T14:09:50.671-0100: 12.024: Total time for which application threads were stopped: 0.0000894 seconds, Stopping threads took: 0.0000305 seconds
2018-12-06T14:09:50.671-0100: 12.024: Total time for which application threads were stopped: 0.0000494 seconds, Stopping threads took: 0.0000085 seconds
2018-12-06T14:09:50.671-0100: 12.024: Total time for which application threads were stopped: 0.0000602 seconds, Stopping threads took: 0.0000180 seconds
2018-12-06T14:09:50.671-0100: 12.024: Total time for which application threads were stopped: 0.0000492 seconds, Stopping threads took: 0.0000081 seconds
2018-12-06T14:09:50.741-0100: 12.094: Total time for which application threads were stopped: 0.0003251 seconds, Stopping threads took: 0.0000269 seconds
2018-12-06T14:09:50.762-0100: 12.115: Total time for which application threads were stopped: 0.0003301 seconds, Stopping threads took: 0.0000149 seconds
2018-12-06T14:09:50.785-0100: 12.138: Total time for which application threads were stopped: 0.0001035 seconds, Stopping threads took: 0.0000260 seconds
2018-12-06T14:09:50.785-0100: 12.138: Total time for which application threads were stopped: 0.0000643 seconds, Stopping threads took: 0.0000129 seconds
2018-12-06T14:09:50.792-0100: 12.145: Total time for which application threads were stopped: 0.0000821 seconds, Stopping threads took: 0.0000181 seconds
2018-12-06T14:09:50.792-0100: 12.145: Total time for which application threads were stopped: 0.0000426 seconds, Stopping threads took: 0.0000095 seconds
{Heap before GC invocations=3 (full 1):
 par new generation   total 109248K, used 102974K [0x00000007a0000000, 0x00000007a8000000, 0x00000007a8000000)
  eden space 87424K, 100% used [0x00000007a0000000, 0x00000007a5560000, 0x00000007a5560000)
  from space 21824K,  71% used [0x00000007a6ab0000, 0x00000007a79df8b0, 0x00000007a8000000)
  to   space 21824K,   0% used [0x00000007a5560000, 0x00000007a5560000, 0x00000007a6ab0000)
 concurrent mark-sweep generation total 393216K, used 0K [0x00000007a8000000, 0x00000007c0000000, 0x00000007c0000000)
 Metaspace       used 30786K, capacity 31485K, committed 31712K, reserved 1077248K
  class space    used 3805K, capacity 4043K, committed 4064K, reserved 1048576K
2018-12-06T14:09:50.864-0100: 12.217: [GC (Allocation Failure) 2018-12-06T14:09:50.864-0100: 12.217: [ParNew
Desired survivor size 20112992 bytes, new threshold 8 (max 8)
- age   1:    4444776 bytes,    4444776 total
- age   2:    1096688 bytes,    5541464 total
- age   3:    2927264 bytes,    8468728 total
- age   4:    4850840 bytes,   13319568 total
: 102974K->15499K(109248K), 0.0092325 secs] 102974K->15499K(502464K), 0.0092890 secs] [Times: user=0.03 sys=0.00, real=0.01 secs] 
Heap after GC invocations=4 (full 1):
 par new generation   total 109248K, used 15499K [0x00000007a0000000, 0x00000007a8000000, 0x00000007a8000000)
  eden space 87424K,   0% used [0x00000007a0000000, 0x00000007a0000000, 0x00000007a5560000)
  from space 21824K,  71% used [0x00000007a5560000, 0x00000007a6482d40, 0x00000007a6ab0000)
  to   space 21824K,   0% used [0x00000007a6ab0000, 0x00000007a6ab0000, 0x00000007a8000000)
 concurrent mark-sweep generation total 393216K, used 0K [0x00000007a8000000, 0x00000007c0000000, 0x00000007c0000000)
 Metaspace       used 30786K, capacity 31485K, committed 31712K, reserved 1077248K
  class space    used 3805K, capacity 4043K, committed 4064K, reserved 1048576K
}
2018-12-06T14:09:50.873-0100: 12.226: Total time for which application threads were stopped: 0.0095078 seconds, Stopping threads took: 0.0000273 seconds
2018-12-06T14:09:50.874-0100: 12.227: Total time for which application threads were stopped: 0.0001911 seconds, Stopping threads took: 0.0000788 seconds
2018-12-06T14:09:50.874-0100: 12.227: Total time for which application threads were stopped: 0.0000630 seconds, Stopping threads took: 0.0000320 seconds
2018-12-06T14:09:50.875-0100: 12.228: Total time for which application threads were stopped: 0.0000588 seconds, Stopping threads took: 0.0000260 seconds
2018-12-06T14:09:50.875-0100: 12.228: Total time for which application threads were stopped: 0.0000676 seconds, Stopping threads took: 0.0000363 seconds
2018-12-06T14:09:50.875-0100: 12.228: Total time for which application threads were stopped: 0.0000355 seconds, Stopping threads took: 0.0000085 seconds
2018-12-06T14:09:50.955-0100: 12.308: Total time for which application threads were stopped: 0.0001186 seconds, Stopping threads took: 0.0000145 seconds
2018-12-06T14:09:50.967-0100: 12.320: Total time for which application threads were stopped: 0.0001151 seconds, Stopping threads took: 0.0000267 seconds
2018-12-06T14:09:51.062-0100: 12.415: Total time for which application threads were stopped: 0.0003793 seconds, Stopping threads took: 0.0000263 seconds
{Heap before GC invocations=4 (full 1):
 par new generation   total 109248K, used 102923K [0x00000007a0000000, 0x00000007a8000000, 0x00000007a8000000)
  eden space 87424K, 100% used [0x00000007a0000000, 0x00000007a5560000, 0x00000007a5560000)
  from space 21824K,  71% used [0x00000007a5560000, 0x00000007a6482d40, 0x00000007a6ab0000)
  to   space 21824K,   0% used [0x00000007a6ab0000, 0x00000007a6ab0000, 0x00000007a8000000)
 concurrent mark-sweep generation total 393216K, used 0K [0x00000007a8000000, 0x00000007c0000000, 0x00000007c0000000)
 Metaspace       used 32595K, capacity 33329K, committed 33504K, reserved 1079296K
  class space    used 4041K, capacity 4283K, committed 4320K, reserved 1048576K
2018-12-06T14:09:51.064-0100: 12.417: [GC (Allocation Failure) 2018-12-06T14:09:51.064-0100: 12.417: [ParNew
Desired survivor size 20112992 bytes, new threshold 8 (max 8)
- age   1:    1780024 bytes,    1780024 total
- age   2:    1285648 bytes,    3065672 total
- age   3:    1096712 bytes,    4162384 total
- age   4:    2927120 bytes,    7089504 total
- age   5:    4850896 bytes,   11940400 total
: 102923K->16570K(109248K), 0.0082540 secs] 102923K->16570K(502464K), 0.0083041 secs] [Times: user=0.02 sys=0.00, real=0.01 secs] 
Heap after GC invocations=5 (full 1):
 par new generation   total 109248K, used 16570K [0x00000007a0000000, 0x00000007a8000000, 0x00000007a8000000)
  eden space 87424K,   0% used [0x00000007a0000000, 0x00000007a0000000, 0x00000007a5560000)
  from space 21824K,  75% used [0x00000007a6ab0000, 0x00000007a7adeaf0, 0x00000007a8000000)
  to   space 21824K,   0% used [0x00000007a5560000, 0x00000007a5560000, 0x00000007a6ab0000)
 concurrent mark-sweep generation total 393216K, used 0K [0x00000007a8000000, 0x00000007c0000000, 0x00000007c0000000)
 Metaspace       used 32595K, capacity 33329K, committed 33504K, reserved 1079296K
  class space    used 4041K, capacity 4283K, committed 4320K, reserved 1048576K
}
2018-12-06T14:09:51.072-0100: 12.425: Total time for which application threads were stopped: 0.0084258 seconds, Stopping threads took: 0.0000089 seconds
2018-12-06T14:09:51.072-0100: 12.426: Total time for which application threads were stopped: 0.0000994 seconds, Stopping threads took: 0.0000456 seconds
2018-12-06T14:09:51.129-0100: 12.482: Total time for which application threads were stopped: 0.0001136 seconds, Stopping threads took: 0.0000262 seconds
2018-12-06T14:09:51.135-0100: 12.488: Total time for which application threads were stopped: 0.0001520 seconds, Stopping threads took: 0.0000371 seconds
2018-12-06T14:09:51.172-0100: 12.525: Total time for which application threads were stopped: 0.0000891 seconds, Stopping threads took: 0.0000191 seconds
2018-12-06T14:09:51.237-0100: 12.590: Total time for which application threads were stopped: 0.0001428 seconds, Stopping threads took: 0.0000267 seconds
{Heap before GC invocations=5 (full 1):
 par new generation   total 109248K, used 103994K [0x00000007a0000000, 0x00000007a8000000, 0x00000007a8000000)
  eden space 87424K, 100% used [0x00000007a0000000, 0x00000007a5560000, 0x00000007a5560000)
  from space 21824K,  75% used [0x00000007a6ab0000, 0x00000007a7adeaf0, 0x00000007a8000000)
  to   space 21824K,   0% used [0x00000007a5560000, 0x00000007a5560000, 0x00000007a6ab0000)
 concurrent mark-sweep generation total 393216K, used 0K [0x00000007a8000000, 0x00000007c0000000, 0x00000007c0000000)
 Metaspace       used 35608K, capacity 36469K, committed 36704K, reserved 1081344K
  class space    used 4416K, capacity 4699K, committed 4704K, reserved 1048576K
2018-12-06T14:09:51.395-0100: 12.748: [GC (Allocation Failure) 2018-12-06T14:09:51.395-0100: 12.748: [ParNew
Desired survivor size 20112992 bytes, new threshold 8 (max 8)
- age   1:    4259968 bytes,    4259968 total
- age   2:     480448 bytes,    4740416 total
- age   3:    1226672 bytes,    5967088 total
- age   4:    1089056 bytes,    7056144 total
- age   5:    2919568 bytes,    9975712 total
- age   6:    4847376 bytes,   14823088 total
: 103994K->19619K(109248K), 0.0103366 secs] 103994K->19619K(502464K), 0.0104058 secs] [Times: user=0.04 sys=0.00, real=0.01 secs] 
Heap after GC invocations=6 (full 1):
 par new generation   total 109248K, used 19619K [0x00000007a0000000, 0x00000007a8000000, 0x00000007a8000000)
  eden space 87424K,   0% used [0x00000007a0000000, 0x00000007a0000000, 0x00000007a5560000)
  from space 21824K,  89% used [0x00000007a5560000, 0x00000007a6888e78, 0x00000007a6ab0000)
  to   space 21824K,   0% used [0x00000007a6ab0000, 0x00000007a6ab0000, 0x00000007a8000000)
 concurrent mark-sweep generation total 393216K, used 0K [0x00000007a8000000, 0x00000007c0000000, 0x00000007c0000000)
 Metaspace       used 35608K, capacity 36469K, committed 36704K, reserved 1081344K
  class space    used 4416K, capacity 4699K, committed 4704K, reserved 1048576K
}
2018-12-06T14:09:51.405-0100: 12.758: Total time for which application threads were stopped: 0.0106190 seconds, Stopping threads took: 0.0000188 seconds
2018-12-06T14:09:51.468-0100: 12.821: Total time for which application threads were stopped: 0.0003161 seconds, Stopping threads took: 0.0002257 seconds
2018-12-06T14:09:51.488-0100: 12.841: Total time for which application threads were stopped: 0.0004965 seconds, Stopping threads took: 0.0000127 seconds
2018-12-06T14:09:51.506-0100: 12.859: Total time for which application threads were stopped: 0.0003662 seconds, Stopping threads took: 0.0000185 seconds
2018-12-06T14:09:51.541-0100: 12.894: Total time for which application threads were stopped: 0.0001143 seconds, Stopping threads took: 0.0000425 seconds
2018-12-06T14:09:51.541-0100: 12.894: Total time for which application threads were stopped: 0.0000628 seconds, Stopping threads took: 0.0000115 seconds
2018-12-06T14:09:51.541-0100: 12.894: Total time for which application threads were stopped: 0.0000743 seconds, Stopping threads took: 0.0000219 seconds
2018-12-06T14:09:51.541-0100: 12.894: Total time for which application threads were stopped: 0.0000634 seconds, Stopping threads took: 0.0000091 seconds
2018-12-06T14:09:51.541-0100: 12.894: Total time for which application threads were stopped: 0.0000649 seconds, Stopping threads took: 0.0000213 seconds
2018-12-06T14:09:51.541-0100: 12.894: Total time for which application threads were stopped: 0.0000647 seconds, Stopping threads took: 0.0000172 seconds
2018-12-06T14:09:51.541-0100: 12.894: Total time for which application threads were stopped: 0.0000684 seconds, Stopping threads took: 0.0000201 seconds
2018-12-06T14:09:51.541-0100: 12.894: Total time for which application threads were stopped: 0.0000646 seconds, Stopping threads took: 0.0000194 seconds
2018-12-06T14:09:51.541-0100: 12.895: Total time for which application threads were stopped: 0.0000724 seconds, Stopping threads took: 0.0000191 seconds
2018-12-06T14:09:51.542-0100: 12.895: Total time for which application threads were stopped: 0.0000826 seconds, Stopping threads took: 0.0000270 seconds
2018-12-06T14:09:51.542-0100: 12.895: Total time for which application threads were stopped: 0.0000668 seconds, Stopping threads took: 0.0000234 seconds
2018-12-06T14:09:51.542-0100: 12.895: Total time for which application threads were stopped: 0.0000673 seconds, Stopping threads took: 0.0000238 seconds
2018-12-06T14:09:51.542-0100: 12.895: Total time for which application threads were stopped: 0.0000753 seconds, Stopping threads took: 0.0000280 seconds
2018-12-06T14:09:51.542-0100: 12.895: Total time for which application threads were stopped: 0.0000728 seconds, Stopping threads took: 0.0000243 seconds
2018-12-06T14:09:51.542-0100: 12.895: Total time for which application threads were stopped: 0.0000760 seconds, Stopping threads took: 0.0000257 seconds
2018-12-06T14:09:51.542-0100: 12.895: Total time for which application threads were stopped: 0.0000741 seconds, Stopping threads took: 0.0000253 seconds
2018-12-06T14:09:51.542-0100: 12.896: Total time for which application threads were stopped: 0.0000600 seconds, Stopping threads took: 0.0000185 seconds
2018-12-06T14:09:51.543-0100: 12.896: Total time for which application threads were stopped: 0.0000603 seconds, Stopping threads took: 0.0000167 seconds
2018-12-06T14:09:51.543-0100: 12.896: Total time for which application threads were stopped: 0.0000938 seconds, Stopping threads took: 0.0000188 seconds
2018-12-06T14:09:51.543-0100: 12.896: Total time for which application threads were stopped: 0.0000650 seconds, Stopping threads took: 0.0000163 seconds
2018-12-06T14:09:51.543-0100: 12.896: Total time for which application threads were stopped: 0.0001143 seconds, Stopping threads took: 0.0000161 seconds
2018-12-06T14:09:51.543-0100: 12.896: Total time for which application threads were stopped: 0.0000648 seconds, Stopping threads took: 0.0000181 seconds
2018-12-06T14:09:51.548-0100: 12.901: Total time for which application threads were stopped: 0.0000526 seconds, Stopping threads took: 0.0000118 seconds
2018-12-06T14:09:51.568-0100: 12.921: Total time for which application threads were stopped: 0.0001001 seconds, Stopping threads took: 0.0000320 seconds
2018-12-06T14:09:51.568-0100: 12.921: Total time for which application threads were stopped: 0.0000933 seconds, Stopping threads took: 0.0000574 seconds
2018-12-06T14:09:51.570-0100: 12.923: Total time for which application threads were stopped: 0.0001085 seconds, Stopping threads took: 0.0000335 seconds
2018-12-06T14:09:51.570-0100: 12.923: Total time for which application threads were stopped: 0.0001078 seconds, Stopping threads took: 0.0000367 seconds
2018-12-06T14:09:51.571-0100: 12.924: Total time for which application threads were stopped: 0.0000706 seconds, Stopping threads took: 0.0000324 seconds
2018-12-06T14:09:51.573-0100: 12.926: Total time for which application threads were stopped: 0.0000863 seconds, Stopping threads took: 0.0000157 seconds
2018-12-06T14:09:51.577-0100: 12.930: Total time for which application threads were stopped: 0.0000870 seconds, Stopping threads took: 0.0000269 seconds
2018-12-06T14:09:51.577-0100: 12.930: Total time for which application threads were stopped: 0.0000929 seconds, Stopping threads took: 0.0000341 seconds
2018-12-06T14:09:51.577-0100: 12.930: Total time for which application threads were stopped: 0.0000864 seconds, Stopping threads took: 0.0000257 seconds
2018-12-06T14:09:51.577-0100: 12.930: Total time for which application threads were stopped: 0.0000698 seconds, Stopping threads took: 0.0000115 seconds
2018-12-06T14:09:51.577-0100: 12.930: Total time for which application threads were stopped: 0.0001599 seconds, Stopping threads took: 0.0000068 seconds
2018-12-06T14:09:51.585-0100: 12.938: Total time for which application threads were stopped: 0.0000750 seconds, Stopping threads took: 0.0000241 seconds
2018-12-06T14:09:51.585-0100: 12.938: Total time for which application threads were stopped: 0.0000564 seconds, Stopping threads took: 0.0000108 seconds
2018-12-06T14:10:40.347-0100: 61.703: Total time for which application threads were stopped: 0.0003822 seconds, Stopping threads took: 0.0000244 seconds
2018-12-06T14:10:41.350-0100: 62.705: Total time for which application threads were stopped: 0.0001391 seconds, Stopping threads took: 0.0000337 seconds
2018-12-06T14:10:51.584-0100: 72.940: Total time for which application threads were stopped: 0.0001052 seconds, Stopping threads took: 0.0000296 seconds
2018-12-06T14:11:40.715-0100: 122.073: Total time for which application threads were stopped: 0.0002316 seconds, Stopping threads took: 0.0000548 seconds
2018-12-06T14:12:40.902-0100: 182.262: Total time for which application threads were stopped: 0.0001319 seconds, Stopping threads took: 0.0000343 seconds
2018-12-06T14:13:41.083-0100: 242.445: Total time for which application threads were stopped: 0.0001474 seconds, Stopping threads took: 0.0000365 seconds
2018-12-06T14:14:41.285-0100: 302.650: Total time for which application threads were stopped: 0.0002255 seconds, Stopping threads took: 0.0000540 seconds
2018-12-06T14:15:40.482-0100: 361.849: Total time for which application threads were stopped: 0.0002240 seconds, Stopping threads took: 0.0000512 seconds
2018-12-06T14:16:40.648-0100: 422.019: Total time for which application threads were stopped: 0.0001361 seconds, Stopping threads took: 0.0000323 seconds
2018-12-06T14:17:40.811-0100: 482.184: Total time for which application threads were stopped: 0.0000973 seconds, Stopping threads took: 0.0000229 seconds
2018-12-06T14:18:40.972-0100: 542.348: Total time for which application threads were stopped: 0.0001269 seconds, Stopping threads took: 0.0000339 seconds
2018-12-06T14:19:41.163-0100: 602.540: Total time for which application threads were stopped: 0.0001524 seconds, Stopping threads took: 0.0000370 seconds
2018-12-06T14:20:41.369-0100: 662.749: Total time for which application threads were stopped: 0.0002155 seconds, Stopping threads took: 0.0000607 seconds
2018-12-06T14:21:40.557-0100: 721.940: Total time for which application threads were stopped: 0.0000742 seconds, Stopping threads took: 0.0000209 seconds
2018-12-06T14:25:41.313-0100: 962.705: Total time for which application threads were stopped: 0.0002888 seconds, Stopping threads took: 0.0001466 seconds
2018-12-06T14:27:16.701-0100: 1058.097: Total time for which application threads were stopped: 0.0001224 seconds, Stopping threads took: 0.0000192 seconds
2018-12-06T14:27:16.701-0100: 1058.097: Total time for which application threads were stopped: 0.0000400 seconds, Stopping threads took: 0.0000095 seconds
2018-12-06T14:27:16.701-0100: 1058.098: Total time for which application threads were stopped: 0.0000485 seconds, Stopping threads took: 0.0000162 seconds
2018-12-06T14:27:16.701-0100: 1058.098: Total time for which application threads were stopped: 0.0000597 seconds, Stopping threads took: 0.0000307 seconds
2018-12-06T14:27:16.702-0100: 1058.098: Total time for which application threads were stopped: 0.0000719 seconds, Stopping threads took: 0.0000423 seconds
2018-12-06T14:27:16.710-0100: 1058.107: Total time for which application threads were stopped: 0.0000869 seconds, Stopping threads took: 0.0000318 seconds
2018-12-06T14:27:16.710-0100: 1058.107: Total time for which application threads were stopped: 0.0000666 seconds, Stopping threads took: 0.0000293 seconds
2018-12-06T14:27:16.711-0100: 1058.107: Total time for which application threads were stopped: 0.0000658 seconds, Stopping threads took: 0.0000365 seconds
2018-12-06T14:27:16.711-0100: 1058.108: Total time for which application threads were stopped: 0.0000486 seconds, Stopping threads took: 0.0000210 seconds
2018-12-06T14:27:16.713-0100: 1058.110: Total time for which application threads were stopped: 0.0000419 seconds, Stopping threads took: 0.0000096 seconds
2018-12-06T14:27:16.713-0100: 1058.110: Total time for which application threads were stopped: 0.0000341 seconds, Stopping threads took: 0.0000071 seconds
2018-12-06T14:27:16.714-0100: 1058.110: Total time for which application threads were stopped: 0.0000529 seconds, Stopping threads took: 0.0000106 seconds
2018-12-06T14:27:16.717-0100: 1058.114: Total time for which application threads were stopped: 0.0000863 seconds, Stopping threads took: 0.0000268 seconds
2018-12-06T14:27:16.728-0100: 1058.124: Total time for which application threads were stopped: 0.0000780 seconds, Stopping threads took: 0.0000152 seconds
{Heap before GC invocations=6 (full 1):
 par new generation   total 109248K, used 107043K [0x00000007a0000000, 0x00000007a8000000, 0x00000007a8000000)
  eden space 87424K, 100% used [0x00000007a0000000, 0x00000007a5560000, 0x00000007a5560000)
  from space 21824K,  89% used [0x00000007a5560000, 0x00000007a6888e78, 0x00000007a6ab0000)
  to   space 21824K,   0% used [0x00000007a6ab0000, 0x00000007a6ab0000, 0x00000007a8000000)
 concurrent mark-sweep generation total 393216K, used 0K [0x00000007a8000000, 0x00000007c0000000, 0x00000007c0000000)
 Metaspace       used 37798K, capacity 38915K, committed 39136K, reserved 1083392K
  class space    used 4766K, capacity 5058K, committed 5088K, reserved 1048576K
2018-12-06T14:27:16.739-0100: 1058.135: [GC (Allocation Failure) 2018-12-06T14:27:16.739-0100: 1058.136: [ParNew
Desired survivor size 20112992 bytes, new threshold 8 (max 8)
- age   1:    5420880 bytes,    5420880 total
- age   2:     992832 bytes,    6413712 total
- age   3:     478008 bytes,    6891720 total
- age   4:    1188024 bytes,    8079744 total
- age   5:    1086376 bytes,    9166120 total
- age   6:    2919456 bytes,   12085576 total
- age   7:    4845848 bytes,   16931424 total
: 107043K->18029K(109248K), 0.0128176 secs] 107043K->18029K(502464K), 0.0130549 secs] [Times: user=0.04 sys=0.01, real=0.02 secs] 
Heap after GC invocations=7 (full 1):
 par new generation   total 109248K, used 18029K [0x00000007a0000000, 0x00000007a8000000, 0x00000007a8000000)
  eden space 87424K,   0% used [0x00000007a0000000, 0x00000007a0000000, 0x00000007a5560000)
  from space 21824K,  82% used [0x00000007a6ab0000, 0x00000007a7c4b670, 0x00000007a8000000)
  to   space 21824K,   0% used [0x00000007a5560000, 0x00000007a5560000, 0x00000007a6ab0000)
 concurrent mark-sweep generation total 393216K, used 0K [0x00000007a8000000, 0x00000007c0000000, 0x00000007c0000000)
 Metaspace       used 37798K, capacity 38915K, committed 39136K, reserved 1083392K
  class space    used 4766K, capacity 5058K, committed 5088K, reserved 1048576K
}
2018-12-06T14:27:16.752-0100: 1058.149: Total time for which application threads were stopped: 0.0132064 seconds, Stopping threads took: 0.0000134 seconds
2018-12-06T14:27:16.752-0100: 1058.149: Total time for which application threads were stopped: 0.0000875 seconds, Stopping threads took: 0.0000362 seconds
2018-12-06T14:27:16.752-0100: 1058.149: Total time for which application threads were stopped: 0.0000957 seconds, Stopping threads took: 0.0000284 seconds
2018-12-06T14:27:16.816-0100: 1058.213: Total time for which application threads were stopped: 0.0001447 seconds, Stopping threads took: 0.0000373 seconds
2018-12-06T14:27:16.819-0100: 1058.216: Total time for which application threads were stopped: 0.0000708 seconds, Stopping threads took: 0.0000218 seconds
2018-12-06T14:27:16.820-0100: 1058.216: Total time for which application threads were stopped: 0.0000499 seconds, Stopping threads took: 0.0000089 seconds
2018-12-06T14:27:16.823-0100: 1058.219: Total time for which application threads were stopped: 0.0000731 seconds, Stopping threads took: 0.0000295 seconds
2018-12-06T14:27:16.839-0100: 1058.236: Total time for which application threads were stopped: 0.0001029 seconds, Stopping threads took: 0.0000275 seconds
2018-12-06T14:27:16.840-0100: 1058.237: Total time for which application threads were stopped: 0.0000749 seconds, Stopping threads took: 0.0000127 seconds
2018-12-06T14:27:16.847-0100: 1058.244: Total time for which application threads were stopped: 0.0001144 seconds, Stopping threads took: 0.0000321 seconds
2018-12-06T14:27:16.875-0100: 1058.272: Total time for which application threads were stopped: 0.0001983 seconds, Stopping threads took: 0.0000476 seconds
2018-12-06T14:27:16.877-0100: 1058.274: Total time for which application threads were stopped: 0.0000699 seconds, Stopping threads took: 0.0000146 seconds
2018-12-06T14:27:16.877-0100: 1058.274: Total time for which application threads were stopped: 0.0000543 seconds, Stopping threads took: 0.0000102 seconds
2018-12-06T14:27:16.877-0100: 1058.274: Total time for which application threads were stopped: 0.0000422 seconds, Stopping threads took: 0.0000069 seconds
2018-12-06T14:27:16.877-0100: 1058.274: Total time for which application threads were stopped: 0.0000446 seconds, Stopping threads took: 0.0000084 seconds
2018-12-06T14:27:16.877-0100: 1058.274: Total time for which application threads were stopped: 0.0000436 seconds, Stopping threads took: 0.0000090 seconds
2018-12-06T14:27:16.877-0100: 1058.274: Total time for which application threads were stopped: 0.0000512 seconds, Stopping threads took: 0.0000217 seconds
2018-12-06T14:27:16.881-0100: 1058.278: Total time for which application threads were stopped: 0.0001203 seconds, Stopping threads took: 0.0000289 seconds
2018-12-06T14:27:16.882-0100: 1058.278: Total time for which application threads were stopped: 0.0000727 seconds, Stopping threads took: 0.0000272 seconds
2018-12-06T14:27:16.882-0100: 1058.278: Total time for which application threads were stopped: 0.0001171 seconds, Stopping threads took: 0.0000825 seconds
2018-12-06T14:27:16.882-0100: 1058.279: Total time for which application threads were stopped: 0.0001478 seconds, Stopping threads took: 0.0001166 seconds
2018-12-06T14:27:16.882-0100: 1058.279: Total time for which application threads were stopped: 0.0000339 seconds, Stopping threads took: 0.0000069 seconds
2018-12-06T14:27:16.882-0100: 1058.279: Total time for which application threads were stopped: 0.0000707 seconds, Stopping threads took: 0.0000423 seconds
2018-12-06T14:27:16.882-0100: 1058.279: Total time for which application threads were stopped: 0.0001047 seconds, Stopping threads took: 0.0000575 seconds
2018-12-06T14:27:16.882-0100: 1058.279: Total time for which application threads were stopped: 0.0001097 seconds, Stopping threads took: 0.0000733 seconds
2018-12-06T14:27:16.883-0100: 1058.279: Total time for which application threads were stopped: 0.0001252 seconds, Stopping threads took: 0.0000948 seconds
2018-12-06T14:27:16.883-0100: 1058.279: Total time for which application threads were stopped: 0.0000437 seconds, Stopping threads took: 0.0000149 seconds
2018-12-06T14:27:16.883-0100: 1058.279: Total time for which application threads were stopped: 0.0000795 seconds, Stopping threads took: 0.0000423 seconds
2018-12-06T14:27:16.883-0100: 1058.280: Total time for which application threads were stopped: 0.0000460 seconds, Stopping threads took: 0.0000185 seconds
2018-12-06T14:27:16.883-0100: 1058.280: Total time for which application threads were stopped: 0.0000440 seconds, Stopping threads took: 0.0000185 seconds
2018-12-06T14:27:16.883-0100: 1058.280: Total time for which application threads were stopped: 0.0000514 seconds, Stopping threads took: 0.0000216 seconds
2018-12-06T14:27:16.883-0100: 1058.280: Total time for which application threads were stopped: 0.0000428 seconds, Stopping threads took: 0.0000174 seconds
2018-12-06T14:27:16.883-0100: 1058.280: Total time for which application threads were stopped: 0.0000430 seconds, Stopping threads took: 0.0000177 seconds
2018-12-06T14:27:16.883-0100: 1058.280: Total time for which application threads were stopped: 0.0000437 seconds, Stopping threads took: 0.0000182 seconds
2018-12-06T14:27:16.883-0100: 1058.280: Total time for which application threads were stopped: 0.0000431 seconds, Stopping threads took: 0.0000180 seconds
2018-12-06T14:27:16.883-0100: 1058.280: Total time for which application threads were stopped: 0.0000442 seconds, Stopping threads took: 0.0000187 seconds
2018-12-06T14:27:16.883-0100: 1058.280: Total time for which application threads were stopped: 0.0000430 seconds, Stopping threads took: 0.0000179 seconds
2018-12-06T14:27:16.884-0100: 1058.280: Total time for which application threads were stopped: 0.0002055 seconds, Stopping threads took: 0.0000185 seconds
2018-12-06T14:27:16.886-0100: 1058.283: Total time for which application threads were stopped: 0.0001233 seconds, Stopping threads took: 0.0000772 seconds
2018-12-06T14:27:16.886-0100: 1058.283: Total time for which application threads were stopped: 0.0000794 seconds, Stopping threads took: 0.0000464 seconds
2018-12-06T14:27:16.886-0100: 1058.283: Total time for which application threads were stopped: 0.0000525 seconds, Stopping threads took: 0.0000095 seconds
2018-12-06T14:27:16.887-0100: 1058.284: Total time for which application threads were stopped: 0.0007482 seconds, Stopping threads took: 0.0000237 seconds
2018-12-06T14:27:16.888-0100: 1058.284: Total time for which application threads were stopped: 0.0000982 seconds, Stopping threads took: 0.0000395 seconds
2018-12-06T14:27:16.889-0100: 1058.286: Total time for which application threads were stopped: 0.0001416 seconds, Stopping threads took: 0.0000961 seconds
{Heap before GC invocations=7 (full 1):
 par new generation   total 109248K, used 105453K [0x00000007a0000000, 0x00000007a8000000, 0x00000007a8000000)
  eden space 87424K, 100% used [0x00000007a0000000, 0x00000007a5560000, 0x00000007a5560000)
  from space 21824K,  82% used [0x00000007a6ab0000, 0x00000007a7c4b670, 0x00000007a8000000)
  to   space 21824K,   0% used [0x00000007a5560000, 0x00000007a5560000, 0x00000007a6ab0000)
 concurrent mark-sweep generation total 393216K, used 0K [0x00000007a8000000, 0x00000007c0000000, 0x00000007c0000000)
 Metaspace       used 38131K, capacity 39353K, committed 39520K, reserved 1083392K
  class space    used 4793K, capacity 5092K, committed 5216K, reserved 1048576K
2018-12-06T14:27:16.899-0100: 1058.296: [GC (Allocation Failure) 2018-12-06T14:27:16.899-0100: 1058.296: [ParNew
Desired survivor size 20112992 bytes, new threshold 8 (max 8)
- age   1:    2642784 bytes,    2642784 total
- age   2:    1607072 bytes,    4249856 total
- age   3:     859112 bytes,    5108968 total
- age   4:     452320 bytes,    5561288 total
- age   5:    1138064 bytes,    6699352 total
- age   6:    1056408 bytes,    7755760 total
- age   7:    2799304 bytes,   10555064 total
- age   8:    4239888 bytes,   14794952 total
: 105453K->21305K(109248K), 0.0126880 secs] 105453K->21305K(502464K), 0.0127370 secs] [Times: user=0.07 sys=0.00, real=0.02 secs] 
Heap after GC invocations=8 (full 1):
 par new generation   total 109248K, used 21305K [0x00000007a0000000, 0x00000007a8000000, 0x00000007a8000000)
  eden space 87424K,   0% used [0x00000007a0000000, 0x00000007a0000000, 0x00000007a5560000)
  from space 21824K,  97% used [0x00000007a5560000, 0x00000007a6a2e680, 0x00000007a6ab0000)
  to   space 21824K,   0% used [0x00000007a6ab0000, 0x00000007a6ab0000, 0x00000007a8000000)
 concurrent mark-sweep generation total 393216K, used 0K [0x00000007a8000000, 0x00000007c0000000, 0x00000007c0000000)
 Metaspace       used 38131K, capacity 39353K, committed 39520K, reserved 1083392K
  class space    used 4793K, capacity 5092K, committed 5216K, reserved 1048576K
}
2018-12-06T14:27:16.912-0100: 1058.309: Total time for which application threads were stopped: 0.0129041 seconds, Stopping threads took: 0.0000275 seconds
2018-12-06T14:27:16.912-0100: 1058.309: Total time for which application threads were stopped: 0.0001373 seconds, Stopping threads took: 0.0000690 seconds
{Heap before GC invocations=8 (full 1):
 par new generation   total 109248K, used 108729K [0x00000007a0000000, 0x00000007a8000000, 0x00000007a8000000)
  eden space 87424K, 100% used [0x00000007a0000000, 0x00000007a5560000, 0x00000007a5560000)
  from space 21824K,  97% used [0x00000007a5560000, 0x00000007a6a2e680, 0x00000007a6ab0000)
  to   space 21824K,   0% used [0x00000007a6ab0000, 0x00000007a6ab0000, 0x00000007a8000000)
 concurrent mark-sweep generation total 393216K, used 0K [0x00000007a8000000, 0x00000007c0000000, 0x00000007c0000000)
 Metaspace       used 38177K, capacity 39417K, committed 39776K, reserved 1083392K
  class space    used 4793K, capacity 5092K, committed 5216K, reserved 1048576K
2018-12-06T14:27:17.740-0100: 1059.137: [GC (Allocation Failure) 2018-12-06T14:27:17.740-0100: 1059.137: [ParNew
Desired survivor size 20112992 bytes, new threshold 8 (max 8)
- age   1:    1469704 bytes,    1469704 total
- age   2:    2387592 bytes,    3857296 total
- age   3:    1588336 bytes,    5445632 total
- age   4:     859112 bytes,    6304744 total
- age   5:     452320 bytes,    6757064 total
- age   6:    1138024 bytes,    7895088 total
- age   7:    1056328 bytes,    8951416 total
- age   8:    2799304 bytes,   11750720 total
: 108729K->15695K(109248K), 0.0283543 secs] 108729K->20272K(502464K), 0.0284249 secs] [Times: user=0.07 sys=0.01, real=0.02 secs] 
Heap after GC invocations=9 (full 1):
 par new generation   total 109248K, used 15695K [0x00000007a0000000, 0x00000007a8000000, 0x00000007a8000000)
  eden space 87424K,   0% used [0x00000007a0000000, 0x00000007a0000000, 0x00000007a5560000)
  from space 21824K,  71% used [0x00000007a6ab0000, 0x00000007a7a03e90, 0x00000007a8000000)
  to   space 21824K,   0% used [0x00000007a5560000, 0x00000007a5560000, 0x00000007a6ab0000)
 concurrent mark-sweep generation total 393216K, used 4577K [0x00000007a8000000, 0x00000007c0000000, 0x00000007c0000000)
 Metaspace       used 38177K, capacity 39417K, committed 39776K, reserved 1083392K
  class space    used 4793K, capacity 5092K, committed 5216K, reserved 1048576K
}
2018-12-06T14:27:17.769-0100: 1059.165: Total time for which application threads were stopped: 0.0286218 seconds, Stopping threads took: 0.0000400 seconds
2018-12-06T14:27:17.769-0100: 1059.166: Total time for which application threads were stopped: 0.0001494 seconds, Stopping threads took: 0.0000680 seconds
2018-12-06T14:27:17.790-0100: 1059.187: Total time for which application threads were stopped: 0.0000897 seconds, Stopping threads took: 0.0000201 seconds
2018-12-06T14:27:17.791-0100: 1059.187: Total time for which application threads were stopped: 0.0000587 seconds, Stopping threads took: 0.0000201 seconds
2018-12-06T14:27:17.793-0100: 1059.190: Total time for which application threads were stopped: 0.0000993 seconds, Stopping threads took: 0.0000390 seconds
2018-12-06T14:27:17.803-0100: 1059.200: Total time for which application threads were stopped: 0.0001471 seconds, Stopping threads took: 0.0000347 seconds
2018-12-06T14:27:17.834-0100: 1059.231: Total time for which application threads were stopped: 0.0001169 seconds, Stopping threads took: 0.0000166 seconds
2018-12-06T14:27:17.835-0100: 1059.232: Total time for which application threads were stopped: 0.0000427 seconds, Stopping threads took: 0.0000092 seconds
2018-12-06T14:27:17.835-0100: 1059.232: Total time for which application threads were stopped: 0.0000318 seconds, Stopping threads took: 0.0000060 seconds
2018-12-06T14:27:17.835-0100: 1059.232: Total time for which application threads were stopped: 0.0000376 seconds, Stopping threads took: 0.0000051 seconds
2018-12-06T14:27:17.835-0100: 1059.232: Total time for which application threads were stopped: 0.0000584 seconds, Stopping threads took: 0.0000183 seconds
2018-12-06T14:27:17.835-0100: 1059.232: Total time for which application threads were stopped: 0.0000510 seconds, Stopping threads took: 0.0000061 seconds
2018-12-06T14:27:17.836-0100: 1059.232: Total time for which application threads were stopped: 0.0000488 seconds, Stopping threads took: 0.0000093 seconds
2018-12-06T14:27:17.836-0100: 1059.232: Total time for which application threads were stopped: 0.0000500 seconds, Stopping threads took: 0.0000082 seconds
2018-12-06T14:27:17.836-0100: 1059.232: Total time for which application threads were stopped: 0.0000461 seconds, Stopping threads took: 0.0000072 seconds
2018-12-06T14:27:17.838-0100: 1059.235: Total time for which application threads were stopped: 0.0000684 seconds, Stopping threads took: 0.0000192 seconds
2018-12-06T14:27:17.838-0100: 1059.235: Total time for which application threads were stopped: 0.0000631 seconds, Stopping threads took: 0.0000205 seconds
2018-12-06T14:27:17.838-0100: 1059.235: Total time for which application threads were stopped: 0.0000642 seconds, Stopping threads took: 0.0000206 seconds
2018-12-06T14:27:17.838-0100: 1059.235: Total time for which application threads were stopped: 0.0000517 seconds, Stopping threads took: 0.0000080 seconds
2018-12-06T14:27:17.838-0100: 1059.235: Total time for which application threads were stopped: 0.0000669 seconds, Stopping threads took: 0.0000172 seconds
2018-12-06T14:27:17.839-0100: 1059.235: Total time for which application threads were stopped: 0.0000556 seconds, Stopping threads took: 0.0000153 seconds
2018-12-06T14:27:17.839-0100: 1059.235: Total time for which application threads were stopped: 0.0001923 seconds, Stopping threads took: 0.0001404 seconds
2018-12-06T14:27:17.839-0100: 1059.236: Total time for which application threads were stopped: 0.0000704 seconds, Stopping threads took: 0.0000205 seconds
2018-12-06T14:27:17.839-0100: 1059.236: Total time for which application threads were stopped: 0.0000682 seconds, Stopping threads took: 0.0000182 seconds
2018-12-06T14:27:17.839-0100: 1059.236: Total time for which application threads were stopped: 0.0000682 seconds, Stopping threads took: 0.0000181 seconds
2018-12-06T14:27:17.839-0100: 1059.236: Total time for which application threads were stopped: 0.0000656 seconds, Stopping threads took: 0.0000188 seconds
2018-12-06T14:27:17.839-0100: 1059.236: Total time for which application threads were stopped: 0.0001038 seconds, Stopping threads took: 0.0000320 seconds
2018-12-06T14:27:17.840-0100: 1059.236: Total time for which application threads were stopped: 0.0000681 seconds, Stopping threads took: 0.0000207 seconds
2018-12-06T14:27:17.840-0100: 1059.236: Total time for which application threads were stopped: 0.0000509 seconds, Stopping threads took: 0.0000065 seconds
2018-12-06T14:27:17.840-0100: 1059.236: Total time for which application threads were stopped: 0.0000415 seconds, Stopping threads took: 0.0000050 seconds
2018-12-06T14:27:17.840-0100: 1059.237: Total time for which application threads were stopped: 0.0001278 seconds, Stopping threads took: 0.0000660 seconds
2018-12-06T14:27:17.840-0100: 1059.237: Total time for which application threads were stopped: 0.0000667 seconds, Stopping threads took: 0.0000165 seconds
2018-12-06T14:27:17.840-0100: 1059.237: Total time for which application threads were stopped: 0.0000691 seconds, Stopping threads took: 0.0000200 seconds
2018-12-06T14:27:17.840-0100: 1059.237: Total time for which application threads were stopped: 0.0000641 seconds, Stopping threads took: 0.0000181 seconds
2018-12-06T14:27:17.840-0100: 1059.237: Total time for which application threads were stopped: 0.0001641 seconds, Stopping threads took: 0.0000215 seconds
2018-12-06T14:27:17.843-0100: 1059.240: Total time for which application threads were stopped: 0.0001041 seconds, Stopping threads took: 0.0000357 seconds
2018-12-06T14:27:17.843-0100: 1059.240: Total time for which application threads were stopped: 0.0000626 seconds, Stopping threads took: 0.0000249 seconds
2018-12-06T14:27:17.848-0100: 1059.244: Total time for which application threads were stopped: 0.0000704 seconds, Stopping threads took: 0.0000162 seconds
2018-12-06T14:27:17.936-0100: 1059.333: Total time for which application threads were stopped: 0.0001245 seconds, Stopping threads took: 0.0000365 seconds
2018-12-06T14:27:17.937-0100: 1059.333: Total time for which application threads were stopped: 0.0000828 seconds, Stopping threads took: 0.0000420 seconds
2018-12-06T14:27:17.943-0100: 1059.340: Total time for which application threads were stopped: 0.0000881 seconds, Stopping threads took: 0.0000266 seconds
2018-12-06T14:27:17.944-0100: 1059.340: Total time for which application threads were stopped: 0.0001257 seconds, Stopping threads took: 0.0000639 seconds
2018-12-06T14:27:17.952-0100: 1059.349: Total time for which application threads were stopped: 0.0000659 seconds, Stopping threads took: 0.0000247 seconds
2018-12-06T14:27:17.952-0100: 1059.349: Total time for which application threads were stopped: 0.0000411 seconds, Stopping threads took: 0.0000082 seconds
2018-12-06T14:27:18.867-0100: 1060.264: Total time for which application threads were stopped: 0.0001303 seconds, Stopping threads took: 0.0000458 seconds
2018-12-06T14:27:18.868-0100: 1060.264: Total time for which application threads were stopped: 0.0001029 seconds, Stopping threads took: 0.0000415 seconds
2018-12-06T14:27:18.868-0100: 1060.265: Total time for which application threads were stopped: 0.0000839 seconds, Stopping threads took: 0.0000443 seconds
2018-12-06T14:27:18.868-0100: 1060.265: Total time for which application threads were stopped: 0.0000865 seconds, Stopping threads took: 0.0000335 seconds
2018-12-06T14:27:18.868-0100: 1060.265: Total time for which application threads were stopped: 0.0000784 seconds, Stopping threads took: 0.0000467 seconds
2018-12-06T14:27:18.869-0100: 1060.266: Total time for which application threads were stopped: 0.0000459 seconds, Stopping threads took: 0.0000096 seconds
2018-12-06T14:27:18.869-0100: 1060.266: Total time for which application threads were stopped: 0.0000440 seconds, Stopping threads took: 0.0000154 seconds
2018-12-06T14:27:18.869-0100: 1060.266: Total time for which application threads were stopped: 0.0000353 seconds, Stopping threads took: 0.0000073 seconds
2018-12-06T14:27:18.869-0100: 1060.266: Total time for which application threads were stopped: 0.0000347 seconds, Stopping threads took: 0.0000073 seconds
2018-12-06T14:27:18.869-0100: 1060.266: Total time for which application threads were stopped: 0.0000927 seconds, Stopping threads took: 0.0000455 seconds
2018-12-06T14:27:18.870-0100: 1060.266: Total time for which application threads were stopped: 0.0000660 seconds, Stopping threads took: 0.0000228 seconds
2018-12-06T14:27:18.870-0100: 1060.266: Total time for which application threads were stopped: 0.0000578 seconds, Stopping threads took: 0.0000173 seconds
2018-12-06T14:27:18.870-0100: 1060.266: Total time for which application threads were stopped: 0.0000516 seconds, Stopping threads took: 0.0000151 seconds
2018-12-06T14:27:18.870-0100: 1060.267: Total time for which application threads were stopped: 0.0001363 seconds, Stopping threads took: 0.0000949 seconds
2018-12-06T14:27:18.871-0100: 1060.267: Total time for which application threads were stopped: 0.0000608 seconds, Stopping threads took: 0.0000179 seconds
2018-12-06T14:27:18.875-0100: 1060.272: Total time for which application threads were stopped: 0.0000604 seconds, Stopping threads took: 0.0000122 seconds
2018-12-06T14:27:18.875-0100: 1060.272: Total time for which application threads were stopped: 0.0000448 seconds, Stopping threads took: 0.0000069 seconds
2018-12-06T14:27:18.885-0100: 1060.282: Total time for which application threads were stopped: 0.0000854 seconds, Stopping threads took: 0.0000284 seconds
2018-12-06T14:27:18.885-0100: 1060.282: Total time for which application threads were stopped: 0.0000335 seconds, Stopping threads took: 0.0000076 seconds
2018-12-06T14:27:40.950-0100: 1082.348: Total time for which application threads were stopped: 0.0001273 seconds, Stopping threads took: 0.0000322 seconds
2018-12-06T14:28:17.061-0100: 1118.460: Total time for which application threads were stopped: 0.0002441 seconds, Stopping threads took: 0.0000594 seconds
2018-12-06T14:28:18.886-0100: 1120.285: Total time for which application threads were stopped: 0.0001138 seconds, Stopping threads took: 0.0000319 seconds
2018-12-06T14:28:40.970-0100: 1142.370: Total time for which application threads were stopped: 0.0002597 seconds, Stopping threads took: 0.0000638 seconds
2018-12-06T14:29:41.162-0100: 1202.564: Total time for which application threads were stopped: 0.0002243 seconds, Stopping threads took: 0.0000585 seconds
2018-12-06T14:32:24.757-0100: 1366.166: Total time for which application threads were stopped: 0.0000931 seconds, Stopping threads took: 0.0000170 seconds
2018-12-06T14:32:24.811-0100: 1366.221: Total time for which application threads were stopped: 0.0001099 seconds, Stopping threads took: 0.0000276 seconds
2018-12-06T14:32:24.812-0100: 1366.221: Total time for which application threads were stopped: 0.0000489 seconds, Stopping threads took: 0.0000083 seconds
2018-12-06T14:32:24.822-0100: 1366.232: Total time for which application threads were stopped: 0.0000588 seconds, Stopping threads took: 0.0000113 seconds
2018-12-06T14:32:24.833-0100: 1366.243: Total time for which application threads were stopped: 0.0004497 seconds, Stopping threads took: 0.0000246 seconds
2018-12-06T14:32:24.845-0100: 1366.254: Total time for which application threads were stopped: 0.0004594 seconds, Stopping threads took: 0.0000176 seconds
2018-12-06T14:32:24.846-0100: 1366.255: Total time for which application threads were stopped: 0.0004024 seconds, Stopping threads took: 0.0000123 seconds
2018-12-06T14:32:24.847-0100: 1366.256: Total time for which application threads were stopped: 0.0003842 seconds, Stopping threads took: 0.0000094 seconds
2018-12-06T14:32:24.848-0100: 1366.257: Total time for which application threads were stopped: 0.0003914 seconds, Stopping threads took: 0.0000110 seconds
2018-12-06T14:32:24.848-0100: 1366.258: Total time for which application threads were stopped: 0.0003549 seconds, Stopping threads took: 0.0000088 seconds
2018-12-06T14:32:24.851-0100: 1366.261: Total time for which application threads were stopped: 0.0000733 seconds, Stopping threads took: 0.0000265 seconds
2018-12-06T14:32:24.971-0100: 1366.381: Total time for which application threads were stopped: 0.0001363 seconds, Stopping threads took: 0.0000178 seconds
2018-12-06T14:32:25.097-0100: 1366.507: Total time for which application threads were stopped: 0.0001925 seconds, Stopping threads took: 0.0000283 seconds
2018-12-06T14:32:25.113-0100: 1366.523: Total time for which application threads were stopped: 0.0000894 seconds, Stopping threads took: 0.0000287 seconds
2018-12-06T14:32:25.114-0100: 1366.523: Total time for which application threads were stopped: 0.0000644 seconds, Stopping threads took: 0.0000198 seconds
2018-12-06T14:32:25.114-0100: 1366.523: Total time for which application threads were stopped: 0.0000596 seconds, Stopping threads took: 0.0000246 seconds
2018-12-06T14:32:25.114-0100: 1366.524: Total time for which application threads were stopped: 0.0000497 seconds, Stopping threads took: 0.0000084 seconds
2018-12-06T14:32:25.116-0100: 1366.526: Total time for which application threads were stopped: 0.0004508 seconds, Stopping threads took: 0.0000081 seconds
2018-12-06T14:32:25.122-0100: 1366.532: Total time for which application threads were stopped: 0.0000617 seconds, Stopping threads took: 0.0000125 seconds
2018-12-06T14:32:25.126-0100: 1366.535: Total time for which application threads were stopped: 0.0000514 seconds, Stopping threads took: 0.0000099 seconds
2018-12-06T14:32:25.126-0100: 1366.535: Total time for which application threads were stopped: 0.0000592 seconds, Stopping threads took: 0.0000207 seconds
2018-12-06T14:32:25.127-0100: 1366.537: Total time for which application threads were stopped: 0.0004576 seconds, Stopping threads took: 0.0000082 seconds
{Heap before GC invocations=9 (full 1):
 par new generation   total 109248K, used 103119K [0x00000007a0000000, 0x00000007a8000000, 0x00000007a8000000)
  eden space 87424K, 100% used [0x00000007a0000000, 0x00000007a5560000, 0x00000007a5560000)
  from space 21824K,  71% used [0x00000007a6ab0000, 0x00000007a7a03e90, 0x00000007a8000000)
  to   space 21824K,   0% used [0x00000007a5560000, 0x00000007a5560000, 0x00000007a6ab0000)
 concurrent mark-sweep generation total 393216K, used 4577K [0x00000007a8000000, 0x00000007c0000000, 0x00000007c0000000)
 Metaspace       used 40205K, capacity 41455K, committed 41696K, reserved 1085440K
  class space    used 4979K, capacity 5295K, committed 5344K, reserved 1048576K
2018-12-06T14:32:25.187-0100: 1366.596: [GC (Allocation Failure) 2018-12-06T14:32:25.187-0100: 1366.596: [ParNew
Desired survivor size 20112992 bytes, new threshold 8 (max 8)
- age   1:   12794416 bytes,   12794416 total
- age   2:     746840 bytes,   13541256 total
- age   3:     528568 bytes,   14069824 total
- age   4:    1558520 bytes,   15628344 total
- age   5:     856664 bytes,   16485008 total
- age   6:     451872 bytes,   16936880 total
- age   7:    1101600 bytes,   18038480 total
- age   8:    1019688 bytes,   19058168 total
: 103119K->21824K(109248K), 0.0138905 secs] 107696K->29163K(502464K), 0.0139634 secs] [Times: user=0.06 sys=0.01, real=0.02 secs] 
Heap after GC invocations=10 (full 1):
 par new generation   total 109248K, used 21824K [0x00000007a0000000, 0x00000007a8000000, 0x00000007a8000000)
  eden space 87424K,   0% used [0x00000007a0000000, 0x00000007a0000000, 0x00000007a5560000)
  from space 21824K, 100% used [0x00000007a5560000, 0x00000007a6ab0000, 0x00000007a6ab0000)
  to   space 21824K,   0% used [0x00000007a6ab0000, 0x00000007a6ab0000, 0x00000007a8000000)
 concurrent mark-sweep generation total 393216K, used 7339K [0x00000007a8000000, 0x00000007c0000000, 0x00000007c0000000)
 Metaspace       used 40205K, capacity 41455K, committed 41696K, reserved 1085440K
  class space    used 4979K, capacity 5295K, committed 5344K, reserved 1048576K
}
2018-12-06T14:32:25.201-0100: 1366.610: Total time for which application threads were stopped: 0.0141539 seconds, Stopping threads took: 0.0000204 seconds
2018-12-06T14:32:25.202-0100: 1366.611: Total time for which application threads were stopped: 0.0000882 seconds, Stopping threads took: 0.0000336 seconds
2018-12-06T14:32:25.202-0100: 1366.611: Total time for which application threads were stopped: 0.0001114 seconds, Stopping threads took: 0.0000666 seconds
2018-12-06T14:32:25.262-0100: 1366.671: Total time for which application threads were stopped: 0.0000851 seconds, Stopping threads took: 0.0000166 seconds
2018-12-06T14:32:25.271-0100: 1366.680: Total time for which application threads were stopped: 0.0000541 seconds, Stopping threads took: 0.0000118 seconds
2018-12-06T14:32:25.273-0100: 1366.682: Total time for which application threads were stopped: 0.0000496 seconds, Stopping threads took: 0.0000112 seconds
2018-12-06T14:32:25.277-0100: 1366.687: Total time for which application threads were stopped: 0.0003768 seconds, Stopping threads took: 0.0000116 seconds
2018-12-06T14:32:25.291-0100: 1366.701: Total time for which application threads were stopped: 0.0001046 seconds, Stopping threads took: 0.0000236 seconds
2018-12-06T14:32:25.292-0100: 1366.701: Total time for which application threads were stopped: 0.0000535 seconds, Stopping threads took: 0.0000229 seconds
2018-12-06T14:32:25.292-0100: 1366.701: Total time for which application threads were stopped: 0.0000584 seconds, Stopping threads took: 0.0000250 seconds
2018-12-06T14:32:25.296-0100: 1366.705: Total time for which application threads were stopped: 0.0000785 seconds, Stopping threads took: 0.0000156 seconds
2018-12-06T14:32:25.296-0100: 1366.705: Total time for which application threads were stopped: 0.0000868 seconds, Stopping threads took: 0.0000313 seconds
{Heap before GC invocations=10 (full 1):
 par new generation   total 109248K, used 109248K [0x00000007a0000000, 0x00000007a8000000, 0x00000007a8000000)
  eden space 87424K, 100% used [0x00000007a0000000, 0x00000007a5560000, 0x00000007a5560000)
  from space 21824K, 100% used [0x00000007a5560000, 0x00000007a6ab0000, 0x00000007a6ab0000)
  to   space 21824K,   0% used [0x00000007a6ab0000, 0x00000007a6ab0000, 0x00000007a8000000)
 concurrent mark-sweep generation total 393216K, used 7339K [0x00000007a8000000, 0x00000007c0000000, 0x00000007c0000000)
 Metaspace       used 40521K, capacity 41767K, committed 41952K, reserved 1085440K
  class space    used 5010K, capacity 5333K, committed 5344K, reserved 1048576K
2018-12-06T14:32:30.036-0100: 1371.445: [GC (Allocation Failure) 2018-12-06T14:32:30.036-0100: 1371.445: [ParNew
Desired survivor size 20112992 bytes, new threshold 8 (max 8)
- age   1:    1677336 bytes,    1677336 total
- age   2:    7133832 bytes,    8811168 total
- age   3:     728624 bytes,    9539792 total
- age   4:      78984 bytes,    9618776 total
- age   5:    1094224 bytes,   10713000 total
- age   6:     856328 bytes,   11569328 total
- age   7:     451832 bytes,   12021160 total
- age   8:    1101256 bytes,   13122416 total
: 109248K->18496K(109248K), 0.0088045 secs] 116587K->26846K(502464K), 0.0088818 secs] [Times: user=0.03 sys=0.00, real=0.01 secs] 
Heap after GC invocations=11 (full 1):
 par new generation   total 109248K, used 18496K [0x00000007a0000000, 0x00000007a8000000, 0x00000007a8000000)
  eden space 87424K,   0% used [0x00000007a0000000, 0x00000007a0000000, 0x00000007a5560000)
  from space 21824K,  84% used [0x00000007a6ab0000, 0x00000007a7cc0170, 0x00000007a8000000)
  to   space 21824K,   0% used [0x00000007a5560000, 0x00000007a5560000, 0x00000007a6ab0000)
 concurrent mark-sweep generation total 393216K, used 8349K [0x00000007a8000000, 0x00000007c0000000, 0x00000007c0000000)
 Metaspace       used 40521K, capacity 41767K, committed 41952K, reserved 1085440K
  class space    used 5010K, capacity 5333K, committed 5344K, reserved 1048576K
}
2018-12-06T14:32:30.045-0100: 1371.454: Total time for which application threads were stopped: 0.0090925 seconds, Stopping threads took: 0.0000332 seconds
2018-12-06T14:32:30.045-0100: 1371.455: Total time for which application threads were stopped: 0.0001505 seconds, Stopping threads took: 0.0000806 seconds
2018-12-06T14:32:30.077-0100: 1371.487: Total time for which application threads were stopped: 0.0001285 seconds, Stopping threads took: 0.0000184 seconds
2018-12-06T14:32:30.078-0100: 1371.487: Total time for which application threads were stopped: 0.0000516 seconds, Stopping threads took: 0.0000120 seconds
2018-12-06T14:32:30.079-0100: 1371.489: Total time for which application threads were stopped: 0.0000493 seconds, Stopping threads took: 0.0000106 seconds
2018-12-06T14:32:30.086-0100: 1371.495: Total time for which application threads were stopped: 0.0001040 seconds, Stopping threads took: 0.0000373 seconds
2018-12-06T14:32:30.110-0100: 1371.520: Total time for which application threads were stopped: 0.0001162 seconds, Stopping threads took: 0.0000364 seconds
2018-12-06T14:32:30.111-0100: 1371.521: Total time for which application threads were stopped: 0.0000484 seconds, Stopping threads took: 0.0000097 seconds
2018-12-06T14:32:30.112-0100: 1371.521: Total time for which application threads were stopped: 0.0000487 seconds, Stopping threads took: 0.0000092 seconds
2018-12-06T14:32:30.115-0100: 1371.524: Total time for which application threads were stopped: 0.0005074 seconds, Stopping threads took: 0.0000175 seconds
2018-12-06T14:32:30.127-0100: 1371.537: Total time for which application threads were stopped: 0.0000981 seconds, Stopping threads took: 0.0000333 seconds
2018-12-06T14:32:30.128-0100: 1371.537: Total time for which application threads were stopped: 0.0000764 seconds, Stopping threads took: 0.0000443 seconds
2018-12-06T14:32:30.134-0100: 1371.544: Total time for which application threads were stopped: 0.0001061 seconds, Stopping threads took: 0.0000300 seconds
2018-12-06T14:32:30.136-0100: 1371.546: Total time for which application threads were stopped: 0.0000728 seconds, Stopping threads took: 0.0000205 seconds
2018-12-06T14:32:30.136-0100: 1371.546: Total time for which application threads were stopped: 0.0000823 seconds, Stopping threads took: 0.0000274 seconds
2018-12-06T14:32:30.136-0100: 1371.546: Total time for which application threads were stopped: 0.0000433 seconds, Stopping threads took: 0.0000094 seconds
2018-12-06T14:32:30.136-0100: 1371.546: Total time for which application threads were stopped: 0.0000626 seconds, Stopping threads took: 0.0000240 seconds
2018-12-06T14:32:30.136-0100: 1371.546: Total time for which application threads were stopped: 0.0000639 seconds, Stopping threads took: 0.0000210 seconds
2018-12-06T14:32:30.136-0100: 1371.546: Total time for which application threads were stopped: 0.0000634 seconds, Stopping threads took: 0.0000356 seconds
2018-12-06T14:32:30.137-0100: 1371.546: Total time for which application threads were stopped: 0.0000844 seconds, Stopping threads took: 0.0000545 seconds
2018-12-06T14:32:31.141-0100: 1372.551: Total time for which application threads were stopped: 0.0001231 seconds, Stopping threads took: 0.0000251 seconds
2018-12-06T14:32:31.155-0100: 1372.565: Total time for which application threads were stopped: 0.0000973 seconds, Stopping threads took: 0.0000208 seconds
2018-12-06T14:32:31.155-0100: 1372.565: Total time for which application threads were stopped: 0.0000403 seconds, Stopping threads took: 0.0000086 seconds
2018-12-06T14:32:31.155-0100: 1372.565: Total time for which application threads were stopped: 0.0000722 seconds, Stopping threads took: 0.0000227 seconds
2018-12-06T14:32:31.156-0100: 1372.565: Total time for which application threads were stopped: 0.0001040 seconds, Stopping threads took: 0.0000664 seconds
2018-12-06T14:32:31.156-0100: 1372.566: Total time for which application threads were stopped: 0.0000444 seconds, Stopping threads took: 0.0000089 seconds
2018-12-06T14:32:31.156-0100: 1372.566: Total time for which application threads were stopped: 0.0000663 seconds, Stopping threads took: 0.0000117 seconds
2018-12-06T14:32:31.156-0100: 1372.566: Total time for which application threads were stopped: 0.0000528 seconds, Stopping threads took: 0.0000206 seconds
2018-12-06T14:32:31.156-0100: 1372.566: Total time for which application threads were stopped: 0.0001363 seconds, Stopping threads took: 0.0000126 seconds
2018-12-06T14:32:31.162-0100: 1372.572: Total time for which application threads were stopped: 0.0000631 seconds, Stopping threads took: 0.0000137 seconds
2018-12-06T14:32:31.162-0100: 1372.572: Total time for which application threads were stopped: 0.0000503 seconds, Stopping threads took: 0.0000096 seconds
2018-12-06T14:32:31.172-0100: 1372.582: Total time for which application threads were stopped: 0.0000542 seconds, Stopping threads took: 0.0000115 seconds
2018-12-06T14:32:31.172-0100: 1372.582: Total time for which application threads were stopped: 0.0000357 seconds, Stopping threads took: 0.0000075 seconds
2018-12-06T14:32:32.863-0100: 1374.273: Total time for which application threads were stopped: 0.0001368 seconds, Stopping threads took: 0.0000651 seconds
2018-12-06T14:32:32.864-0100: 1374.274: Total time for which application threads were stopped: 0.0000991 seconds, Stopping threads took: 0.0000364 seconds
2018-12-06T14:32:32.865-0100: 1374.275: Total time for which application threads were stopped: 0.0000942 seconds, Stopping threads took: 0.0000502 seconds
2018-12-06T14:32:32.865-0100: 1374.275: Total time for which application threads were stopped: 0.0001093 seconds, Stopping threads took: 0.0000605 seconds
2018-12-06T14:32:32.866-0100: 1374.276: Total time for which application threads were stopped: 0.0001134 seconds, Stopping threads took: 0.0000392 seconds
2018-12-06T14:32:32.866-0100: 1374.276: Total time for which application threads were stopped: 0.0001555 seconds, Stopping threads took: 0.0000474 seconds
2018-12-06T14:32:32.867-0100: 1374.276: Total time for which application threads were stopped: 0.0000765 seconds, Stopping threads took: 0.0000354 seconds
2018-12-06T14:32:32.867-0100: 1374.276: Total time for which application threads were stopped: 0.0000867 seconds, Stopping threads took: 0.0000422 seconds
2018-12-06T14:32:32.867-0100: 1374.277: Total time for which application threads were stopped: 0.0000727 seconds, Stopping threads took: 0.0000311 seconds
2018-12-06T14:32:32.867-0100: 1374.277: Total time for which application threads were stopped: 0.0000836 seconds, Stopping threads took: 0.0000460 seconds
2018-12-06T14:32:32.868-0100: 1374.278: Total time for which application threads were stopped: 0.0001105 seconds, Stopping threads took: 0.0000605 seconds
2018-12-06T14:32:32.868-0100: 1374.278: Total time for which application threads were stopped: 0.0000969 seconds, Stopping threads took: 0.0000489 seconds
2018-12-06T14:32:32.869-0100: 1374.279: Total time for which application threads were stopped: 0.0001789 seconds, Stopping threads took: 0.0000961 seconds
2018-12-06T14:32:32.869-0100: 1374.279: Total time for which application threads were stopped: 0.0001471 seconds, Stopping threads took: 0.0000546 seconds
2018-12-06T14:32:32.870-0100: 1374.279: Total time for which application threads were stopped: 0.0001048 seconds, Stopping threads took: 0.0000446 seconds
2018-12-06T14:32:32.870-0100: 1374.279: Total time for which application threads were stopped: 0.0001191 seconds, Stopping threads took: 0.0000445 seconds
2018-12-06T14:32:32.870-0100: 1374.280: Total time for which application threads were stopped: 0.0001176 seconds, Stopping threads took: 0.0000413 seconds
2018-12-06T14:32:32.871-0100: 1374.281: Total time for which application threads were stopped: 0.0001246 seconds, Stopping threads took: 0.0000459 seconds
2018-12-06T14:32:32.875-0100: 1374.285: Total time for which application threads were stopped: 0.0001052 seconds, Stopping threads took: 0.0000152 seconds
2018-12-06T14:32:32.875-0100: 1374.285: Total time for which application threads were stopped: 0.0001087 seconds, Stopping threads took: 0.0000255 seconds
2018-12-06T14:32:32.875-0100: 1374.285: Total time for which application threads were stopped: 0.0000863 seconds, Stopping threads took: 0.0000283 seconds
2018-12-06T14:32:32.875-0100: 1374.285: Total time for which application threads were stopped: 0.0000829 seconds, Stopping threads took: 0.0000230 seconds
2018-12-06T14:32:32.877-0100: 1374.287: Total time for which application threads were stopped: 0.0000842 seconds, Stopping threads took: 0.0000280 seconds
2018-12-06T14:32:32.878-0100: 1374.287: Total time for which application threads were stopped: 0.0001275 seconds, Stopping threads took: 0.0000460 seconds
2018-12-06T14:32:32.878-0100: 1374.288: Total time for which application threads were stopped: 0.0000984 seconds, Stopping threads took: 0.0000501 seconds
2018-12-06T14:32:32.878-0100: 1374.288: Total time for which application threads were stopped: 0.0001137 seconds, Stopping threads took: 0.0000678 seconds
2018-12-06T14:32:32.884-0100: 1374.294: Total time for which application threads were stopped: 0.0000804 seconds, Stopping threads took: 0.0000280 seconds
2018-12-06T14:32:32.884-0100: 1374.294: Total time for which application threads were stopped: 0.0000713 seconds, Stopping threads took: 0.0000172 seconds
2018-12-06T14:32:32.888-0100: 1374.298: Total time for which application threads were stopped: 0.0001338 seconds, Stopping threads took: 0.0000139 seconds
2018-12-06T14:32:32.888-0100: 1374.298: Total time for which application threads were stopped: 0.0000468 seconds, Stopping threads took: 0.0000075 seconds
2018-12-06T14:32:34.771-0100: 1376.181: Total time for which application threads were stopped: 0.0001042 seconds, Stopping threads took: 0.0000268 seconds
2018-12-06T14:32:34.771-0100: 1376.181: Total time for which application threads were stopped: 0.0000598 seconds, Stopping threads took: 0.0000107 seconds
2018-12-06T14:32:34.781-0100: 1376.190: Total time for which application threads were stopped: 0.0000508 seconds, Stopping threads took: 0.0000121 seconds
2018-12-06T14:32:34.781-0100: 1376.191: Total time for which application threads were stopped: 0.0000320 seconds, Stopping threads took: 0.0000056 seconds
2018-12-06T14:32:39.152-0100: 1380.562: Total time for which application threads were stopped: 0.0000922 seconds, Stopping threads took: 0.0000256 seconds
2018-12-06T14:32:39.155-0100: 1380.565: Total time for which application threads were stopped: 0.0000656 seconds, Stopping threads took: 0.0000196 seconds
2018-12-06T14:32:39.166-0100: 1380.576: Total time for which application threads were stopped: 0.0000782 seconds, Stopping threads took: 0.0000251 seconds
2018-12-06T14:32:40.171-0100: 1381.582: Total time for which application threads were stopped: 0.0001840 seconds, Stopping threads took: 0.0000325 seconds
2018-12-06T14:32:41.176-0100: 1382.586: Total time for which application threads were stopped: 0.0001399 seconds, Stopping threads took: 0.0000348 seconds
2018-12-06T14:32:59.856-0100: 1401.266: Total time for which application threads were stopped: 0.0000914 seconds, Stopping threads took: 0.0000194 seconds
2018-12-06T14:33:00.860-0100: 1402.270: Total time for which application threads were stopped: 0.0001119 seconds, Stopping threads took: 0.0000246 seconds
2018-12-06T14:33:32.884-0100: 1434.297: Total time for which application threads were stopped: 0.0001264 seconds, Stopping threads took: 0.0000309 seconds
2018-12-06T14:33:34.783-0100: 1436.195: Total time for which application threads were stopped: 0.0001549 seconds, Stopping threads took: 0.0000571 seconds
{Heap before GC invocations=11 (full 1):
 par new generation   total 109248K, used 105920K [0x00000007a0000000, 0x00000007a8000000, 0x00000007a8000000)
  eden space 87424K, 100% used [0x00000007a0000000, 0x00000007a5560000, 0x00000007a5560000)
  from space 21824K,  84% used [0x00000007a6ab0000, 0x00000007a7cc0170, 0x00000007a8000000)
  to   space 21824K,   0% used [0x00000007a5560000, 0x00000007a5560000, 0x00000007a6ab0000)
 concurrent mark-sweep generation total 393216K, used 8349K [0x00000007a8000000, 0x00000007c0000000, 0x00000007c0000000)
 Metaspace       used 41465K, capacity 42725K, committed 42848K, reserved 1087488K
  class space    used 5107K, capacity 5418K, committed 5472K, reserved 1048576K
2018-12-06T14:33:40.449-0100: 1441.861: [GC (Allocation Failure) 2018-12-06T14:33:40.449-0100: 1441.861: [ParNew
Desired survivor size 20112992 bytes, new threshold 8 (max 8)
- age   1:    2922832 bytes,    2922832 total
- age   2:     745192 bytes,    3668024 total
- age   3:    4652920 bytes,    8320944 total
- age   4:     728504 bytes,    9049448 total
- age   5:      77720 bytes,    9127168 total
- age   6:    1093920 bytes,   10221088 total
- age   7:     854976 bytes,   11076064 total
- age   8:     451248 bytes,   11527312 total
: 105920K->15096K(109248K), 0.0114352 secs] 114270K->24538K(502464K), 0.0115206 secs] [Times: user=0.04 sys=0.00, real=0.02 secs] 
Heap after GC invocations=12 (full 1):
 par new generation   total 109248K, used 15096K [0x00000007a0000000, 0x00000007a8000000, 0x00000007a8000000)
  eden space 87424K,   0% used [0x00000007a0000000, 0x00000007a0000000, 0x00000007a5560000)
  from space 21824K,  69% used [0x00000007a5560000, 0x00000007a641e200, 0x00000007a6ab0000)
  to   space 21824K,   0% used [0x00000007a6ab0000, 0x00000007a6ab0000, 0x00000007a8000000)
 concurrent mark-sweep generation total 393216K, used 9441K [0x00000007a8000000, 0x00000007c0000000, 0x00000007c0000000)
 Metaspace       used 41465K, capacity 42725K, committed 42848K, reserved 1087488K
  class space    used 5107K, capacity 5418K, committed 5472K, reserved 1048576K
}
2018-12-06T14:33:40.460-0100: 1441.873: Total time for which application threads were stopped: 0.0117259 seconds, Stopping threads took: 0.0000274 seconds
2018-12-06T14:33:40.461-0100: 1441.873: Total time for which application threads were stopped: 0.0001313 seconds, Stopping threads took: 0.0000686 seconds
2018-12-06T14:33:40.461-0100: 1441.873: Total time for which application threads were stopped: 0.0000601 seconds, Stopping threads took: 0.0000193 seconds
2018-12-06T14:34:01.594-0100: 1463.007: Total time for which application threads were stopped: 0.0000985 seconds, Stopping threads took: 0.0000304 seconds
2018-12-06T14:34:02.599-0100: 1464.012: Total time for which application threads were stopped: 0.0002713 seconds, Stopping threads took: 0.0000561 seconds
2018-12-06T14:34:33.678-0100: 1495.092: Total time for which application threads were stopped: 0.0001433 seconds, Stopping threads took: 0.0000393 seconds
2018-12-06T14:34:40.703-0100: 1502.118: Total time for which application threads were stopped: 0.0002685 seconds, Stopping threads took: 0.0000738 seconds
2018-12-06T14:36:41.110-0100: 1622.530: Total time for which application threads were stopped: 0.0002378 seconds, Stopping threads took: 0.0000608 seconds
2018-12-06T14:37:41.293-0100: 1682.716: Total time for which application threads were stopped: 0.0001299 seconds, Stopping threads took: 0.0000326 seconds
2018-12-06T14:41:40.532-0100: 1921.965: Total time for which application threads were stopped: 0.0002438 seconds, Stopping threads took: 0.0000777 seconds
2018-12-06T14:43:40.914-0100: 2042.352: Total time for which application threads were stopped: 0.0001427 seconds, Stopping threads took: 0.0000361 seconds
2018-12-06T14:44:41.110-0100: 2102.550: Total time for which application threads were stopped: 0.0002345 seconds, Stopping threads took: 0.0000633 seconds
2018-12-06T14:46:40.755-0100: 2222.200: Total time for which application threads were stopped: 0.0000960 seconds, Stopping threads took: 0.0000253 seconds
2018-12-06T14:48:40.695-0100: 2342.145: Total time for which application threads were stopped: 0.0002863 seconds, Stopping threads took: 0.0001068 seconds
2018-12-06T14:57:41.152-0100: 2882.624: Total time for which application threads were stopped: 0.0003113 seconds, Stopping threads took: 0.0000930 seconds
2018-12-06T15:02:01.134-0100: 3142.618: Total time for which application threads were stopped: 0.0002159 seconds, Stopping threads took: 0.0000585 seconds
2018-12-06T15:02:02.139-0100: 3143.622: Total time for which application threads were stopped: 0.0001557 seconds, Stopping threads took: 0.0000434 seconds
2018-12-06T15:02:41.260-0100: 3182.745: Total time for which application threads were stopped: 0.0001284 seconds, Stopping threads took: 0.0000317 seconds
2018-12-06T15:05:40.823-0100: 3362.315: Total time for which application threads were stopped: 0.0001468 seconds, Stopping threads took: 0.0000472 seconds
2018-12-06T15:11:41.656-0100: 3723.163: Total time for which application threads were stopped: 0.0003052 seconds, Stopping threads took: 0.0001009 seconds
2018-12-06T15:14:41.061-0100: 3902.576: Total time for which application threads were stopped: 0.0001776 seconds, Stopping threads took: 0.0000568 seconds
2018-12-06T15:20:30.820-0100: 4252.350: Total time for which application threads were stopped: 0.0002746 seconds, Stopping threads took: 0.0001022 seconds
2018-12-06T15:21:41.383-0100: 4322.915: Total time for which application threads were stopped: 0.0003555 seconds, Stopping threads took: 0.0001142 seconds
2018-12-06T15:22:40.893-0100: 4382.428: Total time for which application threads were stopped: 0.0002294 seconds, Stopping threads took: 0.0000612 seconds
2018-12-06T15:24:40.880-0100: 4502.420: Total time for which application threads were stopped: 0.0001581 seconds, Stopping threads took: 0.0000615 seconds
2018-12-06T15:26:40.873-0100: 4622.418: Total time for which application threads were stopped: 0.0001354 seconds, Stopping threads took: 0.0000385 seconds
2018-12-06T15:27:41.358-0100: 4682.906: Total time for which application threads were stopped: 0.0002347 seconds, Stopping threads took: 0.0001118 seconds
2018-12-06T15:34:40.844-0100: 5102.409: Total time for which application threads were stopped: 0.0001754 seconds, Stopping threads took: 0.0000465 seconds
2018-12-06T15:35:01.010-0100: 5122.575: Total time for which application threads were stopped: 0.0001711 seconds, Stopping threads took: 0.0000441 seconds
2018-12-06T15:41:41.363-0100: 5522.946: Total time for which application threads were stopped: 0.0002735 seconds, Stopping threads took: 0.0001253 seconds
2018-12-06T15:49:41.256-0100: 6002.858: Total time for which application threads were stopped: 0.0001482 seconds, Stopping threads took: 0.0000508 seconds
2018-12-06T16:01:41.128-0100: 6722.761: Total time for which application threads were stopped: 0.0002491 seconds, Stopping threads took: 0.0000838 seconds
2018-12-06T16:04:41.592-0100: 6903.232: Total time for which application threads were stopped: 0.0000910 seconds, Stopping threads took: 0.0000242 seconds
2018-12-06T16:09:41.102-0100: 7202.754: Total time for which application threads were stopped: 0.0002525 seconds, Stopping threads took: 0.0000858 seconds
2018-12-06T16:12:40.565-0100: 7382.225: Total time for which application threads were stopped: 0.0002600 seconds, Stopping threads took: 0.0000767 seconds
2018-12-06T16:12:41.575-0100: 7383.235: Total time for which application threads were stopped: 0.0002726 seconds, Stopping threads took: 0.0000969 seconds
2018-12-06T16:13:42.049-0100: 7443.712: Total time for which application threads were stopped: 0.0002971 seconds, Stopping threads took: 0.0000819 seconds
2018-12-06T16:16:41.497-0100: 7623.167: Total time for which application threads were stopped: 0.0002689 seconds, Stopping threads took: 0.0000666 seconds
2018-12-06T16:17:41.994-0100: 7683.667: Total time for which application threads were stopped: 0.0002623 seconds, Stopping threads took: 0.0000802 seconds
2018-12-06T16:18:01.126-0100: 7702.800: Total time for which application threads were stopped: 0.0001192 seconds, Stopping threads took: 0.0000329 seconds
2018-12-06T16:18:51.500-0100: 7753.176: Total time for which application threads were stopped: 0.0001525 seconds, Stopping threads took: 0.0000386 seconds
2018-12-06T16:21:54.776-0100: 7936.459: Total time for which application threads were stopped: 0.0001070 seconds, Stopping threads took: 0.0000193 seconds
2018-12-06T16:27:08.661-0100: 8250.357: Total time for which application threads were stopped: 0.0001587 seconds, Stopping threads took: 0.0000200 seconds
2018-12-06T16:27:33.724-0100: 8275.422: Total time for which application threads were stopped: 0.0001012 seconds, Stopping threads took: 0.0000248 seconds
2018-12-06T16:27:41.750-0100: 8283.448: Total time for which application threads were stopped: 0.0002531 seconds, Stopping threads took: 0.0000668 seconds
2018-12-06T16:27:52.781-0100: 8294.479: Total time for which application threads were stopped: 0.0002321 seconds, Stopping threads took: 0.0000310 seconds
2018-12-06T16:28:51.936-0100: 8353.637: Total time for which application threads were stopped: 0.0001018 seconds, Stopping threads took: 0.0000208 seconds
2018-12-06T16:30:03.127-0100: 8424.831: Total time for which application threads were stopped: 0.0000953 seconds, Stopping threads took: 0.0000231 seconds
2018-12-06T16:31:00.309-0100: 8482.015: Total time for which application threads were stopped: 0.0002122 seconds, Stopping threads took: 0.0000515 seconds
2018-12-06T16:31:35.416-0100: 8517.124: Total time for which application threads were stopped: 0.0001558 seconds, Stopping threads took: 0.0000413 seconds
2018-12-06T16:31:50.454-0100: 8532.162: Total time for which application threads were stopped: 0.0004067 seconds, Stopping threads took: 0.0001461 seconds
2018-12-06T16:33:33.740-0100: 8635.453: Total time for which application threads were stopped: 0.0001240 seconds, Stopping threads took: 0.0000276 seconds
2018-12-06T16:33:50.784-0100: 8652.497: Total time for which application threads were stopped: 0.0001479 seconds, Stopping threads took: 0.0000373 seconds
2018-12-06T16:34:08.830-0100: 8670.544: Total time for which application threads were stopped: 0.0001822 seconds, Stopping threads took: 0.0000641 seconds
2018-12-06T16:34:48.942-0100: 8710.657: Total time for which application threads were stopped: 0.0001643 seconds, Stopping threads took: 0.0000382 seconds
2018-12-06T16:35:02.975-0100: 8724.691: Total time for which application threads were stopped: 0.0001575 seconds, Stopping threads took: 0.0000367 seconds
2018-12-06T16:35:15.003-0100: 8736.719: Total time for which application threads were stopped: 0.0000948 seconds, Stopping threads took: 0.0000253 seconds
2018-12-06T16:40:30.382-0100: 9052.112: Total time for which application threads were stopped: 0.0002125 seconds, Stopping threads took: 0.0000376 seconds
2018-12-06T16:40:30.384-0100: 9052.113: Total time for which application threads were stopped: 0.0001532 seconds, Stopping threads took: 0.0000605 seconds
2018-12-06T16:40:30.384-0100: 9052.114: Total time for which application threads were stopped: 0.0000766 seconds, Stopping threads took: 0.0000264 seconds
2018-12-06T16:40:30.384-0100: 9052.114: Total time for which application threads were stopped: 0.0000442 seconds, Stopping threads took: 0.0000130 seconds
2018-12-06T16:40:30.385-0100: 9052.114: Total time for which application threads were stopped: 0.0000575 seconds, Stopping threads took: 0.0000181 seconds
2018-12-06T16:40:30.385-0100: 9052.114: Total time for which application threads were stopped: 0.0000454 seconds, Stopping threads took: 0.0000081 seconds
2018-12-06T16:40:30.385-0100: 9052.114: Total time for which application threads were stopped: 0.0000620 seconds, Stopping threads took: 0.0000254 seconds
2018-12-06T16:40:30.385-0100: 9052.115: Total time for which application threads were stopped: 0.0000379 seconds, Stopping threads took: 0.0000073 seconds
2018-12-06T16:40:30.385-0100: 9052.115: Total time for which application threads were stopped: 0.0000641 seconds, Stopping threads took: 0.0000073 seconds
2018-12-06T16:40:30.385-0100: 9052.115: Total time for which application threads were stopped: 0.0000555 seconds, Stopping threads took: 0.0000214 seconds
2018-12-06T16:40:30.386-0100: 9052.115: Total time for which application threads were stopped: 0.0000430 seconds, Stopping threads took: 0.0000083 seconds
2018-12-06T16:40:30.386-0100: 9052.115: Total time for which application threads were stopped: 0.0000569 seconds, Stopping threads took: 0.0000186 seconds
2018-12-06T16:40:30.393-0100: 9052.123: Total time for which application threads were stopped: 0.0000791 seconds, Stopping threads took: 0.0000116 seconds
2018-12-06T16:40:30.393-0100: 9052.123: Total time for which application threads were stopped: 0.0000599 seconds, Stopping threads took: 0.0000214 seconds
2018-12-06T16:40:30.402-0100: 9052.131: Total time for which application threads were stopped: 0.0000771 seconds, Stopping threads took: 0.0000296 seconds
2018-12-06T16:40:30.402-0100: 9052.131: Total time for which application threads were stopped: 0.0000781 seconds, Stopping threads took: 0.0000386 seconds
2018-12-06T16:41:30.401-0100: 9112.133: Total time for which application threads were stopped: 0.0001399 seconds, Stopping threads took: 0.0000303 seconds
2018-12-06T16:44:41.975-0100: 9303.715: Total time for which application threads were stopped: 0.0001594 seconds, Stopping threads took: 0.0000343 seconds
2018-12-06T16:45:05.030-0100: 9326.771: Total time for which application threads were stopped: 0.0001516 seconds, Stopping threads took: 0.0000347 seconds
2018-12-06T16:45:14.057-0100: 9335.798: Total time for which application threads were stopped: 0.0002662 seconds, Stopping threads took: 0.0000702 seconds
2018-12-06T16:45:47.146-0100: 9368.888: Total time for which application threads were stopped: 0.0001131 seconds, Stopping threads took: 0.0000278 seconds
2018-12-06T16:45:49.148-0100: 9370.891: Total time for which application threads were stopped: 0.0001267 seconds, Stopping threads took: 0.0000250 seconds
2018-12-06T16:47:03.362-0100: 9445.108: Total time for which application threads were stopped: 0.0001349 seconds, Stopping threads took: 0.0000307 seconds
2018-12-06T16:48:24.594-0100: 9526.344: Total time for which application threads were stopped: 0.0001320 seconds, Stopping threads took: 0.0000294 seconds
2018-12-06T16:50:25.925-0100: 9647.680: Total time for which application threads were stopped: 0.0001096 seconds, Stopping threads took: 0.0000287 seconds
2018-12-06T16:50:34.955-0100: 9656.709: Total time for which application threads were stopped: 0.0001497 seconds, Stopping threads took: 0.0000377 seconds
2018-12-06T16:52:41.311-0100: 9783.072: Total time for which application threads were stopped: 0.0002202 seconds, Stopping threads took: 0.0000538 seconds
2018-12-06T16:53:42.483-0100: 9844.246: Total time for which application threads were stopped: 0.0001013 seconds, Stopping threads took: 0.0000259 seconds
2018-12-06T16:55:52.607-0100: 9974.375: Total time for which application threads were stopped: 0.0001745 seconds, Stopping threads took: 0.0000181 seconds
2018-12-06T17:05:50.246-0100: 10572.039: Total time for which application threads were stopped: 0.0001104 seconds, Stopping threads took: 0.0000388 seconds
2018-12-06T17:06:04.283-0100: 10586.077: Total time for which application threads were stopped: 0.0001028 seconds, Stopping threads took: 0.0000230 seconds
2018-12-06T17:06:41.384-0100: 10623.179: Total time for which application threads were stopped: 0.0001410 seconds, Stopping threads took: 0.0000368 seconds
2018-12-06T17:07:05.445-0100: 10647.241: Total time for which application threads were stopped: 0.0001066 seconds, Stopping threads took: 0.0000252 seconds
2018-12-06T17:07:31.512-0100: 10673.309: Total time for which application threads were stopped: 0.0003612 seconds, Stopping threads took: 0.0000626 seconds
2018-12-06T17:07:41.542-0100: 10683.340: Total time for which application threads were stopped: 0.0001682 seconds, Stopping threads took: 0.0000356 seconds
2018-12-06T17:08:32.687-0100: 10734.487: Total time for which application threads were stopped: 0.0001275 seconds, Stopping threads took: 0.0000297 seconds
2018-12-06T17:10:46.053-0100: 10867.858: Total time for which application threads were stopped: 0.0000958 seconds, Stopping threads took: 0.0000243 seconds
2018-12-06T17:11:27.167-0100: 10908.974: Total time for which application threads were stopped: 0.0002530 seconds, Stopping threads took: 0.0000720 seconds
2018-12-06T17:11:29.175-0100: 10910.982: Total time for which application threads were stopped: 0.0001124 seconds, Stopping threads took: 0.0000252 seconds
2018-12-06T17:11:30.178-0100: 10911.985: Total time for which application threads were stopped: 0.0000972 seconds, Stopping threads took: 0.0000228 seconds
2018-12-06T17:17:42.236-0100: 11284.059: Total time for which application threads were stopped: 0.0001310 seconds, Stopping threads took: 0.0000368 seconds
2018-12-06T17:22:42.074-0100: 11583.909: Total time for which application threads were stopped: 0.0002397 seconds, Stopping threads took: 0.0000322 seconds
2018-12-06T17:23:52.262-0100: 11654.100: Total time for which application threads were stopped: 0.0001180 seconds, Stopping threads took: 0.0000324 seconds
2018-12-06T17:24:41.233-0100: 11703.073: Total time for which application threads were stopped: 0.0001554 seconds, Stopping threads took: 0.0000267 seconds
2018-12-06T17:24:42.233-0100: 11704.076: Total time for which application threads were stopped: 0.0035985 seconds, Stopping threads took: 0.0000352 seconds
2018-12-06T17:24:51.256-0100: 11713.096: Total time for which application threads were stopped: 0.0001389 seconds, Stopping threads took: 0.0000405 seconds
2018-12-06T17:25:23.323-0100: 11745.165: Total time for which application threads were stopped: 0.0001808 seconds, Stopping threads took: 0.0000395 seconds
2018-12-06T17:26:55.578-0100: 11837.424: Total time for which application threads were stopped: 0.0001467 seconds, Stopping threads took: 0.0000325 seconds
2018-12-06T17:27:05.600-0100: 11847.447: Total time for which application threads were stopped: 0.0002469 seconds, Stopping threads took: 0.0000669 seconds
2018-12-06T17:27:15.635-0100: 11857.482: Total time for which application threads were stopped: 0.0001478 seconds, Stopping threads took: 0.0000372 seconds
2018-12-06T17:27:19.646-0100: 11861.493: Total time for which application threads were stopped: 0.0001358 seconds, Stopping threads took: 0.0000323 seconds
2018-12-06T17:27:41.692-0100: 11883.540: Total time for which application threads were stopped: 0.0001096 seconds, Stopping threads took: 0.0000361 seconds
2018-12-06T17:27:53.734-0100: 11895.582: Total time for which application threads were stopped: 0.0002339 seconds, Stopping threads took: 0.0000578 seconds
2018-12-06T17:28:12.781-0100: 11914.630: Total time for which application threads were stopped: 0.0001715 seconds, Stopping threads took: 0.0000385 seconds
2018-12-06T17:29:57.084-0100: 12018.938: Total time for which application threads were stopped: 0.0001362 seconds, Stopping threads took: 0.0000306 seconds
2018-12-06T17:31:19.307-0100: 12101.163: Total time for which application threads were stopped: 0.0001735 seconds, Stopping threads took: 0.0000412 seconds
2018-12-06T17:31:38.360-0100: 12120.217: Total time for which application threads were stopped: 0.0001579 seconds, Stopping threads took: 0.0000357 seconds
2018-12-06T17:31:43.376-0100: 12125.234: Total time for which application threads were stopped: 0.0001770 seconds, Stopping threads took: 0.0000653 seconds
2018-12-06T17:31:45.383-0100: 12127.241: Total time for which application threads were stopped: 0.0001486 seconds, Stopping threads took: 0.0000374 seconds
2018-12-06T17:32:26.508-0100: 12168.367: Total time for which application threads were stopped: 0.0001464 seconds, Stopping threads took: 0.0000358 seconds
2018-12-06T17:32:32.522-0100: 12174.382: Total time for which application threads were stopped: 0.0001352 seconds, Stopping threads took: 0.0000331 seconds
2018-12-06T17:32:41.554-0100: 12183.414: Total time for which application threads were stopped: 0.0001924 seconds, Stopping threads took: 0.0000463 seconds
2018-12-06T17:32:47.576-0100: 12189.436: Total time for which application threads were stopped: 0.0002656 seconds, Stopping threads took: 0.0001076 seconds
2018-12-06T17:35:34.425-0100: 12356.293: Total time for which application threads were stopped: 0.0001127 seconds, Stopping threads took: 0.0000338 seconds
2018-12-06T17:35:34.425-0100: 12356.293: Total time for which application threads were stopped: 0.0000744 seconds, Stopping threads took: 0.0000283 seconds
2018-12-06T17:35:34.426-0100: 12356.293: Total time for which application threads were stopped: 0.0001661 seconds, Stopping threads took: 0.0000827 seconds
2018-12-06T17:35:34.426-0100: 12356.293: Total time for which application threads were stopped: 0.0001372 seconds, Stopping threads took: 0.0000362 seconds
2018-12-06T17:35:34.426-0100: 12356.293: Total time for which application threads were stopped: 0.0000603 seconds, Stopping threads took: 0.0000078 seconds
2018-12-06T17:35:34.427-0100: 12356.295: Total time for which application threads were stopped: 0.0000741 seconds, Stopping threads took: 0.0000248 seconds
2018-12-06T17:35:34.428-0100: 12356.295: Total time for which application threads were stopped: 0.0000552 seconds, Stopping threads took: 0.0000208 seconds
2018-12-06T17:35:34.428-0100: 12356.295: Total time for which application threads were stopped: 0.0000837 seconds, Stopping threads took: 0.0000496 seconds
2018-12-06T17:35:34.429-0100: 12356.296: Total time for which application threads were stopped: 0.0002057 seconds, Stopping threads took: 0.0000264 seconds
2018-12-06T17:35:34.440-0100: 12356.308: Total time for which application threads were stopped: 0.0001047 seconds, Stopping threads took: 0.0000305 seconds
2018-12-06T17:35:34.440-0100: 12356.308: Total time for which application threads were stopped: 0.0000671 seconds, Stopping threads took: 0.0000300 seconds
2018-12-06T17:35:34.449-0100: 12356.316: Total time for which application threads were stopped: 0.0001402 seconds, Stopping threads took: 0.0000124 seconds
2018-12-06T17:35:34.449-0100: 12356.316: Total time for which application threads were stopped: 0.0001091 seconds, Stopping threads took: 0.0000068 seconds
2018-12-06T17:35:34.449-0100: 12356.316: Total time for which application threads were stopped: 0.0000706 seconds, Stopping threads took: 0.0000056 seconds
2018-12-06T17:35:35.451-0100: 12357.319: Total time for which application threads were stopped: 0.0001825 seconds, Stopping threads took: 0.0000378 seconds
2018-12-06T17:35:37.274-0100: 12359.142: Total time for which application threads were stopped: 0.0001476 seconds, Stopping threads took: 0.0000570 seconds
2018-12-06T17:35:37.275-0100: 12359.142: Total time for which application threads were stopped: 0.0000903 seconds, Stopping threads took: 0.0000280 seconds
2018-12-06T17:35:37.275-0100: 12359.142: Total time for which application threads were stopped: 0.0000913 seconds, Stopping threads took: 0.0000466 seconds
2018-12-06T17:35:37.275-0100: 12359.142: Total time for which application threads were stopped: 0.0001779 seconds, Stopping threads took: 0.0000094 seconds
2018-12-06T17:35:37.275-0100: 12359.143: Total time for which application threads were stopped: 0.0001494 seconds, Stopping threads took: 0.0001133 seconds
2018-12-06T17:35:37.276-0100: 12359.143: Total time for which application threads were stopped: 0.0001775 seconds, Stopping threads took: 0.0001249 seconds
2018-12-06T17:35:37.276-0100: 12359.144: Total time for which application threads were stopped: 0.0000909 seconds, Stopping threads took: 0.0000103 seconds
2018-12-06T17:35:37.277-0100: 12359.144: Total time for which application threads were stopped: 0.0001082 seconds, Stopping threads took: 0.0000325 seconds
2018-12-06T17:35:37.279-0100: 12359.146: Total time for which application threads were stopped: 0.0003630 seconds, Stopping threads took: 0.0000138 seconds
2018-12-06T17:35:37.280-0100: 12359.147: Total time for which application threads were stopped: 0.0000998 seconds, Stopping threads took: 0.0000328 seconds
2018-12-06T17:35:37.283-0100: 12359.150: Total time for which application threads were stopped: 0.0001018 seconds, Stopping threads took: 0.0000350 seconds
2018-12-06T17:35:37.283-0100: 12359.150: Total time for which application threads were stopped: 0.0001006 seconds, Stopping threads took: 0.0000474 seconds
2018-12-06T17:35:37.292-0100: 12359.159: Total time for which application threads were stopped: 0.0000568 seconds, Stopping threads took: 0.0000111 seconds
2018-12-06T17:35:37.292-0100: 12359.159: Total time for which application threads were stopped: 0.0000310 seconds, Stopping threads took: 0.0000052 seconds
2018-12-06T17:35:38.296-0100: 12360.163: Total time for which application threads were stopped: 0.0001447 seconds, Stopping threads took: 0.0000389 seconds
2018-12-06T17:35:38.494-0100: 12360.362: Total time for which application threads were stopped: 0.0001091 seconds, Stopping threads took: 0.0000194 seconds
2018-12-06T17:35:38.495-0100: 12360.362: Total time for which application threads were stopped: 0.0001318 seconds, Stopping threads took: 0.0000405 seconds
2018-12-06T17:35:38.495-0100: 12360.363: Total time for which application threads were stopped: 0.0001114 seconds, Stopping threads took: 0.0000252 seconds
2018-12-06T17:35:38.495-0100: 12360.363: Total time for which application threads were stopped: 0.0000798 seconds, Stopping threads took: 0.0000223 seconds
2018-12-06T17:35:38.497-0100: 12360.365: Total time for which application threads were stopped: 0.0001203 seconds, Stopping threads took: 0.0000444 seconds
2018-12-06T17:35:38.497-0100: 12360.365: Total time for which application threads were stopped: 0.0000984 seconds, Stopping threads took: 0.0000369 seconds
2018-12-06T17:35:38.506-0100: 12360.373: Total time for which application threads were stopped: 0.0001112 seconds, Stopping threads took: 0.0000183 seconds
2018-12-06T17:35:38.506-0100: 12360.373: Total time for which application threads were stopped: 0.0000542 seconds, Stopping threads took: 0.0000102 seconds
2018-12-06T17:35:38.509-0100: 12360.377: Total time for which application threads were stopped: 0.0000639 seconds, Stopping threads took: 0.0000134 seconds
2018-12-06T17:35:38.510-0100: 12360.377: Total time for which application threads were stopped: 0.0000362 seconds, Stopping threads took: 0.0000058 seconds
2018-12-06T17:35:39.766-0100: 12361.633: Total time for which application threads were stopped: 0.0001335 seconds, Stopping threads took: 0.0000281 seconds
2018-12-06T17:35:39.766-0100: 12361.633: Total time for which application threads were stopped: 0.0000713 seconds, Stopping threads took: 0.0000101 seconds
2018-12-06T17:35:39.774-0100: 12361.642: Total time for which application threads were stopped: 0.0000674 seconds, Stopping threads took: 0.0000139 seconds
2018-12-06T17:35:39.774-0100: 12361.642: Total time for which application threads were stopped: 0.0000537 seconds, Stopping threads took: 0.0000083 seconds
2018-12-06T17:35:52.811-0100: 12374.679: Total time for which application threads were stopped: 0.0001124 seconds, Stopping threads took: 0.0000267 seconds
2018-12-06T17:36:24.904-0100: 12406.773: Total time for which application threads were stopped: 0.0002844 seconds, Stopping threads took: 0.0000704 seconds
2018-12-06T17:36:39.777-0100: 12421.647: Total time for which application threads were stopped: 0.0001597 seconds, Stopping threads took: 0.0000347 seconds
2018-12-06T17:38:40.095-0100: 12541.970: Total time for which application threads were stopped: 0.0002553 seconds, Stopping threads took: 0.0000653 seconds
2018-12-06T17:38:50.295-0100: 12552.170: Total time for which application threads were stopped: 0.0001097 seconds, Stopping threads took: 0.0000234 seconds
2018-12-06T17:41:36.744-0100: 12718.627: Total time for which application threads were stopped: 0.0001556 seconds, Stopping threads took: 0.0000516 seconds
2018-12-06T17:43:17.077-0100: 12818.964: Total time for which application threads were stopped: 0.0002519 seconds, Stopping threads took: 0.0000688 seconds
2018-12-06T17:43:21.027-0100: 12822.914: Total time for which application threads were stopped: 0.0002490 seconds, Stopping threads took: 0.0000208 seconds
2018-12-06T17:44:30.221-0100: 12892.111: Total time for which application threads were stopped: 0.0001706 seconds, Stopping threads took: 0.0000397 seconds
2018-12-06T17:44:42.248-0100: 12904.138: Total time for which application threads were stopped: 0.0001634 seconds, Stopping threads took: 0.0000226 seconds
2018-12-06T17:45:02.305-0100: 12924.196: Total time for which application threads were stopped: 0.0001696 seconds, Stopping threads took: 0.0000481 seconds
2018-12-06T17:45:41.409-0100: 12963.302: Total time for which application threads were stopped: 0.0004717 seconds, Stopping threads took: 0.0000993 seconds
2018-12-06T17:46:04.465-0100: 12986.359: Total time for which application threads were stopped: 0.0001121 seconds, Stopping threads took: 0.0000284 seconds
2018-12-06T17:46:22.522-0100: 13004.416: Total time for which application threads were stopped: 0.0002428 seconds, Stopping threads took: 0.0000617 seconds
2018-12-06T17:46:50.594-0100: 13032.490: Total time for which application threads were stopped: 0.0001384 seconds, Stopping threads took: 0.0000312 seconds
2018-12-06T17:48:03.812-0100: 13105.710: Total time for which application threads were stopped: 0.0001393 seconds, Stopping threads took: 0.0000461 seconds
2018-12-06T17:48:28.862-0100: 13130.761: Total time for which application threads were stopped: 0.0001731 seconds, Stopping threads took: 0.0000386 seconds
2018-12-06T17:48:35.877-0100: 13137.777: Total time for which application threads were stopped: 0.0001109 seconds, Stopping threads took: 0.0000246 seconds
2018-12-06T17:49:40.063-0100: 13201.965: Total time for which application threads were stopped: 0.0001636 seconds, Stopping threads took: 0.0000358 seconds
2018-12-06T17:52:19.706-0100: 13361.616: Total time for which application threads were stopped: 0.0001694 seconds, Stopping threads took: 0.0000182 seconds
2018-12-06T17:52:20.708-0100: 13362.617: Total time for which application threads were stopped: 0.0001614 seconds, Stopping threads took: 0.0000486 seconds
2018-12-06T17:56:14.344-0100: 13596.263: Total time for which application threads were stopped: 0.0002279 seconds, Stopping threads took: 0.0000628 seconds
2018-12-06T17:57:22.535-0100: 13664.457: Total time for which application threads were stopped: 0.0002652 seconds, Stopping threads took: 0.0000934 seconds
2018-12-06T17:57:41.594-0100: 13683.517: Total time for which application threads were stopped: 0.0002291 seconds, Stopping threads took: 0.0000539 seconds
2018-12-06T17:58:16.692-0100: 13718.616: Total time for which application threads were stopped: 0.0001759 seconds, Stopping threads took: 0.0000343 seconds
2018-12-06T17:58:18.700-0100: 13720.624: Total time for which application threads were stopped: 0.0002352 seconds, Stopping threads took: 0.0001166 seconds
2018-12-06T17:58:49.797-0100: 13751.722: Total time for which application threads were stopped: 0.0002348 seconds, Stopping threads took: 0.0000421 seconds
2018-12-06T17:58:55.812-0100: 13757.738: Total time for which application threads were stopped: 0.0002048 seconds, Stopping threads took: 0.0000811 seconds
2018-12-06T17:59:41.942-0100: 13803.870: Total time for which application threads were stopped: 0.0002067 seconds, Stopping threads took: 0.0000595 seconds
2018-12-06T18:01:26.259-0100: 13908.191: Total time for which application threads were stopped: 0.0001557 seconds, Stopping threads took: 0.0000392 seconds
2018-12-06T18:01:54.345-0100: 13936.279: Total time for which application threads were stopped: 0.0001147 seconds, Stopping threads took: 0.0000239 seconds
2018-12-06T18:01:55.350-0100: 13937.283: Total time for which application threads were stopped: 0.0001888 seconds, Stopping threads took: 0.0000647 seconds
2018-12-06T18:01:55.366-0100: 13937.299: Total time for which application threads were stopped: 0.0003560 seconds, Stopping threads took: 0.0000270 seconds
2018-12-06T18:02:51.516-0100: 13993.452: Total time for which application threads were stopped: 0.0001753 seconds, Stopping threads took: 0.0000587 seconds
2018-12-06T18:02:55.534-0100: 13997.469: Total time for which application threads were stopped: 0.0002786 seconds, Stopping threads took: 0.0000856 seconds
2018-12-06T18:04:41.860-0100: 14103.800: Total time for which application threads were stopped: 0.0001183 seconds, Stopping threads took: 0.0000309 seconds
2018-12-06T18:04:46.878-0100: 14108.818: Total time for which application threads were stopped: 0.0001116 seconds, Stopping threads took: 0.0000354 seconds
2018-12-06T18:04:49.887-0100: 14111.827: Total time for which application threads were stopped: 0.0001140 seconds, Stopping threads took: 0.0000245 seconds
2018-12-06T18:04:52.900-0100: 14114.841: Total time for which application threads were stopped: 0.0001044 seconds, Stopping threads took: 0.0000289 seconds
2018-12-06T18:06:31.362-0100: 14213.307: Total time for which application threads were stopped: 0.0001053 seconds, Stopping threads took: 0.0000173 seconds
2018-12-06T18:06:31.362-0100: 14213.307: Total time for which application threads were stopped: 0.0000849 seconds, Stopping threads took: 0.0000117 seconds
2018-12-06T18:06:31.363-0100: 14213.307: Total time for which application threads were stopped: 0.0000720 seconds, Stopping threads took: 0.0000089 seconds
2018-12-06T18:06:31.363-0100: 14213.308: Total time for which application threads were stopped: 0.0002505 seconds, Stopping threads took: 0.0000087 seconds
2018-12-06T18:06:31.365-0100: 14213.310: Total time for which application threads were stopped: 0.0001235 seconds, Stopping threads took: 0.0000149 seconds
{Heap before GC invocations=12 (full 1):
 par new generation   total 109248K, used 102520K [0x00000007a0000000, 0x00000007a8000000, 0x00000007a8000000)
  eden space 87424K, 100% used [0x00000007a0000000, 0x00000007a5560000, 0x00000007a5560000)
  from space 21824K,  69% used [0x00000007a5560000, 0x00000007a641e200, 0x00000007a6ab0000)
  to   space 21824K,   0% used [0x00000007a6ab0000, 0x00000007a6ab0000, 0x00000007a8000000)
 concurrent mark-sweep generation total 393216K, used 9441K [0x00000007a8000000, 0x00000007c0000000, 0x00000007c0000000)
 Metaspace       used 42705K, capacity 44021K, committed 44128K, reserved 1087488K
  class space    used 5164K, capacity 5468K, committed 5472K, reserved 1048576K
2018-12-06T18:06:31.551-0100: 14213.495: [GC (Allocation Failure) 2018-12-06T18:06:31.551-0100: 14213.495: [ParNew
Desired survivor size 20112992 bytes, new threshold 8 (max 8)
- age   1:    3988824 bytes,    3988824 total
- age   2:    1985776 bytes,    5974600 total
- age   3:     726720 bytes,    6701320 total
- age   4:    4190168 bytes,   10891488 total
- age   5:     216160 bytes,   11107648 total
- age   6:      77616 bytes,   11185264 total
- age   7:    1090808 bytes,   12276072 total
- age   8:     854208 bytes,   13130280 total
: 102520K->14346K(109248K), 0.0102434 secs] 111962K->24238K(502464K), 0.0103060 secs] [Times: user=0.05 sys=0.00, real=0.01 secs] 
Heap after GC invocations=13 (full 1):
 par new generation   total 109248K, used 14346K [0x00000007a0000000, 0x00000007a8000000, 0x00000007a8000000)
  eden space 87424K,   0% used [0x00000007a0000000, 0x00000007a0000000, 0x00000007a5560000)
  from space 21824K,  65% used [0x00000007a6ab0000, 0x00000007a78b2a70, 0x00000007a8000000)
  to   space 21824K,   0% used [0x00000007a5560000, 0x00000007a5560000, 0x00000007a6ab0000)
 concurrent mark-sweep generation total 393216K, used 9891K [0x00000007a8000000, 0x00000007c0000000, 0x00000007c0000000)
 Metaspace       used 42705K, capacity 44021K, committed 44128K, reserved 1087488K
  class space    used 5164K, capacity 5468K, committed 5472K, reserved 1048576K
}
2018-12-06T18:06:31.561-0100: 14213.506: Total time for which application threads were stopped: 0.0105229 seconds, Stopping threads took: 0.0000174 seconds
2018-12-06T18:06:32.566-0100: 14214.510: Total time for which application threads were stopped: 0.0002964 seconds, Stopping threads took: 0.0000249 seconds
2018-12-06T18:06:32.740-0100: 14214.685: Total time for which application threads were stopped: 0.0001501 seconds, Stopping threads took: 0.0000226 seconds
2018-12-06T18:06:32.740-0100: 14214.685: Total time for which application threads were stopped: 0.0001470 seconds, Stopping threads took: 0.0000375 seconds
2018-12-06T18:06:32.742-0100: 14214.686: Total time for which application threads were stopped: 0.0000843 seconds, Stopping threads took: 0.0000111 seconds
2018-12-06T18:06:32.742-0100: 14214.687: Total time for which application threads were stopped: 0.0000676 seconds, Stopping threads took: 0.0000093 seconds
2018-12-06T18:06:32.742-0100: 14214.687: Total time for which application threads were stopped: 0.0000589 seconds, Stopping threads took: 0.0000091 seconds
2018-12-06T18:06:32.744-0100: 14214.689: Total time for which application threads were stopped: 0.0000682 seconds, Stopping threads took: 0.0000093 seconds
2018-12-06T18:06:32.753-0100: 14214.698: Total time for which application threads were stopped: 0.0000801 seconds, Stopping threads took: 0.0000130 seconds
2018-12-06T18:06:32.753-0100: 14214.698: Total time for which application threads were stopped: 0.0000446 seconds, Stopping threads took: 0.0000058 seconds
2018-12-06T18:06:32.814-0100: 14214.759: Total time for which application threads were stopped: 0.0002481 seconds, Stopping threads took: 0.0000207 seconds
{Heap before GC invocations=13 (full 1):
 par new generation   total 109248K, used 101680K [0x00000007a0000000, 0x00000007a8000000, 0x00000007a8000000)
  eden space 87424K,  99% used [0x00000007a0000000, 0x00000007a55495d8, 0x00000007a5560000)
  from space 21824K,  65% used [0x00000007a6ab0000, 0x00000007a78b2a70, 0x00000007a8000000)
  to   space 21824K,   0% used [0x00000007a5560000, 0x00000007a5560000, 0x00000007a6ab0000)
 concurrent mark-sweep generation total 393216K, used 9891K [0x00000007a8000000, 0x00000007c0000000, 0x00000007c0000000)
 Metaspace       used 42941K, capacity 44309K, committed 44512K, reserved 1087488K
  class space    used 5166K, capacity 5500K, committed 5600K, reserved 1048576K
2018-12-06T18:06:33.051-0100: 14214.996: [GC (Allocation Failure) 2018-12-06T18:06:33.051-0100: 14214.996: [ParNew
Desired survivor size 20112992 bytes, new threshold 5 (max 8)
- age   1:   11421272 bytes,   11421272 total
- age   2:    2392688 bytes,   13813960 total
- age   3:    1966792 bytes,   15780752 total
- age   4:     694000 bytes,   16474752 total
- age   5:    4166096 bytes,   20640848 total
- age   6:     189384 bytes,   20830232 total
- age   7:      75504 bytes,   20905736 total
- age   8:    1085656 bytes,   21991392 total
: 101680K->21824K(109248K), 0.0136203 secs] 111572K->37401K(502464K), 0.0136864 secs] [Times: user=0.04 sys=0.01, real=0.01 secs] 
Heap after GC invocations=14 (full 1):
 par new generation   total 109248K, used 21824K [0x00000007a0000000, 0x00000007a8000000, 0x00000007a8000000)
  eden space 87424K,   0% used [0x00000007a0000000, 0x00000007a0000000, 0x00000007a5560000)
  from space 21824K, 100% used [0x00000007a5560000, 0x00000007a6ab0000, 0x00000007a6ab0000)
  to   space 21824K,   0% used [0x00000007a6ab0000, 0x00000007a6ab0000, 0x00000007a8000000)
 concurrent mark-sweep generation total 393216K, used 15577K [0x00000007a8000000, 0x00000007c0000000, 0x00000007c0000000)
 Metaspace       used 42941K, capacity 44309K, committed 44512K, reserved 1087488K
  class space    used 5166K, capacity 5500K, committed 5600K, reserved 1048576K
}
2018-12-06T18:06:33.065-0100: 14215.010: Total time for which application threads were stopped: 0.0139004 seconds, Stopping threads took: 0.0000211 seconds
2018-12-06T18:06:34.070-0100: 14216.015: Total time for which application threads were stopped: 0.0003237 seconds, Stopping threads took: 0.0001934 seconds
{Heap before GC invocations=14 (full 1):
 par new generation   total 109248K, used 109248K [0x00000007a0000000, 0x00000007a8000000, 0x00000007a8000000)
  eden space 87424K, 100% used [0x00000007a0000000, 0x00000007a5560000, 0x00000007a5560000)
  from space 21824K, 100% used [0x00000007a5560000, 0x00000007a6ab0000, 0x00000007a6ab0000)
  to   space 21824K,   0% used [0x00000007a6ab0000, 0x00000007a6ab0000, 0x00000007a8000000)
 concurrent mark-sweep generation total 393216K, used 15577K [0x00000007a8000000, 0x00000007c0000000, 0x00000007c0000000)
 Metaspace       used 42955K, capacity 44309K, committed 44512K, reserved 1087488K
  class space    used 5167K, capacity 5500K, committed 5600K, reserved 1048576K
2018-12-06T18:06:34.148-0100: 14216.093: [GC (Allocation Failure) 2018-12-06T18:06:34.148-0100: 14216.093: [ParNew
Desired survivor size 20112992 bytes, new threshold 4 (max 8)
- age   1:   10107512 bytes,   10107512 total
- age   2:    7183616 bytes,   17291128 total
- age   3:    2090840 bytes,   19381968 total
- age   4:    1721624 bytes,   21103592 total
- age   5:     681840 bytes,   21785432 total
: 109248K->21824K(109248K), 0.0182669 secs] 124825K->52838K(502464K), 0.0183281 secs] [Times: user=0.05 sys=0.01, real=0.02 secs] 
Heap after GC invocations=15 (full 1):
 par new generation   total 109248K, used 21824K [0x00000007a0000000, 0x00000007a8000000, 0x00000007a8000000)
  eden space 87424K,   0% used [0x00000007a0000000, 0x00000007a0000000, 0x00000007a5560000)
  from space 21824K, 100% used [0x00000007a6ab0000, 0x00000007a8000000, 0x00000007a8000000)
  to   space 21824K,   0% used [0x00000007a5560000, 0x00000007a5560000, 0x00000007a6ab0000)
 concurrent mark-sweep generation total 393216K, used 31014K [0x00000007a8000000, 0x00000007c0000000, 0x00000007c0000000)
 Metaspace       used 42955K, capacity 44309K, committed 44512K, reserved 1087488K
  class space    used 5167K, capacity 5500K, committed 5600K, reserved 1048576K
}
2018-12-06T18:06:34.166-0100: 14216.111: Total time for which application threads were stopped: 0.0185208 seconds, Stopping threads took: 0.0000293 seconds
{Heap before GC invocations=15 (full 1):
 par new generation   total 109248K, used 108670K [0x00000007a0000000, 0x00000007a8000000, 0x00000007a8000000)
  eden space 87424K,  99% used [0x00000007a0000000, 0x00000007a54cfbd0, 0x00000007a5560000)
  from space 21824K, 100% used [0x00000007a6ab0000, 0x00000007a8000000, 0x00000007a8000000)
  to   space 21824K,   0% used [0x00000007a5560000, 0x00000007a5560000, 0x00000007a6ab0000)
 concurrent mark-sweep generation total 393216K, used 31014K [0x00000007a8000000, 0x00000007c0000000, 0x00000007c0000000)
 Metaspace       used 42956K, capacity 44309K, committed 44512K, reserved 1087488K
  class space    used 5167K, capacity 5500K, committed 5600K, reserved 1048576K
2018-12-06T18:06:35.151-0100: 14217.096: [GC (Allocation Failure) 2018-12-06T18:06:35.151-0100: 14217.096: [ParNew
Desired survivor size 20112992 bytes, new threshold 4 (max 8)
- age   1:    9901072 bytes,    9901072 total
- age   2:    2874672 bytes,   12775744 total
- age   3:    6955208 bytes,   19730952 total
- age   4:    2029336 bytes,   21760288 total
: 108670K->21824K(109248K), 0.0175679 secs] 139685K->75713K(502464K), 0.0176322 secs] [Times: user=0.04 sys=0.01, real=0.01 secs] 
Heap after GC invocations=16 (full 1):
 par new generation   total 109248K, used 21824K [0x00000007a0000000, 0x00000007a8000000, 0x00000007a8000000)
  eden space 87424K,   0% used [0x00000007a0000000, 0x00000007a0000000, 0x00000007a5560000)
  from space 21824K, 100% used [0x00000007a5560000, 0x00000007a6ab0000, 0x00000007a6ab0000)
  to   space 21824K,   0% used [0x00000007a6ab0000, 0x00000007a6ab0000, 0x00000007a8000000)
 concurrent mark-sweep generation total 393216K, used 53889K [0x00000007a8000000, 0x00000007c0000000, 0x00000007c0000000)
 Metaspace       used 42956K, capacity 44309K, committed 44512K, reserved 1087488K
  class space    used 5167K, capacity 5500K, committed 5600K, reserved 1048576K
}
2018-12-06T18:06:35.169-0100: 14217.114: Total time for which application threads were stopped: 0.0178408 seconds, Stopping threads took: 0.0000332 seconds
{Heap before GC invocations=16 (full 1):
 par new generation   total 109248K, used 109248K [0x00000007a0000000, 0x00000007a8000000, 0x00000007a8000000)
  eden space 87424K, 100% used [0x00000007a0000000, 0x00000007a5560000, 0x00000007a5560000)
  from space 21824K, 100% used [0x00000007a5560000, 0x00000007a6ab0000, 0x00000007a6ab0000)
  to   space 21824K,   0% used [0x00000007a6ab0000, 0x00000007a6ab0000, 0x00000007a8000000)
 concurrent mark-sweep generation total 393216K, used 53889K [0x00000007a8000000, 0x00000007c0000000, 0x00000007c0000000)
 Metaspace       used 42957K, capacity 44309K, committed 44512K, reserved 1087488K
  class space    used 5167K, capacity 5500K, committed 5600K, reserved 1048576K
2018-12-06T18:06:36.108-0100: 14218.053: [GC (Allocation Failure) 2018-12-06T18:06:36.108-0100: 14218.053: [ParNew
Desired survivor size 20112992 bytes, new threshold 4 (max 8)
- age   1:   14575192 bytes,   14575192 total
- age   2:    1201888 bytes,   15777080 total
- age   3:    1199448 bytes,   16976528 total
- age   4:    5315632 bytes,   22292160 total
: 109248K->21824K(109248K), 0.0129480 secs] 163137K->93800K(502464K), 0.0130095 secs] [Times: user=0.04 sys=0.01, real=0.02 secs] 
Heap after GC invocations=17 (full 1):
 par new generation   total 109248K, used 21824K [0x00000007a0000000, 0x00000007a8000000, 0x00000007a8000000)
  eden space 87424K,   0% used [0x00000007a0000000, 0x00000007a0000000, 0x00000007a5560000)
  from space 21824K, 100% used [0x00000007a6ab0000, 0x00000007a8000000, 0x00000007a8000000)
  to   space 21824K,   0% used [0x00000007a5560000, 0x00000007a5560000, 0x00000007a6ab0000)
 concurrent mark-sweep generation total 393216K, used 71976K [0x00000007a8000000, 0x00000007c0000000, 0x00000007c0000000)
 Metaspace       used 42957K, capacity 44309K, committed 44512K, reserved 1087488K
  class space    used 5167K, capacity 5500K, committed 5600K, reserved 1048576K
}
2018-12-06T18:06:36.121-0100: 14218.066: Total time for which application threads were stopped: 0.0132664 seconds, Stopping threads took: 0.0000223 seconds
2018-12-06T18:06:37.124-0100: 14219.069: Total time for which application threads were stopped: 0.0001817 seconds, Stopping threads took: 0.0000755 seconds
{Heap before GC invocations=17 (full 1):
 par new generation   total 109248K, used 108862K [0x00000007a0000000, 0x00000007a8000000, 0x00000007a8000000)
  eden space 87424K,  99% used [0x00000007a0000000, 0x00000007a54ffb28, 0x00000007a5560000)
  from space 21824K, 100% used [0x00000007a6ab0000, 0x00000007a8000000, 0x00000007a8000000)
  to   space 21824K,   0% used [0x00000007a5560000, 0x00000007a5560000, 0x00000007a6ab0000)
 concurrent mark-sweep generation total 393216K, used 71976K [0x00000007a8000000, 0x00000007c0000000, 0x00000007c0000000)
 Metaspace       used 42957K, capacity 44309K, committed 44512K, reserved 1087488K
  class space    used 5167K, capacity 5500K, committed 5600K, reserved 1048576K
2018-12-06T18:06:37.526-0100: 14219.471: [GC (Allocation Failure) 2018-12-06T18:06:37.527-0100: 14219.471: [ParNew
Desired survivor size 20112992 bytes, new threshold 8 (max 8)
- age   1:    9906448 bytes,    9906448 total
- age   2:    5124312 bytes,   15030760 total
- age   3:    1150504 bytes,   16181264 total
- age   4:    1184664 bytes,   17365928 total
: 108862K->21824K(109248K), 0.0188818 secs] 180839K->124734K(502464K), 0.0189522 secs] [Times: user=0.05 sys=0.02, real=0.02 secs] 
Heap after GC invocations=18 (full 1):
 par new generation   total 109248K, used 21824K [0x00000007a0000000, 0x00000007a8000000, 0x00000007a8000000)
  eden space 87424K,   0% used [0x00000007a0000000, 0x00000007a0000000, 0x00000007a5560000)
  from space 21824K, 100% used [0x00000007a5560000, 0x00000007a6ab0000, 0x00000007a6ab0000)
  to   space 21824K,   0% used [0x00000007a6ab0000, 0x00000007a6ab0000, 0x00000007a8000000)
 concurrent mark-sweep generation total 393216K, used 102910K [0x00000007a8000000, 0x00000007c0000000, 0x00000007c0000000)
 Metaspace       used 42957K, capacity 44309K, committed 44512K, reserved 1087488K
  class space    used 5167K, capacity 5500K, committed 5600K, reserved 1048576K
}
2018-12-06T18:06:37.545-0100: 14219.490: Total time for which application threads were stopped: 0.0191611 seconds, Stopping threads took: 0.0000225 seconds
2018-12-06T18:06:38.549-0100: 14220.494: Total time for which application threads were stopped: 0.0002629 seconds, Stopping threads took: 0.0001167 seconds
2018-12-06T18:06:38.749-0100: 14220.694: Total time for which application threads were stopped: 0.0001543 seconds, Stopping threads took: 0.0000399 seconds
2018-12-06T18:06:38.749-0100: 14220.694: Total time for which application threads were stopped: 0.0001502 seconds, Stopping threads took: 0.0000451 seconds
{Heap before GC invocations=18 (full 1):
 par new generation   total 109248K, used 109248K [0x00000007a0000000, 0x00000007a8000000, 0x00000007a8000000)
  eden space 87424K, 100% used [0x00000007a0000000, 0x00000007a5560000, 0x00000007a5560000)
  from space 21824K, 100% used [0x00000007a5560000, 0x00000007a6ab0000, 0x00000007a6ab0000)
  to   space 21824K,   0% used [0x00000007a6ab0000, 0x00000007a6ab0000, 0x00000007a8000000)
 concurrent mark-sweep generation total 393216K, used 102910K [0x00000007a8000000, 0x00000007c0000000, 0x00000007c0000000)
 Metaspace       used 43002K, capacity 44309K, committed 44512K, reserved 1087488K
  class space    used 5167K, capacity 5500K, committed 5600K, reserved 1048576K
2018-12-06T18:06:39.267-0100: 14221.212: [GC (Allocation Failure) 2018-12-06T18:06:39.268-0100: 14221.213: [ParNew
Desired survivor size 20112992 bytes, new threshold 4 (max 8)
- age   1:   12310896 bytes,   12310896 total
- age   2:    5138256 bytes,   17449152 total
- age   3:    2654360 bytes,   20103512 total
- age   4:    1049800 bytes,   21153312 total
- age   5:    1119464 bytes,   22272776 total
: 109248K->21824K(109248K), 0.0112695 secs] 212158K->134111K(502464K), 0.0122224 secs] [Times: user=0.04 sys=0.01, real=0.01 secs] 
Heap after GC invocations=19 (full 1):
 par new generation   total 109248K, used 21824K [0x00000007a0000000, 0x00000007a8000000, 0x00000007a8000000)
  eden space 87424K,   0% used [0x00000007a0000000, 0x00000007a0000000, 0x00000007a5560000)
  from space 21824K, 100% used [0x00000007a6ab0000, 0x00000007a8000000, 0x00000007a8000000)
  to   space 21824K,   0% used [0x00000007a5560000, 0x00000007a5560000, 0x00000007a6ab0000)
 concurrent mark-sweep generation total 393216K, used 112287K [0x00000007a8000000, 0x00000007c0000000, 0x00000007c0000000)
 Metaspace       used 43002K, capacity 44309K, committed 44512K, reserved 1087488K
  class space    used 5167K, capacity 5500K, committed 5600K, reserved 1048576K
}
2018-12-06T18:06:39.279-0100: 14221.224: Total time for which application threads were stopped: 0.0125299 seconds, Stopping threads took: 0.0000214 seconds
{Heap before GC invocations=19 (full 1):
 par new generation   total 109248K, used 109248K [0x00000007a0000000, 0x00000007a8000000, 0x00000007a8000000)
  eden space 87424K, 100% used [0x00000007a0000000, 0x00000007a5560000, 0x00000007a5560000)
  from space 21824K, 100% used [0x00000007a6ab0000, 0x00000007a8000000, 0x00000007a8000000)
  to   space 21824K,   0% used [0x00000007a5560000, 0x00000007a5560000, 0x00000007a6ab0000)
 concurrent mark-sweep generation total 393216K, used 112287K [0x00000007a8000000, 0x00000007c0000000, 0x00000007c0000000)
 Metaspace       used 43006K, capacity 44309K, committed 44512K, reserved 1087488K
  class space    used 5167K, capacity 5500K, committed 5600K, reserved 1048576K
2018-12-06T18:06:39.476-0100: 14221.421: [GC (Allocation Failure) 2018-12-06T18:06:39.476-0100: 14221.421: [ParNew
Desired survivor size 20112992 bytes, new threshold 8 (max 8)
- age   1:     178312 bytes,     178312 total
- age   2:    7413392 bytes,    7591704 total
- age   3:    5138256 bytes,   12729960 total
- age   4:    2654360 bytes,   15384320 total
: 109248K->21824K(109248K), 0.0116512 secs] 221535K->141017K(502464K), 0.0117260 secs] [Times: user=0.06 sys=0.00, real=0.01 secs] 
Heap after GC invocations=20 (full 1):
 par new generation   total 109248K, used 21824K [0x00000007a0000000, 0x00000007a8000000, 0x00000007a8000000)
  eden space 87424K,   0% used [0x00000007a0000000, 0x00000007a0000000, 0x00000007a5560000)
  from space 21824K, 100% used [0x00000007a5560000, 0x00000007a6ab0000, 0x00000007a6ab0000)
  to   space 21824K,   0% used [0x00000007a6ab0000, 0x00000007a6ab0000, 0x00000007a8000000)
 concurrent mark-sweep generation total 393216K, used 119193K [0x00000007a8000000, 0x00000007c0000000, 0x00000007c0000000)
 Metaspace       used 43006K, capacity 44309K, committed 44512K, reserved 1087488K
  class space    used 5167K, capacity 5500K, committed 5600K, reserved 1048576K
}
2018-12-06T18:06:39.487-0100: 14221.432: Total time for which application threads were stopped: 0.0119678 seconds, Stopping threads took: 0.0000224 seconds
{Heap before GC invocations=20 (full 1):
 par new generation   total 109248K, used 109248K [0x00000007a0000000, 0x00000007a8000000, 0x00000007a8000000)
  eden space 87424K, 100% used [0x00000007a0000000, 0x00000007a5560000, 0x00000007a5560000)
  from space 21824K, 100% used [0x00000007a5560000, 0x00000007a6ab0000, 0x00000007a6ab0000)
  to   space 21824K,   0% used [0x00000007a6ab0000, 0x00000007a6ab0000, 0x00000007a8000000)
 concurrent mark-sweep generation total 393216K, used 119193K [0x00000007a8000000, 0x00000007c0000000, 0x00000007c0000000)
 Metaspace       used 43007K, capacity 44309K, committed 44512K, reserved 1087488K
  class space    used 5167K, capacity 5500K, committed 5600K, reserved 1048576K
2018-12-06T18:06:39.671-0100: 14221.616: [GC (Allocation Failure) 2018-12-06T18:06:39.671-0100: 14221.616: [ParNew
Desired survivor size 20112992 bytes, new threshold 8 (max 8)
- age   1:      90064 bytes,      90064 total
- age   2:     124888 bytes,     214952 total
- age   3:    7413392 bytes,    7628344 total
- age   4:    5138256 bytes,   12766600 total
- age   5:    2654360 bytes,   15420960 total
: 109248K->21824K(109248K), 0.0069803 secs] 228441K->141017K(502464K), 0.0070365 secs] [Times: user=0.03 sys=0.00, real=0.00 secs] 
Heap after GC invocations=21 (full 1):
 par new generation   total 109248K, used 21824K [0x00000007a0000000, 0x00000007a8000000, 0x00000007a8000000)
  eden space 87424K,   0% used [0x00000007a0000000, 0x00000007a0000000, 0x00000007a5560000)
  from space 21824K, 100% used [0x00000007a6ab0000, 0x00000007a8000000, 0x00000007a8000000)
  to   space 21824K,   0% used [0x00000007a5560000, 0x00000007a5560000, 0x00000007a6ab0000)
 concurrent mark-sweep generation total 393216K, used 119193K [0x00000007a8000000, 0x00000007c0000000, 0x00000007c0000000)
 Metaspace       used 43007K, capacity 44309K, committed 44512K, reserved 1087488K
  class space    used 5167K, capacity 5500K, committed 5600K, reserved 1048576K
}
2018-12-06T18:06:39.678-0100: 14221.623: Total time for which application threads were stopped: 0.0072511 seconds, Stopping threads took: 0.0000218 seconds
2018-12-06T18:06:39.747-0100: 14221.692: Total time for which application threads were stopped: 0.0001804 seconds, Stopping threads took: 0.0000677 seconds
{Heap before GC invocations=21 (full 1):
 par new generation   total 109248K, used 109228K [0x00000007a0000000, 0x00000007a8000000, 0x00000007a8000000)
  eden space 87424K,  99% used [0x00000007a0000000, 0x00000007a555b168, 0x00000007a5560000)
  from space 21824K, 100% used [0x00000007a6ab0000, 0x00000007a8000000, 0x00000007a8000000)
  to   space 21824K,   0% used [0x00000007a5560000, 0x00000007a5560000, 0x00000007a6ab0000)
 concurrent mark-sweep generation total 393216K, used 119193K [0x00000007a8000000, 0x00000007c0000000, 0x00000007c0000000)
 Metaspace       used 43012K, capacity 44309K, committed 44512K, reserved 1087488K
  class space    used 5167K, capacity 5500K, committed 5600K, reserved 1048576K
2018-12-06T18:06:39.854-0100: 14221.800: [GC (Allocation Failure) 2018-12-06T18:06:39.854-0100: 14221.800: [ParNew
Desired survivor size 20112992 bytes, new threshold 8 (max 8)
- age   1:     171048 bytes,     171048 total
- age   2:        368 bytes,     171416 total
- age   3:     104392 bytes,     275808 total
- age   4:    7413200 bytes,    7689008 total
- age   5:    5138256 bytes,   12827264 total
- age   6:    2654360 bytes,   15481624 total
: 109228K->20227K(109248K), 0.0086562 secs] 228422K->139420K(502464K), 0.0087198 secs] [Times: user=0.04 sys=0.00, real=0.01 secs] 
Heap after GC invocations=22 (full 1):
 par new generation   total 109248K, used 20227K [0x00000007a0000000, 0x00000007a8000000, 0x00000007a8000000)
  eden space 87424K,   0% used [0x00000007a0000000, 0x00000007a0000000, 0x00000007a5560000)
  from space 21824K,  92% used [0x00000007a5560000, 0x00000007a6920c70, 0x00000007a6ab0000)
  to   space 21824K,   0% used [0x00000007a6ab0000, 0x00000007a6ab0000, 0x00000007a8000000)
 concurrent mark-sweep generation total 393216K, used 119193K [0x00000007a8000000, 0x00000007c0000000, 0x00000007c0000000)
 Metaspace       used 43012K, capacity 44309K, committed 44512K, reserved 1087488K
  class space    used 5167K, capacity 5500K, committed 5600K, reserved 1048576K
}
2018-12-06T18:06:39.863-0100: 14221.808: Total time for which application threads were stopped: 0.0089322 seconds, Stopping threads took: 0.0000214 seconds
{Heap before GC invocations=22 (full 1):
 par new generation   total 109248K, used 107651K [0x00000007a0000000, 0x00000007a8000000, 0x00000007a8000000)
  eden space 87424K, 100% used [0x00000007a0000000, 0x00000007a5560000, 0x00000007a5560000)
  from space 21824K,  92% used [0x00000007a5560000, 0x00000007a6920c70, 0x00000007a6ab0000)
  to   space 21824K,   0% used [0x00000007a6ab0000, 0x00000007a6ab0000, 0x00000007a8000000)
 concurrent mark-sweep generation total 393216K, used 119193K [0x00000007a8000000, 0x00000007c0000000, 0x00000007c0000000)
 Metaspace       used 43013K, capacity 44309K, committed 44512K, reserved 1087488K
  class space    used 5167K, capacity 5500K, committed 5600K, reserved 1048576K
2018-12-06T18:06:40.039-0100: 14221.984: [GC (Allocation Failure) 2018-12-06T18:06:40.039-0100: 14221.984: [ParNew
Desired survivor size 20112992 bytes, new threshold 8 (max 8)
- age   1:     118056 bytes,     118056 total
- age   2:     123720 bytes,     241776 total
- age   3:        368 bytes,     242144 total
- age   4:     104392 bytes,     346536 total
- age   5:    7413200 bytes,    7759736 total
- age   6:    5138256 bytes,   12897992 total
- age   7:    2654360 bytes,   15552352 total
: 107651K->19230K(109248K), 0.0092095 secs] 226844K->138424K(502464K), 0.0092620 secs] [Times: user=0.04 sys=0.00, real=0.01 secs] 
Heap after GC invocations=23 (full 1):
 par new generation   total 109248K, used 19230K [0x00000007a0000000, 0x00000007a8000000, 0x00000007a8000000)
  eden space 87424K,   0% used [0x00000007a0000000, 0x00000007a0000000, 0x00000007a5560000)
  from space 21824K,  88% used [0x00000007a6ab0000, 0x00000007a7d77a80, 0x00000007a8000000)
  to   space 21824K,   0% used [0x00000007a5560000, 0x00000007a5560000, 0x00000007a6ab0000)
 concurrent mark-sweep generation total 393216K, used 119193K [0x00000007a8000000, 0x00000007c0000000, 0x00000007c0000000)
 Metaspace       used 43013K, capacity 44309K, committed 44512K, reserved 1087488K
  class space    used 5167K, capacity 5500K, committed 5600K, reserved 1048576K
}
2018-12-06T18:06:40.048-0100: 14221.994: Total time for which application threads were stopped: 0.0094444 seconds, Stopping threads took: 0.0000216 seconds
{Heap before GC invocations=23 (full 1):
 par new generation   total 109248K, used 106642K [0x00000007a0000000, 0x00000007a8000000, 0x00000007a8000000)
  eden space 87424K,  99% used [0x00000007a0000000, 0x00000007a555d020, 0x00000007a5560000)
  from space 21824K,  88% used [0x00000007a6ab0000, 0x00000007a7d77a80, 0x00000007a8000000)
  to   space 21824K,   0% used [0x00000007a5560000, 0x00000007a5560000, 0x00000007a6ab0000)
 concurrent mark-sweep generation total 393216K, used 119193K [0x00000007a8000000, 0x00000007c0000000, 0x00000007c0000000)
 Metaspace       used 43013K, capacity 44309K, committed 44512K, reserved 1087488K
  class space    used 5167K, capacity 5500K, committed 5600K, reserved 1048576K
2018-12-06T18:06:40.224-0100: 14222.169: [GC (Allocation Failure) 2018-12-06T18:06:40.224-0100: 14222.169: [ParNew
Desired survivor size 20112992 bytes, new threshold 8 (max 8)
- age   1:      56552 bytes,      56552 total
- age   2:      38336 bytes,      94888 total
- age   3:     123720 bytes,     218608 total
- age   4:        368 bytes,     218976 total
- age   5:     104392 bytes,     323368 total
- age   6:    7413200 bytes,    7736568 total
- age   7:    5138256 bytes,   12874824 total
- age   8:    2654360 bytes,   15529184 total
: 106642K->21824K(109248K), 0.0065341 secs] 225836K->141017K(502464K), 0.0066041 secs] [Times: user=0.02 sys=0.00, real=0.01 secs] 
Heap after GC invocations=24 (full 1):
 par new generation   total 109248K, used 21824K [0x00000007a0000000, 0x00000007a8000000, 0x00000007a8000000)
  eden space 87424K,   0% used [0x00000007a0000000, 0x00000007a0000000, 0x00000007a5560000)
  from space 21824K, 100% used [0x00000007a5560000, 0x00000007a6ab0000, 0x00000007a6ab0000)
  to   space 21824K,   0% used [0x00000007a6ab0000, 0x00000007a6ab0000, 0x00000007a8000000)
 concurrent mark-sweep generation total 393216K, used 119193K [0x00000007a8000000, 0x00000007c0000000, 0x00000007c0000000)
 Metaspace       used 43013K, capacity 44309K, committed 44512K, reserved 1087488K
  class space    used 5167K, capacity 5500K, committed 5600K, reserved 1048576K
}
2018-12-06T18:06:40.230-0100: 14222.175: Total time for which application threads were stopped: 0.0068125 seconds, Stopping threads took: 0.0000252 seconds
2018-12-06T18:06:40.329-0100: 14222.274: Total time for which application threads were stopped: 0.0002508 seconds, Stopping threads took: 0.0001024 seconds
2018-12-06T18:06:40.404-0100: 14222.349: Total time for which application threads were stopped: 0.0001767 seconds, Stopping threads took: 0.0000289 seconds
2018-12-06T18:06:40.409-0100: 14222.354: Total time for which application threads were stopped: 0.0001697 seconds, Stopping threads took: 0.0000675 seconds
2018-12-06T18:06:40.413-0100: 14222.359: Total time for which application threads were stopped: 0.0001355 seconds, Stopping threads took: 0.0000418 seconds
2018-12-06T18:06:40.414-0100: 14222.359: Total time for which application threads were stopped: 0.0001058 seconds, Stopping threads took: 0.0000324 seconds
2018-12-06T18:06:40.414-0100: 14222.359: Total time for which application threads were stopped: 0.0000765 seconds, Stopping threads took: 0.0000257 seconds
2018-12-06T18:06:40.414-0100: 14222.359: Total time for which application threads were stopped: 0.0000781 seconds, Stopping threads took: 0.0000238 seconds
2018-12-06T18:06:40.423-0100: 14222.368: Total time for which application threads were stopped: 0.0000693 seconds, Stopping threads took: 0.0000112 seconds
2018-12-06T18:06:40.423-0100: 14222.368: Total time for which application threads were stopped: 0.0000609 seconds, Stopping threads took: 0.0000106 seconds
2018-12-06T18:06:41.427-0100: 14223.373: Total time for which application threads were stopped: 0.0001534 seconds, Stopping threads took: 0.0000362 seconds
2018-12-06T18:08:09.828-0100: 14311.776: Total time for which application threads were stopped: 0.0001309 seconds, Stopping threads took: 0.0000360 seconds
2018-12-06T18:08:09.829-0100: 14311.778: Total time for which application threads were stopped: 0.0001422 seconds, Stopping threads took: 0.0000181 seconds
2018-12-06T18:08:09.832-0100: 14311.781: Total time for which application threads were stopped: 0.0011901 seconds, Stopping threads took: 0.0000344 seconds
2018-12-06T18:08:09.834-0100: 14311.783: Total time for which application threads were stopped: 0.0000911 seconds, Stopping threads took: 0.0000331 seconds
2018-12-06T18:08:10.836-0100: 14312.784: Total time for which application threads were stopped: 0.0001932 seconds, Stopping threads took: 0.0000414 seconds
2018-12-06T18:08:15.851-0100: 14317.800: Total time for which application threads were stopped: 0.0001640 seconds, Stopping threads took: 0.0000390 seconds
2018-12-06T18:09:37.491-0100: 14399.443: Total time for which application threads were stopped: 0.0001476 seconds, Stopping threads took: 0.0000492 seconds
2018-12-06T18:09:37.491-0100: 14399.444: Total time for which application threads were stopped: 0.0000662 seconds, Stopping threads took: 0.0000209 seconds
2018-12-06T18:09:37.501-0100: 14399.453: Total time for which application threads were stopped: 0.0001082 seconds, Stopping threads took: 0.0000183 seconds
2018-12-06T18:09:37.501-0100: 14399.453: Total time for which application threads were stopped: 0.0000512 seconds, Stopping threads took: 0.0000094 seconds
{Heap before GC invocations=24 (full 1):
 par new generation   total 109248K, used 109248K [0x00000007a0000000, 0x00000007a8000000, 0x00000007a8000000)
  eden space 87424K, 100% used [0x00000007a0000000, 0x00000007a5560000, 0x00000007a5560000)
  from space 21824K, 100% used [0x00000007a5560000, 0x00000007a6ab0000, 0x00000007a6ab0000)
  to   space 21824K,   0% used [0x00000007a6ab0000, 0x00000007a6ab0000, 0x00000007a8000000)
 concurrent mark-sweep generation total 393216K, used 119193K [0x00000007a8000000, 0x00000007c0000000, 0x00000007c0000000)
 Metaspace       used 43144K, capacity 44477K, committed 44768K, reserved 1089536K
  class space    used 5176K, capacity 5508K, committed 5600K, reserved 1048576K
2018-12-06T18:09:39.377-0100: 14401.329: [GC (Allocation Failure) 2018-12-06T18:09:39.377-0100: 14401.330: [ParNew
Desired survivor size 20112992 bytes, new threshold 8 (max 8)
- age   1:    2710104 bytes,    2710104 total
- age   2:        352 bytes,    2710456 total
- age   4:      95976 bytes,    2806432 total
- age   5:        368 bytes,    2806800 total
- age   6:     104392 bytes,    2911192 total
- age   7:    7332632 bytes,   10243824 total
- age   8:    5097888 bytes,   15341712 total
: 109248K->18030K(109248K), 0.0070329 secs] 228441K->139800K(502464K), 0.0073192 secs] [Times: user=0.02 sys=0.00, real=0.01 secs] 
Heap after GC invocations=25 (full 1):
 par new generation   total 109248K, used 18030K [0x00000007a0000000, 0x00000007a8000000, 0x00000007a8000000)
  eden space 87424K,   0% used [0x00000007a0000000, 0x00000007a0000000, 0x00000007a5560000)
  from space 21824K,  82% used [0x00000007a6ab0000, 0x00000007a7c4bb80, 0x00000007a8000000)
  to   space 21824K,   0% used [0x00000007a5560000, 0x00000007a5560000, 0x00000007a6ab0000)
 concurrent mark-sweep generation total 393216K, used 121769K [0x00000007a8000000, 0x00000007c0000000, 0x00000007c0000000)
 Metaspace       used 43144K, capacity 44477K, committed 44768K, reserved 1089536K
  class space    used 5176K, capacity 5508K, committed 5600K, reserved 1048576K
}
2018-12-06T18:09:39.384-0100: 14401.337: Total time for which application threads were stopped: 0.0087780 seconds, Stopping threads took: 0.0000320 seconds
2018-12-06T18:09:39.384-0100: 14401.337: Total time for which application threads were stopped: 0.0001702 seconds, Stopping threads took: 0.0000776 seconds
2018-12-06T18:09:39.411-0100: 14401.363: Total time for which application threads were stopped: 0.0001032 seconds, Stopping threads took: 0.0000148 seconds
2018-12-06T18:09:39.420-0100: 14401.373: Total time for which application threads were stopped: 0.0001029 seconds, Stopping threads took: 0.0000262 seconds
2018-12-06T18:09:39.446-0100: 14401.398: Total time for which application threads were stopped: 0.0001478 seconds, Stopping threads took: 0.0000361 seconds
2018-12-06T18:09:39.447-0100: 14401.399: Total time for which application threads were stopped: 0.0000752 seconds, Stopping threads took: 0.0000203 seconds
2018-12-06T18:09:39.447-0100: 14401.399: Total time for which application threads were stopped: 0.0001078 seconds, Stopping threads took: 0.0000567 seconds
2018-12-06T18:09:39.452-0100: 14401.405: Total time for which application threads were stopped: 0.0000735 seconds, Stopping threads took: 0.0000158 seconds
2018-12-06T18:09:39.452-0100: 14401.405: Total time for which application threads were stopped: 0.0001063 seconds, Stopping threads took: 0.0000590 seconds
2018-12-06T18:09:39.458-0100: 14401.411: Total time for which application threads were stopped: 0.0001138 seconds, Stopping threads took: 0.0000317 seconds
2018-12-06T18:09:39.458-0100: 14401.411: Total time for which application threads were stopped: 0.0000764 seconds, Stopping threads took: 0.0000284 seconds
2018-12-06T18:09:39.459-0100: 14401.411: Total time for which application threads were stopped: 0.0000616 seconds, Stopping threads took: 0.0000225 seconds
2018-12-06T18:09:39.459-0100: 14401.411: Total time for which application threads were stopped: 0.0000692 seconds, Stopping threads took: 0.0000222 seconds
2018-12-06T18:09:39.459-0100: 14401.411: Total time for which application threads were stopped: 0.0000536 seconds, Stopping threads took: 0.0000186 seconds
{Heap before GC invocations=25 (full 1):
 par new generation   total 109248K, used 105447K [0x00000007a0000000, 0x00000007a8000000, 0x00000007a8000000)
  eden space 87424K,  99% used [0x00000007a0000000, 0x00000007a555e190, 0x00000007a5560000)
  from space 21824K,  82% used [0x00000007a6ab0000, 0x00000007a7c4bb80, 0x00000007a8000000)
  to   space 21824K,   0% used [0x00000007a5560000, 0x00000007a5560000, 0x00000007a6ab0000)
 concurrent mark-sweep generation total 393216K, used 121769K [0x00000007a8000000, 0x00000007c0000000, 0x00000007c0000000)
 Metaspace       used 43189K, capacity 44545K, committed 44768K, reserved 1089536K
  class space    used 5176K, capacity 5508K, committed 5600K, reserved 1048576K
2018-12-06T18:09:39.921-0100: 14401.874: [GC (Allocation Failure) 2018-12-06T18:09:39.921-0100: 14401.874: [ParNew
Desired survivor size 20112992 bytes, new threshold 8 (max 8)
- age   1:    2292568 bytes,    2292568 total
- age   2:    1861432 bytes,    4154000 total
- age   3:        352 bytes,    4154352 total
- age   5:      95976 bytes,    4250328 total
- age   6:        368 bytes,    4250696 total
- age   7:     104392 bytes,    4355088 total
- age   8:    7332632 bytes,   11687720 total
: 105447K->16863K(109248K), 0.0081050 secs] 227217K->143614K(502464K), 0.0081779 secs] [Times: user=0.02 sys=0.00, real=0.00 secs] 
Heap after GC invocations=26 (full 1):
 par new generation   total 109248K, used 16863K [0x00000007a0000000, 0x00000007a8000000, 0x00000007a8000000)
  eden space 87424K,   0% used [0x00000007a0000000, 0x00000007a0000000, 0x00000007a5560000)
  from space 21824K,  77% used [0x00000007a5560000, 0x00000007a65d7c80, 0x00000007a6ab0000)
  to   space 21824K,   0% used [0x00000007a6ab0000, 0x00000007a6ab0000, 0x00000007a8000000)
 concurrent mark-sweep generation total 393216K, used 126751K [0x00000007a8000000, 0x00000007c0000000, 0x00000007c0000000)
 Metaspace       used 43189K, capacity 44545K, committed 44768K, reserved 1089536K
  class space    used 5176K, capacity 5508K, committed 5600K, reserved 1048576K
}
2018-12-06T18:09:39.929-0100: 14401.882: Total time for which application threads were stopped: 0.0083675 seconds, Stopping threads took: 0.0000209 seconds
2018-12-06T18:09:39.930-0100: 14401.882: Total time for which application threads were stopped: 0.0001598 seconds, Stopping threads took: 0.0000840 seconds
2018-12-06T18:09:39.930-0100: 14401.883: Total time for which application threads were stopped: 0.0001292 seconds, Stopping threads took: 0.0000450 seconds
2018-12-06T18:09:39.930-0100: 14401.883: Total time for which application threads were stopped: 0.0001001 seconds, Stopping threads took: 0.0000452 seconds
2018-12-06T18:09:39.974-0100: 14401.927: Total time for which application threads were stopped: 0.0001694 seconds, Stopping threads took: 0.0000754 seconds
2018-12-06T18:09:39.974-0100: 14401.927: Total time for which application threads were stopped: 0.0000869 seconds, Stopping threads took: 0.0000481 seconds
2018-12-06T18:09:39.976-0100: 14401.928: Total time for which application threads were stopped: 0.0000559 seconds, Stopping threads took: 0.0000106 seconds
{Heap before GC invocations=26 (full 1):
 par new generation   total 109248K, used 104287K [0x00000007a0000000, 0x00000007a8000000, 0x00000007a8000000)
  eden space 87424K, 100% used [0x00000007a0000000, 0x00000007a5560000, 0x00000007a5560000)
  from space 21824K,  77% used [0x00000007a5560000, 0x00000007a65d7c80, 0x00000007a6ab0000)
  to   space 21824K,   0% used [0x00000007a6ab0000, 0x00000007a6ab0000, 0x00000007a8000000)
 concurrent mark-sweep generation total 393216K, used 126751K [0x00000007a8000000, 0x00000007c0000000, 0x00000007c0000000)
 Metaspace       used 43237K, capacity 44639K, committed 44768K, reserved 1089536K
  class space    used 5179K, capacity 5513K, committed 5600K, reserved 1048576K
2018-12-06T18:09:39.978-0100: 14401.931: [GC (Allocation Failure) 2018-12-06T18:09:39.978-0100: 14401.931: [ParNew
Desired survivor size 20112992 bytes, new threshold 8 (max 8)
- age   1:     544976 bytes,     544976 total
- age   2:    1573496 bytes,    2118472 total
- age   3:    1851656 bytes,    3970128 total
- age   4:        352 bytes,    3970480 total
- age   6:      95976 bytes,    4066456 total
- age   7:        368 bytes,    4066824 total
- age   8:     104392 bytes,    4171216 total
: 104287K->7652K(109248K), 0.0107542 secs] 231038K->141570K(502464K), 0.0108229 secs] [Times: user=0.03 sys=0.01, real=0.01 secs] 
Heap after GC invocations=27 (full 1):
 par new generation   total 109248K, used 7652K [0x00000007a0000000, 0x00000007a8000000, 0x00000007a8000000)
  eden space 87424K,   0% used [0x00000007a0000000, 0x00000007a0000000, 0x00000007a5560000)
  from space 21824K,  35% used [0x00000007a6ab0000, 0x00000007a7229320, 0x00000007a8000000)
  to   space 21824K,   0% used [0x00000007a5560000, 0x00000007a5560000, 0x00000007a6ab0000)
 concurrent mark-sweep generation total 393216K, used 133917K [0x00000007a8000000, 0x00000007c0000000, 0x00000007c0000000)
 Metaspace       used 43237K, capacity 44639K, committed 44768K, reserved 1089536K
  class space    used 5179K, capacity 5513K, committed 5600K, reserved 1048576K
}
2018-12-06T18:09:39.989-0100: 14401.941: Total time for which application threads were stopped: 0.0109741 seconds, Stopping threads took: 0.0000264 seconds
2018-12-06T18:09:39.989-0100: 14401.942: Total time for which application threads were stopped: 0.0001393 seconds, Stopping threads took: 0.0000598 seconds
2018-12-06T18:09:39.993-0100: 14401.946: Total time for which application threads were stopped: 0.0001552 seconds, Stopping threads took: 0.0000202 seconds
2018-12-06T18:09:40.015-0100: 14401.967: Total time for which application threads were stopped: 0.0001436 seconds, Stopping threads took: 0.0000270 seconds
2018-12-06T18:09:40.016-0100: 14401.968: Total time for which application threads were stopped: 0.0000821 seconds, Stopping threads took: 0.0000164 seconds
2018-12-06T18:09:40.016-0100: 14401.968: Total time for which application threads were stopped: 0.0000649 seconds, Stopping threads took: 0.0000072 seconds
2018-12-06T18:09:40.016-0100: 14401.968: Total time for which application threads were stopped: 0.0000700 seconds, Stopping threads took: 0.0000097 seconds
2018-12-06T18:09:40.016-0100: 14401.969: Total time for which application threads were stopped: 0.0000813 seconds, Stopping threads took: 0.0000227 seconds
2018-12-06T18:09:40.016-0100: 14401.969: Total time for which application threads were stopped: 0.0000729 seconds, Stopping threads took: 0.0000290 seconds
2018-12-06T18:09:40.016-0100: 14401.969: Total time for which application threads were stopped: 0.0000921 seconds, Stopping threads took: 0.0000251 seconds
2018-12-06T18:09:40.016-0100: 14401.969: Total time for which application threads were stopped: 0.0000917 seconds, Stopping threads took: 0.0000207 seconds
2018-12-06T18:09:40.017-0100: 14401.969: Total time for which application threads were stopped: 0.0000767 seconds, Stopping threads took: 0.0000229 seconds
2018-12-06T18:09:40.017-0100: 14401.969: Total time for which application threads were stopped: 0.0001107 seconds, Stopping threads took: 0.0000321 seconds
2018-12-06T18:09:40.017-0100: 14401.970: Total time for which application threads were stopped: 0.0001336 seconds, Stopping threads took: 0.0000168 seconds
2018-12-06T18:09:40.022-0100: 14401.975: Total time for which application threads were stopped: 0.0001227 seconds, Stopping threads took: 0.0000602 seconds
2018-12-06T18:09:40.022-0100: 14401.975: Total time for which application threads were stopped: 0.0000745 seconds, Stopping threads took: 0.0000235 seconds
2018-12-06T18:09:40.027-0100: 14401.980: Total time for which application threads were stopped: 0.0001214 seconds, Stopping threads took: 0.0000675 seconds
2018-12-06T18:09:40.477-0100: 14402.430: Total time for which application threads were stopped: 0.0001602 seconds, Stopping threads took: 0.0000575 seconds
2018-12-06T18:09:40.477-0100: 14402.430: Total time for which application threads were stopped: 0.0001130 seconds, Stopping threads took: 0.0000594 seconds
2018-12-06T18:09:40.477-0100: 14402.430: Total time for which application threads were stopped: 0.0001213 seconds, Stopping threads took: 0.0000700 seconds
2018-12-06T18:09:40.478-0100: 14402.431: Total time for which application threads were stopped: 0.0001110 seconds, Stopping threads took: 0.0000380 seconds
2018-12-06T18:09:40.478-0100: 14402.431: Total time for which application threads were stopped: 0.0000850 seconds, Stopping threads took: 0.0000326 seconds
2018-12-06T18:09:40.478-0100: 14402.431: Total time for which application threads were stopped: 0.0000730 seconds, Stopping threads took: 0.0000282 seconds
2018-12-06T18:09:40.479-0100: 14402.431: Total time for which application threads were stopped: 0.0001102 seconds, Stopping threads took: 0.0000646 seconds
2018-12-06T18:09:40.479-0100: 14402.431: Total time for which application threads were stopped: 0.0000716 seconds, Stopping threads took: 0.0000295 seconds
2018-12-06T18:09:40.479-0100: 14402.432: Total time for which application threads were stopped: 0.0000948 seconds, Stopping threads took: 0.0000343 seconds
2018-12-06T18:09:40.480-0100: 14402.432: Total time for which application threads were stopped: 0.0001020 seconds, Stopping threads took: 0.0000107 seconds
2018-12-06T18:09:40.480-0100: 14402.432: Total time for which application threads were stopped: 0.0000823 seconds, Stopping threads took: 0.0000112 seconds
2018-12-06T18:09:40.480-0100: 14402.433: Total time for which application threads were stopped: 0.0001092 seconds, Stopping threads took: 0.0000592 seconds
2018-12-06T18:09:40.480-0100: 14402.433: Total time for which application threads were stopped: 0.0001236 seconds, Stopping threads took: 0.0000660 seconds
2018-12-06T18:09:40.480-0100: 14402.433: Total time for which application threads were stopped: 0.0000924 seconds, Stopping threads took: 0.0000469 seconds
2018-12-06T18:09:40.480-0100: 14402.433: Total time for which application threads were stopped: 0.0000632 seconds, Stopping threads took: 0.0000254 seconds
2018-12-06T18:09:40.481-0100: 14402.433: Total time for which application threads were stopped: 0.0000615 seconds, Stopping threads took: 0.0000226 seconds
2018-12-06T18:09:40.481-0100: 14402.434: Total time for which application threads were stopped: 0.0001168 seconds, Stopping threads took: 0.0000318 seconds
2018-12-06T18:09:40.481-0100: 14402.434: Total time for which application threads were stopped: 0.0000949 seconds, Stopping threads took: 0.0000423 seconds
2018-12-06T18:09:40.488-0100: 14402.441: Total time for which application threads were stopped: 0.0001262 seconds, Stopping threads took: 0.0000264 seconds
2018-12-06T18:09:40.488-0100: 14402.441: Total time for which application threads were stopped: 0.0001396 seconds, Stopping threads took: 0.0000777 seconds
2018-12-06T18:09:40.497-0100: 14402.449: Total time for which application threads were stopped: 0.0000637 seconds, Stopping threads took: 0.0000123 seconds
2018-12-06T18:09:40.497-0100: 14402.449: Total time for which application threads were stopped: 0.0000432 seconds, Stopping threads took: 0.0000067 seconds
2018-12-06T18:09:41.049-0100: 14403.001: Total time for which application threads were stopped: 0.0001478 seconds, Stopping threads took: 0.0000431 seconds
2018-12-06T18:09:41.049-0100: 14403.002: Total time for which application threads were stopped: 0.0000745 seconds, Stopping threads took: 0.0000241 seconds
2018-12-06T18:09:41.049-0100: 14403.002: Total time for which application threads were stopped: 0.0000784 seconds, Stopping threads took: 0.0000248 seconds
2018-12-06T18:09:41.049-0100: 14403.002: Total time for which application threads were stopped: 0.0000940 seconds, Stopping threads took: 0.0000255 seconds
2018-12-06T18:09:41.050-0100: 14403.002: Total time for which application threads were stopped: 0.0001835 seconds, Stopping threads took: 0.0000231 seconds
2018-12-06T18:09:41.056-0100: 14403.009: Total time for which application threads were stopped: 0.0001046 seconds, Stopping threads took: 0.0000369 seconds
2018-12-06T18:09:41.056-0100: 14403.009: Total time for which application threads were stopped: 0.0000948 seconds, Stopping threads took: 0.0000346 seconds
2018-12-06T18:09:41.065-0100: 14403.018: Total time for which application threads were stopped: 0.0001388 seconds, Stopping threads took: 0.0000153 seconds
2018-12-06T18:09:41.065-0100: 14403.018: Total time for which application threads were stopped: 0.0000880 seconds, Stopping threads took: 0.0000110 seconds
2018-12-06T18:09:42.147-0100: 14404.099: Total time for which application threads were stopped: 0.0001794 seconds, Stopping threads took: 0.0000539 seconds
2018-12-06T18:09:42.147-0100: 14404.100: Total time for which application threads were stopped: 0.0000675 seconds, Stopping threads took: 0.0000107 seconds
2018-12-06T18:09:42.148-0100: 14404.101: Total time for which application threads were stopped: 0.0000842 seconds, Stopping threads took: 0.0000128 seconds
2018-12-06T18:09:42.148-0100: 14404.101: Total time for which application threads were stopped: 0.0001240 seconds, Stopping threads took: 0.0000684 seconds
2018-12-06T18:09:42.148-0100: 14404.101: Total time for which application threads were stopped: 0.0000990 seconds, Stopping threads took: 0.0000330 seconds
2018-12-06T18:09:42.149-0100: 14404.101: Total time for which application threads were stopped: 0.0001058 seconds, Stopping threads took: 0.0000275 seconds
2018-12-06T18:09:42.149-0100: 14404.101: Total time for which application threads were stopped: 0.0000679 seconds, Stopping threads took: 0.0000098 seconds
2018-12-06T18:09:42.149-0100: 14404.102: Total time for which application threads were stopped: 0.0001129 seconds, Stopping threads took: 0.0000463 seconds
2018-12-06T18:09:42.149-0100: 14404.102: Total time for which application threads were stopped: 0.0001437 seconds, Stopping threads took: 0.0000685 seconds
2018-12-06T18:09:42.149-0100: 14404.102: Total time for which application threads were stopped: 0.0000804 seconds, Stopping threads took: 0.0000393 seconds
2018-12-06T18:09:42.150-0100: 14404.103: Total time for which application threads were stopped: 0.0001021 seconds, Stopping threads took: 0.0000356 seconds
2018-12-06T18:09:42.150-0100: 14404.103: Total time for which application threads were stopped: 0.0001085 seconds, Stopping threads took: 0.0000455 seconds
2018-12-06T18:09:42.157-0100: 14404.109: Total time for which application threads were stopped: 0.0001818 seconds, Stopping threads took: 0.0000594 seconds
2018-12-06T18:09:42.157-0100: 14404.110: Total time for which application threads were stopped: 0.0001069 seconds, Stopping threads took: 0.0000308 seconds
2018-12-06T18:09:42.158-0100: 14404.111: Total time for which application threads were stopped: 0.0001200 seconds, Stopping threads took: 0.0000280 seconds
2018-12-06T18:09:42.158-0100: 14404.111: Total time for which application threads were stopped: 0.0000892 seconds, Stopping threads took: 0.0000117 seconds
2018-12-06T18:09:42.168-0100: 14404.121: Total time for which application threads were stopped: 0.0001017 seconds, Stopping threads took: 0.0000128 seconds
2018-12-06T18:09:42.168-0100: 14404.121: Total time for which application threads were stopped: 0.0000687 seconds, Stopping threads took: 0.0000197 seconds
2018-12-06T18:09:45.973-0100: 14407.926: Total time for which application threads were stopped: 0.0001485 seconds, Stopping threads took: 0.0000372 seconds
2018-12-06T18:09:45.974-0100: 14407.926: Total time for which application threads were stopped: 0.0000778 seconds, Stopping threads took: 0.0000201 seconds
2018-12-06T18:09:45.974-0100: 14407.927: Total time for which application threads were stopped: 0.0000989 seconds, Stopping threads took: 0.0000217 seconds
2018-12-06T18:09:45.974-0100: 14407.927: Total time for which application threads were stopped: 0.0000993 seconds, Stopping threads took: 0.0000231 seconds
2018-12-06T18:09:45.982-0100: 14407.935: Total time for which application threads were stopped: 0.0000624 seconds, Stopping threads took: 0.0000120 seconds
2018-12-06T18:09:45.982-0100: 14407.935: Total time for which application threads were stopped: 0.0000401 seconds, Stopping threads took: 0.0000065 seconds
2018-12-06T18:09:52.486-0100: 14414.439: Total time for which application threads were stopped: 0.0001208 seconds, Stopping threads took: 0.0000338 seconds
2018-12-06T18:09:52.486-0100: 14414.439: Total time for which application threads were stopped: 0.0000768 seconds, Stopping threads took: 0.0000107 seconds
2018-12-06T18:09:52.496-0100: 14414.449: Total time for which application threads were stopped: 0.0000872 seconds, Stopping threads took: 0.0000128 seconds
2018-12-06T18:09:52.496-0100: 14414.449: Total time for which application threads were stopped: 0.0000349 seconds, Stopping threads took: 0.0000056 seconds
2018-12-06T18:09:57.229-0100: 14419.182: Total time for which application threads were stopped: 0.0001409 seconds, Stopping threads took: 0.0000464 seconds
2018-12-06T18:09:57.229-0100: 14419.182: Total time for which application threads were stopped: 0.0000628 seconds, Stopping threads took: 0.0000098 seconds
2018-12-06T18:09:57.238-0100: 14419.191: Total time for which application threads were stopped: 0.0000637 seconds, Stopping threads took: 0.0000129 seconds
2018-12-06T18:09:57.238-0100: 14419.191: Total time for which application threads were stopped: 0.0000333 seconds, Stopping threads took: 0.0000054 seconds
2018-12-06T18:09:58.327-0100: 14420.281: Total time for which application threads were stopped: 0.0001331 seconds, Stopping threads took: 0.0000355 seconds
2018-12-06T18:09:58.328-0100: 14420.281: Total time for which application threads were stopped: 0.0000971 seconds, Stopping threads took: 0.0000222 seconds
2018-12-06T18:09:58.328-0100: 14420.281: Total time for which application threads were stopped: 0.0001034 seconds, Stopping threads took: 0.0000314 seconds
2018-12-06T18:09:58.339-0100: 14420.292: Total time for which application threads were stopped: 0.0001421 seconds, Stopping threads took: 0.0000136 seconds
2018-12-06T18:09:58.339-0100: 14420.292: Total time for which application threads were stopped: 0.0000897 seconds, Stopping threads took: 0.0000061 seconds
2018-12-06T18:09:58.339-0100: 14420.293: Total time for which application threads were stopped: 0.0001107 seconds, Stopping threads took: 0.0000135 seconds
2018-12-06T18:09:59.341-0100: 14421.295: Total time for which application threads were stopped: 0.0001307 seconds, Stopping threads took: 0.0000352 seconds
2018-12-06T18:09:59.342-0100: 14421.295: Total time for which application threads were stopped: 0.0001042 seconds, Stopping threads took: 0.0000429 seconds
2018-12-06T18:09:59.351-0100: 14421.304: Total time for which application threads were stopped: 0.0000744 seconds, Stopping threads took: 0.0000130 seconds
2018-12-06T18:09:59.351-0100: 14421.304: Total time for which application threads were stopped: 0.0000871 seconds, Stopping threads took: 0.0000094 seconds
2018-12-06T18:10:10.049-0100: 14432.003: Total time for which application threads were stopped: 0.0001670 seconds, Stopping threads took: 0.0000617 seconds
2018-12-06T18:10:10.053-0100: 14432.007: Total time for which application threads were stopped: 0.0001299 seconds, Stopping threads took: 0.0000606 seconds
2018-12-06T18:10:11.053-0100: 14433.007: Total time for which application threads were stopped: 0.0002116 seconds, Stopping threads took: 0.0000281 seconds
2018-12-06T18:10:13.722-0100: 14435.676: Total time for which application threads were stopped: 0.0001081 seconds, Stopping threads took: 0.0000197 seconds
2018-12-06T18:10:14.727-0100: 14436.681: Total time for which application threads were stopped: 0.0002754 seconds, Stopping threads took: 0.0000643 seconds
2018-12-06T18:10:26.256-0100: 14448.211: Total time for which application threads were stopped: 0.0002173 seconds, Stopping threads took: 0.0000829 seconds
2018-12-06T18:10:26.257-0100: 14448.211: Total time for which application threads were stopped: 0.0001778 seconds, Stopping threads took: 0.0000908 seconds
2018-12-06T18:10:26.269-0100: 14448.223: Total time for which application threads were stopped: 0.0001043 seconds, Stopping threads took: 0.0000179 seconds
2018-12-06T18:10:26.269-0100: 14448.223: Total time for which application threads were stopped: 0.0000770 seconds, Stopping threads took: 0.0000102 seconds
2018-12-06T18:10:37.133-0100: 14459.088: Total time for which application threads were stopped: 0.0001131 seconds, Stopping threads took: 0.0000167 seconds
2018-12-06T18:10:37.134-0100: 14459.089: Total time for which application threads were stopped: 0.0001041 seconds, Stopping threads took: 0.0000186 seconds
2018-12-06T18:10:37.143-0100: 14459.098: Total time for which application threads were stopped: 0.0000878 seconds, Stopping threads took: 0.0000162 seconds
2018-12-06T18:10:37.143-0100: 14459.098: Total time for which application threads were stopped: 0.0000736 seconds, Stopping threads took: 0.0000128 seconds
2018-12-06T18:10:40.143-0100: 14462.098: Total time for which application threads were stopped: 0.0001251 seconds, Stopping threads took: 0.0000309 seconds
2018-12-06T18:10:40.143-0100: 14462.098: Total time for which application threads were stopped: 0.0000886 seconds, Stopping threads took: 0.0000224 seconds
2018-12-06T18:10:40.153-0100: 14462.108: Total time for which application threads were stopped: 0.0000976 seconds, Stopping threads took: 0.0000295 seconds
2018-12-06T18:10:40.153-0100: 14462.109: Total time for which application threads were stopped: 0.0000544 seconds, Stopping threads took: 0.0000094 seconds
2018-12-06T18:10:41.856-0100: 14463.811: Total time for which application threads were stopped: 0.0001388 seconds, Stopping threads took: 0.0000477 seconds
2018-12-06T18:10:41.857-0100: 14463.812: Total time for which application threads were stopped: 0.0003878 seconds, Stopping threads took: 0.0000230 seconds
2018-12-06T18:10:41.864-0100: 14463.819: Total time for which application threads were stopped: 0.0001018 seconds, Stopping threads took: 0.0000299 seconds
2018-12-06T18:10:41.864-0100: 14463.820: Total time for which application threads were stopped: 0.0001046 seconds, Stopping threads took: 0.0000321 seconds
2018-12-06T18:10:41.875-0100: 14463.830: Total time for which application threads were stopped: 0.0000876 seconds, Stopping threads took: 0.0000296 seconds
2018-12-06T18:10:41.875-0100: 14463.830: Total time for which application threads were stopped: 0.0000479 seconds, Stopping threads took: 0.0000169 seconds
2018-12-06T18:10:42.507-0100: 14464.462: Total time for which application threads were stopped: 0.0001373 seconds, Stopping threads took: 0.0000179 seconds
2018-12-06T18:10:42.507-0100: 14464.462: Total time for which application threads were stopped: 0.0000785 seconds, Stopping threads took: 0.0000180 seconds
2018-12-06T18:10:42.516-0100: 14464.471: Total time for which application threads were stopped: 0.0000642 seconds, Stopping threads took: 0.0000124 seconds
2018-12-06T18:10:42.516-0100: 14464.471: Total time for which application threads were stopped: 0.0000358 seconds, Stopping threads took: 0.0000059 seconds
2018-12-06T18:10:42.995-0100: 14464.950: Total time for which application threads were stopped: 0.0001180 seconds, Stopping threads took: 0.0000308 seconds
2018-12-06T18:10:42.995-0100: 14464.950: Total time for which application threads were stopped: 0.0000500 seconds, Stopping threads took: 0.0000069 seconds
2018-12-06T18:10:43.003-0100: 14464.959: Total time for which application threads were stopped: 0.0000673 seconds, Stopping threads took: 0.0000145 seconds
2018-12-06T18:10:43.004-0100: 14464.959: Total time for which application threads were stopped: 0.0000378 seconds, Stopping threads took: 0.0000062 seconds
2018-12-06T18:10:44.008-0100: 14465.964: Total time for which application threads were stopped: 0.0001256 seconds, Stopping threads took: 0.0000285 seconds
2018-12-06T18:10:44.339-0100: 14466.294: Total time for which application threads were stopped: 0.0002056 seconds, Stopping threads took: 0.0000873 seconds
2018-12-06T18:10:44.339-0100: 14466.294: Total time for which application threads were stopped: 0.0000763 seconds, Stopping threads took: 0.0000211 seconds
2018-12-06T18:10:44.339-0100: 14466.294: Total time for which application threads were stopped: 0.0001187 seconds, Stopping threads took: 0.0000112 seconds
2018-12-06T18:10:44.339-0100: 14466.294: Total time for which application threads were stopped: 0.0001237 seconds, Stopping threads took: 0.0000555 seconds
2018-12-06T18:10:44.339-0100: 14466.295: Total time for which application threads were stopped: 0.0001303 seconds, Stopping threads took: 0.0000329 seconds
2018-12-06T18:10:44.339-0100: 14466.295: Total time for which application threads were stopped: 0.0001120 seconds, Stopping threads took: 0.0000508 seconds
2018-12-06T18:10:44.350-0100: 14466.305: Total time for which application threads were stopped: 0.0000878 seconds, Stopping threads took: 0.0000269 seconds
2018-12-06T18:10:44.350-0100: 14466.305: Total time for which application threads were stopped: 0.0000653 seconds, Stopping threads took: 0.0000168 seconds
2018-12-06T18:10:45.477-0100: 14467.432: Total time for which application threads were stopped: 0.0001757 seconds, Stopping threads took: 0.0000309 seconds
2018-12-06T18:10:45.477-0100: 14467.433: Total time for which application threads were stopped: 0.0000837 seconds, Stopping threads took: 0.0000101 seconds
2018-12-06T18:10:45.486-0100: 14467.442: Total time for which application threads were stopped: 0.0001400 seconds, Stopping threads took: 0.0000130 seconds
2018-12-06T18:10:45.487-0100: 14467.442: Total time for which application threads were stopped: 0.0001066 seconds, Stopping threads took: 0.0000079 seconds
2018-12-06T18:10:45.487-0100: 14467.442: Total time for which application threads were stopped: 0.0000798 seconds, Stopping threads took: 0.0000054 seconds
2018-12-06T18:11:36.630-0100: 14518.587: Total time for which application threads were stopped: 0.0001226 seconds, Stopping threads took: 0.0000262 seconds
2018-12-06T18:11:40.643-0100: 14522.600: Total time for which application threads were stopped: 0.0001925 seconds, Stopping threads took: 0.0000375 seconds
2018-12-06T18:11:42.244-0100: 14524.202: Total time for which application threads were stopped: 0.0002542 seconds, Stopping threads took: 0.0000334 seconds
2018-12-06T18:11:44.253-0100: 14526.211: Total time for which application threads were stopped: 0.0001853 seconds, Stopping threads took: 0.0000440 seconds
2018-12-06T18:11:44.350-0100: 14526.307: Total time for which application threads were stopped: 0.0001475 seconds, Stopping threads took: 0.0000314 seconds
2018-12-06T18:11:45.485-0100: 14527.443: Total time for which application threads were stopped: 0.0001542 seconds, Stopping threads took: 0.0000292 seconds
2018-12-06T18:18:12.636-0100: 14914.610: Total time for which application threads were stopped: 0.0002541 seconds, Stopping threads took: 0.0000668 seconds
2018-12-06T18:20:42.103-0100: 15064.084: Total time for which application threads were stopped: 0.0002141 seconds, Stopping threads took: 0.0001028 seconds
2018-12-06T18:21:29.240-0100: 15111.222: Total time for which application threads were stopped: 0.0001591 seconds, Stopping threads took: 0.0000366 seconds
2018-12-06T18:21:59.324-0100: 15141.307: Total time for which application threads were stopped: 0.0000958 seconds, Stopping threads took: 0.0000235 seconds
2018-12-06T18:23:43.656-0100: 15245.644: Total time for which application threads were stopped: 0.0001393 seconds, Stopping threads took: 0.0000343 seconds
2018-12-06T18:23:54.693-0100: 15256.682: Total time for which application threads were stopped: 0.0002626 seconds, Stopping threads took: 0.0001015 seconds
2018-12-06T18:24:41.857-0100: 15303.848: Total time for which application threads were stopped: 0.0001471 seconds, Stopping threads took: 0.0000348 seconds
2018-12-06T18:25:42.033-0100: 15364.025: Total time for which application threads were stopped: 0.0001568 seconds, Stopping threads took: 0.0000341 seconds
2018-12-06T18:26:42.255-0100: 15424.250: Total time for which application threads were stopped: 0.0001577 seconds, Stopping threads took: 0.0000402 seconds
2018-12-06T18:27:19.380-0100: 15461.377: Total time for which application threads were stopped: 0.0001128 seconds, Stopping threads took: 0.0000247 seconds
2018-12-06T18:27:47.459-0100: 15489.457: Total time for which application threads were stopped: 0.0002659 seconds, Stopping threads took: 0.0000625 seconds
2018-12-06T18:28:37.597-0100: 15539.597: Total time for which application threads were stopped: 0.0001125 seconds, Stopping threads took: 0.0000253 seconds
2018-12-06T18:28:55.276-0100: 15557.276: Total time for which application threads were stopped: 0.0002321 seconds, Stopping threads took: 0.0000228 seconds
2018-12-06T18:28:56.276-0100: 15558.277: Total time for which application threads were stopped: 0.0002742 seconds, Stopping threads took: 0.0000683 seconds
2018-12-06T18:29:14.340-0100: 15576.342: Total time for which application threads were stopped: 0.0002700 seconds, Stopping threads took: 0.0000697 seconds
2018-12-06T18:29:41.417-0100: 15603.420: Total time for which application threads were stopped: 0.0002523 seconds, Stopping threads took: 0.0000603 seconds
2018-12-06T18:29:50.435-0100: 15612.438: Total time for which application threads were stopped: 0.0001229 seconds, Stopping threads took: 0.0000271 seconds
2018-12-06T18:29:58.454-0100: 15620.457: Total time for which application threads were stopped: 0.0001906 seconds, Stopping threads took: 0.0000446 seconds
2018-12-06T18:30:05.480-0100: 15627.484: Total time for which application threads were stopped: 0.0001536 seconds, Stopping threads took: 0.0000383 seconds
2018-12-06T18:30:38.588-0100: 15660.593: Total time for which application threads were stopped: 0.0002514 seconds, Stopping threads took: 0.0000530 seconds
2018-12-06T18:33:31.121-0100: 15833.133: Total time for which application threads were stopped: 0.0002736 seconds, Stopping threads took: 0.0000748 seconds
2018-12-06T18:33:36.138-0100: 15838.151: Total time for which application threads were stopped: 0.0001127 seconds, Stopping threads took: 0.0000313 seconds
2018-12-06T18:33:41.153-0100: 15843.166: Total time for which application threads were stopped: 0.0001263 seconds, Stopping threads took: 0.0000239 seconds
2018-12-06T18:33:42.157-0100: 15844.170: Total time for which application threads were stopped: 0.0001668 seconds, Stopping threads took: 0.0000387 seconds
2018-12-06T18:33:48.176-0100: 15850.189: Total time for which application threads were stopped: 0.0001038 seconds, Stopping threads took: 0.0000232 seconds
2018-12-06T18:38:26.824-0100: 16128.848: Total time for which application threads were stopped: 0.0007021 seconds, Stopping threads took: 0.0000544 seconds
2018-12-06T18:39:23.975-0100: 16186.002: Total time for which application threads were stopped: 0.0001164 seconds, Stopping threads took: 0.0000242 seconds
2018-12-06T18:39:42.028-0100: 16204.056: Total time for which application threads were stopped: 0.0001245 seconds, Stopping threads took: 0.0000303 seconds
2018-12-06T18:43:26.674-0100: 16428.711: Total time for which application threads were stopped: 0.0001029 seconds, Stopping threads took: 0.0000276 seconds
2018-12-06T18:43:42.347-0100: 16444.385: Total time for which application threads were stopped: 0.0001978 seconds, Stopping threads took: 0.0000194 seconds
2018-12-06T18:51:41.725-0100: 16923.783: Total time for which application threads were stopped: 0.0002002 seconds, Stopping threads took: 0.0000823 seconds
2018-12-06T18:52:41.930-0100: 16983.991: Total time for which application threads were stopped: 0.0001560 seconds, Stopping threads took: 0.0000382 seconds
2018-12-06T18:55:26.275-0100: 17148.342: Total time for which application threads were stopped: 0.0002908 seconds, Stopping threads took: 0.0000197 seconds
2018-12-06T18:55:42.335-0100: 17164.403: Total time for which application threads were stopped: 0.0001440 seconds, Stopping threads took: 0.0000344 seconds
2018-12-06T18:56:03.392-0100: 17185.461: Total time for which application threads were stopped: 0.0001486 seconds, Stopping threads took: 0.0000348 seconds
2018-12-06T18:56:45.537-0100: 17227.608: Total time for which application threads were stopped: 0.0001237 seconds, Stopping threads took: 0.0000253 seconds
2018-12-06T18:56:57.575-0100: 17239.646: Total time for which application threads were stopped: 0.0001498 seconds, Stopping threads took: 0.0000301 seconds
2018-12-06T18:57:41.715-0100: 17283.788: Total time for which application threads were stopped: 0.0001564 seconds, Stopping threads took: 0.0000350 seconds
2018-12-06T18:57:51.751-0100: 17293.825: Total time for which application threads were stopped: 0.0014328 seconds, Stopping threads took: 0.0000612 seconds
2018-12-06T18:58:12.819-0100: 17314.893: Total time for which application threads were stopped: 0.0001333 seconds, Stopping threads took: 0.0000277 seconds
2018-12-06T18:58:18.842-0100: 17320.916: Total time for which application threads were stopped: 0.0001107 seconds, Stopping threads took: 0.0000238 seconds
2018-12-06T19:00:38.285-0100: 17460.365: Total time for which application threads were stopped: 0.0001049 seconds, Stopping threads took: 0.0000233 seconds
2018-12-06T19:00:46.309-0100: 17468.390: Total time for which application threads were stopped: 0.0001825 seconds, Stopping threads took: 0.0000365 seconds
2018-12-06T19:00:56.248-0100: 17478.329: Total time for which application threads were stopped: 0.0002180 seconds, Stopping threads took: 0.0000224 seconds
2018-12-06T19:00:57.250-0100: 17479.331: Total time for which application threads were stopped: 0.0001540 seconds, Stopping threads took: 0.0000349 seconds
2018-12-06T19:03:48.753-0100: 17650.842: Total time for which application threads were stopped: 0.0003040 seconds, Stopping threads took: 0.0001494 seconds
2018-12-06T19:04:40.912-0100: 17703.002: Total time for which application threads were stopped: 0.0001594 seconds, Stopping threads took: 0.0000334 seconds
2018-12-06T19:04:47.936-0100: 17710.027: Total time for which application threads were stopped: 0.0001906 seconds, Stopping threads took: 0.0000628 seconds
2018-12-06T19:05:58.138-0100: 17780.231: Total time for which application threads were stopped: 0.0001409 seconds, Stopping threads took: 0.0000291 seconds
2018-12-06T19:09:44.790-0100: 18006.893: Total time for which application threads were stopped: 0.0002876 seconds, Stopping threads took: 0.0000963 seconds
2018-12-06T19:10:35.040-0100: 18057.145: Total time for which application threads were stopped: 0.0002594 seconds, Stopping threads took: 0.0000224 seconds
2018-12-06T19:11:24.180-0100: 18106.287: Total time for which application threads were stopped: 0.0001563 seconds, Stopping threads took: 0.0000361 seconds
2018-12-06T19:11:43.253-0100: 18125.361: Total time for which application threads were stopped: 0.0001260 seconds, Stopping threads took: 0.0000246 seconds
2018-12-06T19:15:10.253-0100: 18332.369: Total time for which application threads were stopped: 0.0002253 seconds, Stopping threads took: 0.0000226 seconds
2018-12-06T19:15:58.394-0100: 18380.512: Total time for which application threads were stopped: 0.0001718 seconds, Stopping threads took: 0.0000607 seconds
2018-12-06T19:17:08.204-0100: 18450.326: Total time for which application threads were stopped: 0.0001027 seconds, Stopping threads took: 0.0000190 seconds
2018-12-06T19:17:19.239-0100: 18461.361: Total time for which application threads were stopped: 0.0002273 seconds, Stopping threads took: 0.0000508 seconds
2018-12-06T19:24:18.503-0100: 18880.643: Total time for which application threads were stopped: 0.0002212 seconds, Stopping threads took: 0.0000909 seconds
2018-12-06T19:24:23.524-0100: 18885.664: Total time for which application threads were stopped: 0.0001565 seconds, Stopping threads took: 0.0000358 seconds
2018-12-06T19:27:19.977-0100: 19062.124: Total time for which application threads were stopped: 0.0002271 seconds, Stopping threads took: 0.0000230 seconds
2018-12-06T19:31:39.751-0100: 19321.909: Total time for which application threads were stopped: 0.0002951 seconds, Stopping threads took: 0.0000690 seconds
2018-12-06T19:31:51.784-0100: 19333.942: Total time for which application threads were stopped: 0.0001340 seconds, Stopping threads took: 0.0000283 seconds
2018-12-06T19:37:24.367-0100: 19666.539: Total time for which application threads were stopped: 0.0002191 seconds, Stopping threads took: 0.0000225 seconds
2018-12-06T19:38:47.594-0100: 19749.770: Total time for which application threads were stopped: 0.0002178 seconds, Stopping threads took: 0.0000429 seconds
2018-12-06T19:38:49.605-0100: 19751.780: Total time for which application threads were stopped: 0.0001174 seconds, Stopping threads took: 0.0000247 seconds
2018-12-06T19:39:19.697-0100: 19781.874: Total time for which application threads were stopped: 0.0001520 seconds, Stopping threads took: 0.0000339 seconds
2018-12-06T19:39:24.710-0100: 19786.887: Total time for which application threads were stopped: 0.0001206 seconds, Stopping threads took: 0.0000272 seconds
2018-12-06T19:40:53.986-0100: 19876.167: Total time for which application threads were stopped: 0.0002019 seconds, Stopping threads took: 0.0000474 seconds
2018-12-06T19:42:22.249-0100: 19964.434: Total time for which application threads were stopped: 0.0001672 seconds, Stopping threads took: 0.0000344 seconds
2018-12-06T19:43:15.436-0100: 20017.623: Total time for which application threads were stopped: 0.0001932 seconds, Stopping threads took: 0.0000197 seconds
2018-12-06T19:47:19.197-0100: 20261.394: Total time for which application threads were stopped: 0.0001286 seconds, Stopping threads took: 0.0000350 seconds
2018-12-06T19:47:48.283-0100: 20290.482: Total time for which application threads were stopped: 0.0002035 seconds, Stopping threads took: 0.0000616 seconds
2018-12-06T19:48:27.383-0100: 20329.583: Total time for which application threads were stopped: 0.0003728 seconds, Stopping threads took: 0.0000806 seconds
2018-12-06T19:48:35.418-0100: 20337.619: Total time for which application threads were stopped: 0.0001125 seconds, Stopping threads took: 0.0000238 seconds
2018-12-06T19:48:48.469-0100: 20350.670: Total time for which application threads were stopped: 0.0002471 seconds, Stopping threads took: 0.0000604 seconds
2018-12-06T19:49:35.614-0100: 20397.817: Total time for which application threads were stopped: 0.0003900 seconds, Stopping threads took: 0.0000756 seconds
2018-12-06T19:50:10.704-0100: 20432.908: Total time for which application threads were stopped: 0.0001798 seconds, Stopping threads took: 0.0000425 seconds
2018-12-06T19:50:20.728-0100: 20442.933: Total time for which application threads were stopped: 0.0001375 seconds, Stopping threads took: 0.0000280 seconds
2018-12-06T19:51:59.039-0100: 20541.248: Total time for which application threads were stopped: 0.0001526 seconds, Stopping threads took: 0.0000317 seconds
2018-12-06T19:52:26.117-0100: 20568.327: Total time for which application threads were stopped: 0.0002841 seconds, Stopping threads took: 0.0000603 seconds
2018-12-06T19:53:37.573-0100: 20639.786: Total time for which application threads were stopped: 0.0002663 seconds, Stopping threads took: 0.0000258 seconds
2018-12-06T19:54:41.780-0100: 20703.996: Total time for which application threads were stopped: 0.0001559 seconds, Stopping threads took: 0.0000359 seconds
{Heap before GC invocations=27 (full 1):
 par new generation   total 109248K, used 95076K [0x00000007a0000000, 0x00000007a8000000, 0x00000007a8000000)
  eden space 87424K, 100% used [0x00000007a0000000, 0x00000007a5560000, 0x00000007a5560000)
  from space 21824K,  35% used [0x00000007a6ab0000, 0x00000007a7229320, 0x00000007a8000000)
  to   space 21824K,   0% used [0x00000007a5560000, 0x00000007a5560000, 0x00000007a6ab0000)
 concurrent mark-sweep generation total 393216K, used 133917K [0x00000007a8000000, 0x00000007c0000000, 0x00000007c0000000)
 Metaspace       used 44044K, capacity 45437K, committed 45536K, reserved 1089536K
  class space    used 5188K, capacity 5528K, committed 5600K, reserved 1048576K
2018-12-06T19:55:21.459-0100: 20743.676: [GC (Allocation Failure) 2018-12-06T19:55:21.459-0100: 20743.676: [ParNew
Desired survivor size 20112992 bytes, new threshold 8 (max 8)
- age   1:    4958112 bytes,    4958112 total
- age   2:     510464 bytes,    5468576 total
- age   3:    1215920 bytes,    6684496 total
- age   4:    1776208 bytes,    8460704 total
- age   5:        352 bytes,    8461056 total
- age   7:      95976 bytes,    8557032 total
- age   8:        368 bytes,    8557400 total
: 95076K->9369K(109248K), 0.0069342 secs] 228994K->143389K(502464K), 0.0070007 secs] [Times: user=0.02 sys=0.00, real=0.01 secs] 
Heap after GC invocations=28 (full 1):
 par new generation   total 109248K, used 9369K [0x00000007a0000000, 0x00000007a8000000, 0x00000007a8000000)
  eden space 87424K,   0% used [0x00000007a0000000, 0x00000007a0000000, 0x00000007a5560000)
  from space 21824K,  42% used [0x00000007a5560000, 0x00000007a5e86590, 0x00000007a6ab0000)
  to   space 21824K,   0% used [0x00000007a6ab0000, 0x00000007a6ab0000, 0x00000007a8000000)
 concurrent mark-sweep generation total 393216K, used 134019K [0x00000007a8000000, 0x00000007c0000000, 0x00000007c0000000)
 Metaspace       used 44044K, capacity 45437K, committed 45536K, reserved 1089536K
  class space    used 5188K, capacity 5528K, committed 5600K, reserved 1048576K
}
2018-12-06T19:55:21.466-0100: 20743.683: Total time for which application threads were stopped: 0.0071970 seconds, Stopping threads took: 0.0000214 seconds
2018-12-06T19:55:21.466-0100: 20743.684: Total time for which application threads were stopped: 0.0001235 seconds, Stopping threads took: 0.0000444 seconds
2018-12-06T19:59:42.210-0100: 21004.438: Total time for which application threads were stopped: 0.0001465 seconds, Stopping threads took: 0.0000311 seconds
2018-12-06T20:04:42.041-0100: 21304.282: Total time for which application threads were stopped: 0.0002492 seconds, Stopping threads took: 0.0000585 seconds
2018-12-06T20:05:42.211-0100: 21364.454: Total time for which application threads were stopped: 0.0002653 seconds, Stopping threads took: 0.0000654 seconds
2018-12-06T20:06:23.321-0100: 21405.566: Total time for which application threads were stopped: 0.0001531 seconds, Stopping threads took: 0.0000281 seconds
2018-12-06T20:06:37.679-0100: 21419.925: Total time for which application threads were stopped: 0.0001977 seconds, Stopping threads took: 0.0000299 seconds
2018-12-06T20:06:38.681-0100: 21420.926: Total time for which application threads were stopped: 0.0002712 seconds, Stopping threads took: 0.0000645 seconds
2018-12-06T20:06:41.692-0100: 21423.937: Total time for which application threads were stopped: 0.0001733 seconds, Stopping threads took: 0.0000380 seconds
2018-12-06T20:10:02.333-0100: 21624.586: Total time for which application threads were stopped: 0.0001920 seconds, Stopping threads took: 0.0000404 seconds
2018-12-06T20:10:06.339-0100: 21628.593: Total time for which application threads were stopped: 0.0001620 seconds, Stopping threads took: 0.0000361 seconds
2018-12-06T20:13:55.979-0100: 21858.242: Total time for which application threads were stopped: 0.0002321 seconds, Stopping threads took: 0.0000207 seconds
2018-12-06T20:16:22.416-0100: 22004.686: Total time for which application threads were stopped: 0.0001154 seconds, Stopping threads took: 0.0000265 seconds
2018-12-06T20:17:42.678-0100: 22084.951: Total time for which application threads were stopped: 0.0002651 seconds, Stopping threads took: 0.0000565 seconds
2018-12-06T20:25:43.880-0100: 22566.173: Total time for which application threads were stopped: 0.0002617 seconds, Stopping threads took: 0.0000283 seconds
2018-12-06T20:25:44.883-0100: 22567.177: Total time for which application threads were stopped: 0.0001466 seconds, Stopping threads took: 0.0000330 seconds
2018-12-06T20:27:38.218-0100: 22680.515: Total time for which application threads were stopped: 0.0008444 seconds, Stopping threads took: 0.0001243 seconds
2018-12-06T20:34:42.463-0100: 23104.778: Total time for which application threads were stopped: 0.0002561 seconds, Stopping threads took: 0.0000622 seconds
2018-12-06T20:36:41.793-0100: 23224.113: Total time for which application threads were stopped: 0.0001626 seconds, Stopping threads took: 0.0000378 seconds
2018-12-06T20:37:55.018-0100: 23297.341: Total time for which application threads were stopped: 0.0002691 seconds, Stopping threads took: 0.0000650 seconds
2018-12-06T20:46:42.541-0100: 23824.886: Total time for which application threads were stopped: 0.0001876 seconds, Stopping threads took: 0.0000486 seconds
2018-12-06T20:51:06.148-0100: 24088.505: Total time for which application threads were stopped: 0.0002016 seconds, Stopping threads took: 0.0000218 seconds
2018-12-06T20:55:31.962-0100: 24354.330: Total time for which application threads were stopped: 0.0001795 seconds, Stopping threads took: 0.0000459 seconds
2018-12-06T20:55:32.793-0100: 24355.161: Total time for which application threads were stopped: 0.0002106 seconds, Stopping threads took: 0.0000204 seconds
2018-12-06T20:55:33.797-0100: 24356.164: Total time for which application threads were stopped: 0.0001336 seconds, Stopping threads took: 0.0000269 seconds
2018-12-06T20:56:35.999-0100: 24418.370: Total time for which application threads were stopped: 0.0002200 seconds, Stopping threads took: 0.0000622 seconds
2018-12-06T20:56:37.002-0100: 24419.372: Total time for which application threads were stopped: 0.0002084 seconds, Stopping threads took: 0.0000318 seconds
2018-12-06T20:57:37.194-0100: 24479.567: Total time for which application threads were stopped: 0.0001248 seconds, Stopping threads took: 0.0000251 seconds
2018-12-06T20:57:39.199-0100: 24481.572: Total time for which application threads were stopped: 0.0002523 seconds, Stopping threads took: 0.0000672 seconds
2018-12-06T20:58:59.462-0100: 24561.838: Total time for which application threads were stopped: 0.0002609 seconds, Stopping threads took: 0.0000715 seconds
2018-12-06T21:00:02.897-0100: 24625.276: Total time for which application threads were stopped: 0.0002929 seconds, Stopping threads took: 0.0000235 seconds
2018-12-06T21:03:30.866-0100: 24833.253: Total time for which application threads were stopped: 0.0005338 seconds, Stopping threads took: 0.0000730 seconds
2018-12-06T21:05:34.200-0100: 24956.592: Total time for which application threads were stopped: 0.0001499 seconds, Stopping threads took: 0.0000339 seconds
2018-12-06T21:08:15.638-0100: 25118.037: Total time for which application threads were stopped: 0.0001719 seconds, Stopping threads took: 0.0000332 seconds
2018-12-06T21:10:36.561-0100: 25258.967: Total time for which application threads were stopped: 0.0002025 seconds, Stopping threads took: 0.0000206 seconds
2018-12-06T21:24:41.228-0100: 26103.669: Total time for which application threads were stopped: 0.0002067 seconds, Stopping threads took: 0.0000243 seconds
2018-12-06T21:24:42.231-0100: 26104.672: Total time for which application threads were stopped: 0.0002046 seconds, Stopping threads took: 0.0000500 seconds
2018-12-06T21:35:42.182-0100: 26764.651: Total time for which application threads were stopped: 0.0001621 seconds, Stopping threads took: 0.0000370 seconds
2018-12-06T21:40:31.969-0100: 27054.449: Total time for which application threads were stopped: 0.0001553 seconds, Stopping threads took: 0.0000362 seconds
2018-12-06T21:50:14.630-0100: 27637.135: Total time for which application threads were stopped: 0.0001755 seconds, Stopping threads took: 0.0000585 seconds
2018-12-06T21:50:19.643-0100: 27642.148: Total time for which application threads were stopped: 0.0001509 seconds, Stopping threads took: 0.0000463 seconds
2018-12-06T21:50:44.677-0100: 27667.183: Total time for which application threads were stopped: 0.0002190 seconds, Stopping threads took: 0.0000202 seconds
2018-12-06T21:50:45.679-0100: 27668.185: Total time for which application threads were stopped: 0.0002191 seconds, Stopping threads took: 0.0000592 seconds
2018-12-06T21:51:49.887-0100: 27732.396: Total time for which application threads were stopped: 0.0001671 seconds, Stopping threads took: 0.0000382 seconds
2018-12-06T21:51:55.907-0100: 27738.416: Total time for which application threads were stopped: 0.0001454 seconds, Stopping threads took: 0.0000319 seconds
2018-12-06T21:52:29.008-0100: 27771.518: Total time for which application threads were stopped: 0.0001585 seconds, Stopping threads took: 0.0000389 seconds
2018-12-06T21:56:27.669-0100: 28010.190: Total time for which application threads were stopped: 0.0001078 seconds, Stopping threads took: 0.0000248 seconds
2018-12-06T21:56:45.590-0100: 28028.111: Total time for which application threads were stopped: 0.0005313 seconds, Stopping threads took: 0.0000640 seconds
2018-12-06T22:04:44.954-0100: 28507.495: Total time for which application threads were stopped: 0.0002389 seconds, Stopping threads took: 0.0000250 seconds
2018-12-06T22:05:22.034-0100: 28544.576: Total time for which application threads were stopped: 0.0002068 seconds, Stopping threads took: 0.0000534 seconds
2018-12-06T22:05:51.104-0100: 28573.647: Total time for which application threads were stopped: 0.0001403 seconds, Stopping threads took: 0.0000403 seconds
2018-12-06T22:05:53.112-0100: 28575.656: Total time for which application threads were stopped: 0.0001038 seconds, Stopping threads took: 0.0000285 seconds
2018-12-06T22:05:53.240-0100: 28575.784: Total time for which application threads were stopped: 0.0003002 seconds, Stopping threads took: 0.0000331 seconds
2018-12-06T22:05:54.240-0100: 28576.784: Total time for which application threads were stopped: 0.0001878 seconds, Stopping threads took: 0.0000446 seconds
2018-12-06T22:06:12.004-0100: 28594.548: Total time for which application threads were stopped: 0.0003857 seconds, Stopping threads took: 0.0000399 seconds
2018-12-06T22:08:20.334-0100: 28722.884: Total time for which application threads were stopped: 0.0001526 seconds, Stopping threads took: 0.0000336 seconds
2018-12-06T22:10:27.697-0100: 28850.252: Total time for which application threads were stopped: 0.0002831 seconds, Stopping threads took: 0.0000634 seconds
2018-12-06T22:11:00.810-0100: 28883.367: Total time for which application threads were stopped: 0.0001709 seconds, Stopping threads took: 0.0000402 seconds
2018-12-06T22:11:19.854-0100: 28902.412: Total time for which application threads were stopped: 0.0001766 seconds, Stopping threads took: 0.0000704 seconds
2018-12-06T22:13:20.224-0100: 29022.786: Total time for which application threads were stopped: 0.0001166 seconds, Stopping threads took: 0.0000262 seconds
2018-12-06T22:25:49.553-0100: 29772.147: Total time for which application threads were stopped: 0.0001157 seconds, Stopping threads took: 0.0000390 seconds
2018-12-06T22:41:42.557-0100: 30725.189: Total time for which application threads were stopped: 0.0002776 seconds, Stopping threads took: 0.0001588 seconds
2018-12-06T22:53:42.461-0100: 31445.122: Total time for which application threads were stopped: 0.0001425 seconds, Stopping threads took: 0.0000350 seconds
2018-12-06T23:15:42.968-0100: 32765.685: Total time for which application threads were stopped: 0.0003089 seconds, Stopping threads took: 0.0001035 seconds
2018-12-06T23:36:51.965-0100: 34034.734: Total time for which application threads were stopped: 0.0001544 seconds, Stopping threads took: 0.0000243 seconds
2018-12-06T23:36:51.965-0100: 34034.734: Total time for which application threads were stopped: 0.0001064 seconds, Stopping threads took: 0.0000291 seconds
2018-12-06T23:36:51.975-0100: 34034.744: Total time for which application threads were stopped: 0.0000933 seconds, Stopping threads took: 0.0000165 seconds
2018-12-06T23:36:51.975-0100: 34034.744: Total time for which application threads were stopped: 0.0000691 seconds, Stopping threads took: 0.0000102 seconds
2018-12-06T23:36:54.740-0100: 34037.509: Total time for which application threads were stopped: 0.0001490 seconds, Stopping threads took: 0.0000198 seconds
2018-12-06T23:36:54.740-0100: 34037.510: Total time for which application threads were stopped: 0.0000718 seconds, Stopping threads took: 0.0000104 seconds
2018-12-06T23:36:54.741-0100: 34037.510: Total time for which application threads were stopped: 0.0000606 seconds, Stopping threads took: 0.0000087 seconds
2018-12-06T23:36:54.741-0100: 34037.510: Total time for which application threads were stopped: 0.0000485 seconds, Stopping threads took: 0.0000087 seconds
2018-12-06T23:36:54.741-0100: 34037.510: Total time for which application threads were stopped: 0.0001210 seconds, Stopping threads took: 0.0000622 seconds
2018-12-06T23:36:54.741-0100: 34037.510: Total time for which application threads were stopped: 0.0000598 seconds, Stopping threads took: 0.0000088 seconds
2018-12-06T23:36:54.741-0100: 34037.511: Total time for which application threads were stopped: 0.0025217 seconds, Stopping threads took: 0.0000072 seconds
2018-12-06T23:36:54.744-0100: 34037.513: Total time for which application threads were stopped: 0.0001230 seconds, Stopping threads took: 0.0000154 seconds
2018-12-06T23:36:54.744-0100: 34037.513: Total time for which application threads were stopped: 0.0001339 seconds, Stopping threads took: 0.0000229 seconds
2018-12-06T23:36:54.744-0100: 34037.514: Total time for which application threads were stopped: 0.0000989 seconds, Stopping threads took: 0.0000224 seconds
2018-12-06T23:36:54.745-0100: 34037.514: Total time for which application threads were stopped: 0.0000946 seconds, Stopping threads took: 0.0000253 seconds
2018-12-06T23:36:54.745-0100: 34037.514: Total time for which application threads were stopped: 0.0001133 seconds, Stopping threads took: 0.0000304 seconds
2018-12-06T23:36:54.745-0100: 34037.514: Total time for which application threads were stopped: 0.0001511 seconds, Stopping threads took: 0.0000639 seconds
2018-12-06T23:36:54.746-0100: 34037.515: Total time for which application threads were stopped: 0.0001487 seconds, Stopping threads took: 0.0000122 seconds
2018-12-06T23:36:54.746-0100: 34037.515: Total time for which application threads were stopped: 0.0000484 seconds, Stopping threads took: 0.0000071 seconds
2018-12-06T23:36:54.751-0100: 34037.521: Total time for which application threads were stopped: 0.0001049 seconds, Stopping threads took: 0.0000232 seconds
2018-12-06T23:36:54.751-0100: 34037.521: Total time for which application threads were stopped: 0.0000743 seconds, Stopping threads took: 0.0000100 seconds
2018-12-06T23:36:54.761-0100: 34037.530: Total time for which application threads were stopped: 0.0000906 seconds, Stopping threads took: 0.0000155 seconds
2018-12-06T23:36:54.761-0100: 34037.530: Total time for which application threads were stopped: 0.0000701 seconds, Stopping threads took: 0.0000103 seconds
2018-12-06T23:37:42.917-0100: 34085.688: Total time for which application threads were stopped: 0.0001628 seconds, Stopping threads took: 0.0000479 seconds
2018-12-06T23:37:54.763-0100: 34097.534: Total time for which application threads were stopped: 0.0001548 seconds, Stopping threads took: 0.0000338 seconds
2018-12-06T23:38:42.889-0100: 34145.662: Total time for which application threads were stopped: 0.0002899 seconds, Stopping threads took: 0.0001046 seconds
2018-12-06T23:42:03.007-0100: 34345.788: Total time for which application threads were stopped: 0.0003201 seconds, Stopping threads took: 0.0000998 seconds
2018-12-06T23:42:03.007-0100: 34345.789: Total time for which application threads were stopped: 0.0001729 seconds, Stopping threads took: 0.0000716 seconds
2018-12-06T23:42:03.018-0100: 34345.800: Total time for which application threads were stopped: 0.0001288 seconds, Stopping threads took: 0.0000246 seconds
2018-12-06T23:42:03.019-0100: 34345.800: Total time for which application threads were stopped: 0.0000740 seconds, Stopping threads took: 0.0000068 seconds
2018-12-06T23:42:04.093-0100: 34346.875: Total time for which application threads were stopped: 0.0001428 seconds, Stopping threads took: 0.0000295 seconds
2018-12-06T23:42:04.093-0100: 34346.875: Total time for which application threads were stopped: 0.0001738 seconds, Stopping threads took: 0.0000107 seconds
2018-12-06T23:42:04.093-0100: 34346.875: Total time for which application threads were stopped: 0.0000819 seconds, Stopping threads took: 0.0000213 seconds
2018-12-06T23:42:04.102-0100: 34346.884: Total time for which application threads were stopped: 0.0001097 seconds, Stopping threads took: 0.0000336 seconds
2018-12-06T23:42:04.103-0100: 34346.884: Total time for which application threads were stopped: 0.0000667 seconds, Stopping threads took: 0.0000205 seconds
2018-12-06T23:42:05.106-0100: 34347.887: Total time for which application threads were stopped: 0.0001802 seconds, Stopping threads took: 0.0000393 seconds
2018-12-06T23:42:13.134-0100: 34355.917: Total time for which application threads were stopped: 0.0001687 seconds, Stopping threads took: 0.0000364 seconds
2018-12-06T23:43:03.017-0100: 34405.801: Total time for which application threads were stopped: 0.0001587 seconds, Stopping threads took: 0.0000281 seconds
2018-12-06T23:43:04.102-0100: 34406.886: Total time for which application threads were stopped: 0.0003113 seconds, Stopping threads took: 0.0000328 seconds
{Heap before GC invocations=28 (full 1):
 par new generation   total 109248K, used 96793K [0x00000007a0000000, 0x00000007a8000000, 0x00000007a8000000)
  eden space 87424K, 100% used [0x00000007a0000000, 0x00000007a5560000, 0x00000007a5560000)
  from space 21824K,  42% used [0x00000007a5560000, 0x00000007a5e86590, 0x00000007a6ab0000)
  to   space 21824K,   0% used [0x00000007a6ab0000, 0x00000007a6ab0000, 0x00000007a8000000)
 concurrent mark-sweep generation total 393216K, used 134019K [0x00000007a8000000, 0x00000007c0000000, 0x00000007c0000000)
 Metaspace       used 44286K, capacity 45757K, committed 46048K, reserved 1089536K
  class space    used 5189K, capacity 5528K, committed 5600K, reserved 1048576K
2018-12-06T23:47:42.251-0100: 34685.047: [GC (Allocation Failure) 2018-12-06T23:47:42.253-0100: 34685.048: [ParNew
Desired survivor size 20112992 bytes, new threshold 8 (max 8)
- age   1:     489688 bytes,     489688 total
- age   2:    4388544 bytes,    4878232 total
- age   3:     444496 bytes,    5322728 total
- age   4:    1184248 bytes,    6506976 total
- age   5:    1741688 bytes,    8248664 total
- age   6:        352 bytes,    8249016 total
- age   8:      95976 bytes,    8344992 total
: 96793K->12055K(109248K), 0.0094701 secs] 230813K->146075K(502464K), 0.0105649 secs] [Times: user=0.03 sys=0.00, real=0.01 secs] 
Heap after GC invocations=29 (full 1):
 par new generation   total 109248K, used 12055K [0x00000007a0000000, 0x00000007a8000000, 0x00000007a8000000)
  eden space 87424K,   0% used [0x00000007a0000000, 0x00000007a0000000, 0x00000007a5560000)
  from space 21824K,  55% used [0x00000007a6ab0000, 0x00000007a7675e20, 0x00000007a8000000)
  to   space 21824K,   0% used [0x00000007a5560000, 0x00000007a5560000, 0x00000007a6ab0000)
 concurrent mark-sweep generation total 393216K, used 134020K [0x00000007a8000000, 0x00000007c0000000, 0x00000007c0000000)
 Metaspace       used 44286K, capacity 45757K, committed 46048K, reserved 1089536K
  class space    used 5189K, capacity 5528K, committed 5600K, reserved 1048576K
}
2018-12-06T23:47:42.262-0100: 34685.058: Total time for which application threads were stopped: 0.0108394 seconds, Stopping threads took: 0.0000314 seconds
2018-12-07T00:00:53.909-0100: 35476.737: Total time for which application threads were stopped: 0.0001322 seconds, Stopping threads took: 0.0000329 seconds
2018-12-07T00:55:05.371-0100: 38728.332: Total time for which application threads were stopped: 0.0001651 seconds, Stopping threads took: 0.0000616 seconds
2018-12-07T00:55:05.371-0100: 38728.332: Total time for which application threads were stopped: 0.0000930 seconds, Stopping threads took: 0.0000352 seconds
2018-12-07T00:55:05.381-0100: 38728.342: Total time for which application threads were stopped: 0.0000657 seconds, Stopping threads took: 0.0000128 seconds
2018-12-07T00:55:05.381-0100: 38728.342: Total time for which application threads were stopped: 0.0000494 seconds, Stopping threads took: 0.0000091 seconds
2018-12-07T00:55:51.714-0100: 38774.677: Total time for which application threads were stopped: 0.0008270 seconds, Stopping threads took: 0.0000191 seconds
2018-12-07T00:55:51.716-0100: 38774.679: Total time for which application threads were stopped: 0.0005871 seconds, Stopping threads took: 0.0000112 seconds
2018-12-07T00:55:51.718-0100: 38774.681: Total time for which application threads were stopped: 0.0006932 seconds, Stopping threads took: 0.0000468 seconds
2018-12-07T00:55:51.726-0100: 38774.689: Total time for which application threads were stopped: 0.0002064 seconds, Stopping threads took: 0.0000193 seconds
2018-12-07T00:55:51.729-0100: 38774.692: Total time for which application threads were stopped: 0.0000785 seconds, Stopping threads took: 0.0000119 seconds
2018-12-07T00:55:51.729-0100: 38774.692: Total time for which application threads were stopped: 0.0000597 seconds, Stopping threads took: 0.0000092 seconds
2018-12-07T00:55:51.729-0100: 38774.692: Total time for which application threads were stopped: 0.0000533 seconds, Stopping threads took: 0.0000086 seconds
2018-12-07T00:55:51.729-0100: 38774.692: Total time for which application threads were stopped: 0.0000508 seconds, Stopping threads took: 0.0000078 seconds
2018-12-07T00:55:51.729-0100: 38774.692: Total time for which application threads were stopped: 0.0000469 seconds, Stopping threads took: 0.0000066 seconds
2018-12-07T00:55:51.729-0100: 38774.693: Total time for which application threads were stopped: 0.0000505 seconds, Stopping threads took: 0.0000075 seconds
2018-12-07T00:55:51.730-0100: 38774.693: Total time for which application threads were stopped: 0.0000673 seconds, Stopping threads took: 0.0000090 seconds
2018-12-07T00:55:51.730-0100: 38774.693: Total time for which application threads were stopped: 0.0000496 seconds, Stopping threads took: 0.0000075 seconds
2018-12-07T00:55:51.735-0100: 38774.698: Total time for which application threads were stopped: 0.0001240 seconds, Stopping threads took: 0.0000120 seconds
2018-12-07T00:55:51.735-0100: 38774.698: Total time for which application threads were stopped: 0.0000969 seconds, Stopping threads took: 0.0000090 seconds
2018-12-07T00:55:51.735-0100: 38774.698: Total time for which application threads were stopped: 0.0000921 seconds, Stopping threads took: 0.0000097 seconds
2018-12-07T00:55:51.735-0100: 38774.699: Total time for which application threads were stopped: 0.0000864 seconds, Stopping threads took: 0.0000078 seconds
2018-12-07T00:55:51.740-0100: 38774.703: Total time for which application threads were stopped: 0.0001435 seconds, Stopping threads took: 0.0000548 seconds
2018-12-07T00:55:51.741-0100: 38774.704: Total time for which application threads were stopped: 0.0000887 seconds, Stopping threads took: 0.0000116 seconds
2018-12-07T00:55:51.743-0100: 38774.707: Total time for which application threads were stopped: 0.0000480 seconds, Stopping threads took: 0.0000097 seconds
Heap
 par new generation   total 109248K, used 34743K [0x00000007a0000000, 0x00000007a8000000, 0x00000007a8000000)
  eden space 87424K,  25% used [0x00000007a0000000, 0x00000007a1627e60, 0x00000007a5560000)
  from space 21824K,  55% used [0x00000007a6ab0000, 0x00000007a7675e20, 0x00000007a8000000)
  to   space 21824K,   0% used [0x00000007a5560000, 0x00000007a5560000, 0x00000007a6ab0000)
 concurrent mark-sweep generation total 393216K, used 134020K [0x00000007a8000000, 0x00000007c0000000, 0x00000007c0000000)
 Metaspace       used 44364K, capacity 45803K, committed 46048K, reserved 1089536K
  class space    used 5203K, capacity 5565K, committed 5600K, reserved 1048576K
